Archive member included to satisfy reference by file (symbol)

C:/gitrepos/CPET561/DE1_SoC_Demo3/src/SW/nios_software_bsp/\libhal_bsp.a(alt_iic.o)
                              obj/default/int_demo.o (alt_ic_isr_register)
C:/gitrepos/CPET561/DE1_SoC_Demo3/src/SW/nios_software_bsp/\libhal_bsp.a(alt_iic_isr_register.o)
                              C:/gitrepos/CPET561/DE1_SoC_Demo3/src/SW/nios_software_bsp/\libhal_bsp.a(alt_iic.o) (alt_iic_isr_register)
C:/gitrepos/CPET561/DE1_SoC_Demo3/src/SW/nios_software_bsp/\libhal_bsp.a(alt_irq_entry.o)
                              C:/gitrepos/CPET561/DE1_SoC_Demo3/src/SW/nios_software_bsp/\libhal_bsp.a(alt_iic_isr_register.o) (alt_irq_entry)
C:/gitrepos/CPET561/DE1_SoC_Demo3/src/SW/nios_software_bsp/\libhal_bsp.a(alt_irq_handler.o)
                              C:/gitrepos/CPET561/DE1_SoC_Demo3/src/SW/nios_software_bsp/\libhal_bsp.a(alt_iic_isr_register.o) (alt_irq)
C:/gitrepos/CPET561/DE1_SoC_Demo3/src/SW/nios_software_bsp/\libhal_bsp.a(alt_irq_vars.o)
                              C:/gitrepos/CPET561/DE1_SoC_Demo3/src/SW/nios_software_bsp/\libhal_bsp.a(alt_iic.o) (alt_irq_active)
C:/gitrepos/CPET561/DE1_SoC_Demo3/src/SW/nios_software_bsp/\libhal_bsp.a(alt_load.o)
                              C:/gitrepos/CPET561/DE1_SoC_Demo3/src/SW/nios_software_bsp//obj/HAL/src/crt0.o (alt_load)
C:/gitrepos/CPET561/DE1_SoC_Demo3/src/SW/nios_software_bsp/\libhal_bsp.a(alt_main.o)
                              C:/gitrepos/CPET561/DE1_SoC_Demo3/src/SW/nios_software_bsp//obj/HAL/src/crt0.o (alt_main)
C:/gitrepos/CPET561/DE1_SoC_Demo3/src/SW/nios_software_bsp/\libhal_bsp.a(alt_sys_init.o)
                              C:/gitrepos/CPET561/DE1_SoC_Demo3/src/SW/nios_software_bsp/\libhal_bsp.a(alt_main.o) (alt_irq_init)
C:/gitrepos/CPET561/DE1_SoC_Demo3/src/SW/nios_software_bsp/\libhal_bsp.a(altera_avalon_jtag_uart_fd.o)
                              C:/gitrepos/CPET561/DE1_SoC_Demo3/src/SW/nios_software_bsp/\libhal_bsp.a(alt_sys_init.o) (altera_avalon_jtag_uart_read_fd)
C:/gitrepos/CPET561/DE1_SoC_Demo3/src/SW/nios_software_bsp/\libhal_bsp.a(altera_avalon_jtag_uart_init.o)
                              C:/gitrepos/CPET561/DE1_SoC_Demo3/src/SW/nios_software_bsp/\libhal_bsp.a(alt_sys_init.o) (altera_avalon_jtag_uart_init)
C:/gitrepos/CPET561/DE1_SoC_Demo3/src/SW/nios_software_bsp/\libhal_bsp.a(altera_avalon_jtag_uart_ioctl.o)
                              C:/gitrepos/CPET561/DE1_SoC_Demo3/src/SW/nios_software_bsp/\libhal_bsp.a(altera_avalon_jtag_uart_fd.o) (altera_avalon_jtag_uart_ioctl)
C:/gitrepos/CPET561/DE1_SoC_Demo3/src/SW/nios_software_bsp/\libhal_bsp.a(altera_avalon_jtag_uart_read.o)
                              C:/gitrepos/CPET561/DE1_SoC_Demo3/src/SW/nios_software_bsp/\libhal_bsp.a(altera_avalon_jtag_uart_fd.o) (altera_avalon_jtag_uart_read)
C:/gitrepos/CPET561/DE1_SoC_Demo3/src/SW/nios_software_bsp/\libhal_bsp.a(altera_avalon_jtag_uart_write.o)
                              C:/gitrepos/CPET561/DE1_SoC_Demo3/src/SW/nios_software_bsp/\libhal_bsp.a(altera_avalon_jtag_uart_fd.o) (altera_avalon_jtag_uart_write)
C:/gitrepos/CPET561/DE1_SoC_Demo3/src/SW/nios_software_bsp/\libhal_bsp.a(altera_avalon_timer_sc.o)
                              C:/gitrepos/CPET561/DE1_SoC_Demo3/src/SW/nios_software_bsp/\libhal_bsp.a(alt_sys_init.o) (alt_avalon_timer_sc_init)
C:/gitrepos/CPET561/DE1_SoC_Demo3/src/SW/nios_software_bsp/\libhal_bsp.a(alt_alarm_start.o)
                              C:/gitrepos/CPET561/DE1_SoC_Demo3/src/SW/nios_software_bsp/\libhal_bsp.a(altera_avalon_jtag_uart_init.o) (alt_alarm_start)
C:/gitrepos/CPET561/DE1_SoC_Demo3/src/SW/nios_software_bsp/\libhal_bsp.a(alt_close.o)
                              C:/gitrepos/CPET561/DE1_SoC_Demo3/src/SW/nios_software_bsp/\libhal_bsp.a(alt_main.o) (close)
C:/gitrepos/CPET561/DE1_SoC_Demo3/src/SW/nios_software_bsp/\libhal_bsp.a(alt_dcache_flush_all.o)
                              C:/gitrepos/CPET561/DE1_SoC_Demo3/src/SW/nios_software_bsp/\libhal_bsp.a(alt_load.o) (alt_dcache_flush_all)
C:/gitrepos/CPET561/DE1_SoC_Demo3/src/SW/nios_software_bsp/\libhal_bsp.a(alt_dev.o)
                              C:/gitrepos/CPET561/DE1_SoC_Demo3/src/SW/nios_software_bsp/\libhal_bsp.a(alt_sys_init.o) (alt_dev_list)
C:/gitrepos/CPET561/DE1_SoC_Demo3/src/SW/nios_software_bsp/\libhal_bsp.a(alt_dev_llist_insert.o)
                              C:/gitrepos/CPET561/DE1_SoC_Demo3/src/SW/nios_software_bsp/\libhal_bsp.a(alt_sys_init.o) (alt_dev_llist_insert)
C:/gitrepos/CPET561/DE1_SoC_Demo3/src/SW/nios_software_bsp/\libhal_bsp.a(alt_do_ctors.o)
                              C:/gitrepos/CPET561/DE1_SoC_Demo3/src/SW/nios_software_bsp/\libhal_bsp.a(alt_main.o) (_do_ctors)
C:/gitrepos/CPET561/DE1_SoC_Demo3/src/SW/nios_software_bsp/\libhal_bsp.a(alt_do_dtors.o)
                              C:/gitrepos/CPET561/DE1_SoC_Demo3/src/SW/nios_software_bsp/\libhal_bsp.a(alt_main.o) (_do_dtors)
C:/gitrepos/CPET561/DE1_SoC_Demo3/src/SW/nios_software_bsp/\libhal_bsp.a(alt_errno.o)
[...]
Memory Configuration

Name             Origin             Length             Attributes
reset            0x0000000000008000 0x0000000000000020
onchip_memory2_0 0x0000000000008020 0x0000000000007fe0
*default*        0x0000000000000000 0xffffffffffffffff

Linker script and memory map

LOAD C:/gitrepos/CPET561/DE1_SoC_Demo3/src/SW/nios_software_bsp//obj/HAL/src/crt0.o
LOAD obj/default/int_demo.o
LOAD c:/intelfpga_lite/18.1/nios2eds/bin/gnu/h-x86_64-mingw32/bin/../lib/gcc/nios2-elf/5.3.0/../../../../../H-x86_64-mingw32/nios2-elf/lib/mno-hw-mul\libstdc++.a
LOAD c:/intelfpga_lite/18.1/nios2eds/bin/gnu/h-x86_64-mingw32/bin/../lib/gcc/nios2-elf/5.3.0/../../../../../H-x86_64-mingw32/nios2-elf/lib/mno-hw-mul\libm.a
LOAD c:/intelfpga_lite/18.1/nios2eds/bin/gnu/h-x86_64-mingw32/bin/../lib/gcc/nios2-elf/5.3.0/mno-hw-mul\libgcc.a
START GROUP
LOAD c:/intelfpga_lite/18.1/nios2eds/bin/gnu/h-x86_64-mingw32/bin/../lib/gcc/nios2-elf/5.3.0/../../../../../H-x86_64-mingw32/nios2-elf/lib/mno-hw-mul\libc.a
LOAD c:/intelfpga_lite/18.1/nios2eds/bin/gnu/h-x86_64-mingw32/bin/../lib/gcc/nios2-elf/5.3.0/mno-hw-mul\libgcc.a
LOAD C:/gitrepos/CPET561/DE1_SoC_Demo3/src/SW/nios_software_bsp/\libhal_bsp.a
LOAD c:/intelfpga_lite/18.1/nios2eds/bin/gnu/h-x86_64-mingw32/bin/../lib/gcc/nios2-elf/5.3.0/../../../../../H-x86_64-mingw32/nios2-elf/lib/mno-hw-mul\libm.a
END GROUP
LOAD c:/intelfpga_lite/18.1/nios2eds/bin/gnu/h-x86_64-mingw32/bin/../lib/gcc/nios2-elf/5.3.0/mno-hw-mul\libgcc.a
                0x0000000000008000                __alt_mem_onchip_memory2_0 = 0x8000

.entry          0x0000000000008000       0x20
 *(.entry)
 .entry         0x0000000000008000       0x20 C:/gitrepos/CPET561/DE1_SoC_Demo3/src/SW/nios_software_bsp//obj/HAL/src/crt0.o
                0x0000000000008000                __reset

.exceptions     0x0000000000008020      0x210
                0x0000000000008020                PROVIDE (__ram_exceptions_start, ABSOLUTE (.))
                0x0000000000008020                . = ALIGN (0x20)
 *(.irq)
 *(.exceptions.entry.label)
 .exceptions.entry.label
                0x0000000000008020        0x0 C:/gitrepos/CPET561/DE1_SoC_Demo3/src/SW/nios_software_bsp/\libhal_bsp.a(alt_irq_entry.o)
                0x0000000000008020                alt_irq_entry
 .exceptions.entry.label
                0x0000000000008020        0x0 C:/gitrepos/CPET561/DE1_SoC_Demo3/src/SW/nios_software_bsp/\libhal_bsp.a(alt_exception_entry.o)
                0x0000000000008020                alt_exception
 *(.exceptions.entry.user)
 *(.exceptions.entry.ecc_fatal)
 *(.exceptions.entry)
 .exceptions.entry
                0x0000000000008020       0x54 C:/gitrepos/CPET561/DE1_SoC_Demo3/src/SW/nios_software_bsp/\libhal_bsp.a(alt_exception_entry.o)
 *(.exceptions.irqtest.user)
 *(.exceptions.irqtest)
 .exceptions.irqtest
                0x0000000000008074       0x10 C:/gitrepos/CPET561/DE1_SoC_Demo3/src/SW/nios_software_bsp/\libhal_bsp.a(alt_irq_entry.o)
 *(.exceptions.irqhandler.user)
 *(.exceptions.irqhandler)
 .exceptions.irqhandler
                0x0000000000008084        0x4 C:/gitrepos/CPET561/DE1_SoC_Demo3/src/SW/nios_software_bsp/\libhal_bsp.a(alt_irq_entry.o)
 *(.exceptions.irqreturn.user)
 *(.exceptions.irqreturn)
 .exceptions.irqreturn
                0x0000000000008088        0x4 C:/gitrepos/CPET561/DE1_SoC_Demo3/src/SW/nios_software_bsp/\libhal_bsp.a(alt_irq_entry.o)
 *(.exceptions.notirq.label)
 .exceptions.notirq.label
                0x000000000000808c        0x0 C:/gitrepos/CPET561/DE1_SoC_Demo3/src/SW/nios_software_bsp/\libhal_bsp.a(alt_irq_entry.o)
 *(.exceptions.notirq.user)
 *(.exceptions.notirq)
 .exceptions.notirq
                0x000000000000808c        0x8 C:/gitrepos/CPET561/DE1_SoC_Demo3/src/SW/nios_software_bsp/\libhal_bsp.a(alt_exception_entry.o)
 *(.exceptions.soft.user)
 *(.exceptions.soft)
 *(.exceptions.unknown.user)
 *(.exceptions.unknown)
 .exceptions.unknown
                0x0000000000008094       0x14 C:/gitrepos/CPET561/DE1_SoC_Demo3/src/SW/nios_software_bsp/\libhal_bsp.a(alt_exception_entry.o)
 *(.exceptions.exit.label)
 .exceptions.exit.label
                0x00000000000080a8        0x0 C:/gitrepos/CPET561/DE1_SoC_Demo3/src/SW/nios_software_bsp/\libhal_bsp.a(alt_irq_entry.o)
 .exceptions.exit.label
                0x00000000000080a8        0x0 C:/gitrepos/CPET561/DE1_SoC_Demo3/src/SW/nios_software_bsp/\libhal_bsp.a(alt_exception_entry.o)
 *(.exceptions.exit.user)
 *(.exceptions.exit)
 .exceptions.exit
                0x00000000000080a8       0x54 C:/gitrepos/CPET561/DE1_SoC_Demo3/src/SW/nios_software_bsp/\libhal_bsp.a(alt_exception_entry.o)
 *(.exceptions)
 .exceptions    0x00000000000080fc       0xd4 C:/gitrepos/CPET561/DE1_SoC_Demo3/src/SW/nios_software_bsp/\libhal_bsp.a(alt_irq_handler.o)
                0x00000000000080fc                alt_irq_handler
 .exceptions    0x00000000000081d0       0x60 C:/gitrepos/CPET561/DE1_SoC_Demo3/src/SW/nios_software_bsp/\libhal_bsp.a(alt_instruction_exception_entry.o)
                0x00000000000081d0                alt_instruction_exception_entry
                0x0000000000008230                PROVIDE (__ram_exceptions_end, ABSOLUTE (.))
                0x0000000000008020                PROVIDE (__flash_exceptions_start, LOADADDR (.exceptions))

.text           0x0000000000008230     0x23fc
                [!provide]                        PROVIDE (stext, ABSOLUTE (.))
 *(.interp)
 *(.hash)
 *(.dynsym)
 *(.dynstr)
 *(.gnu.version)
 *(.gnu.version_d)
 *(.gnu.version_r)
 *(.rel.init)
 *(.rela.init)
 *(.rel.text .rel.text.* .rel.gnu.linkonce.t.*)
 *(.rela.text .rela.text.* .rela.gnu.linkonce.t.*)
 *(.rel.fini)
 *(.rela.fini)
 *(.rel.rodata .rel.rodata.* .rel.gnu.linkonce.r.*)
 *(.rela.rodata .rela.rodata.* .rela.gnu.linkonce.r.*)
 *(.rel.data .rel.data.* .rel.gnu.linkonce.d.*)
 *(.rela.data .rela.data.* .rela.gnu.linkonce.d.*)
 *(.rel.tdata .rel.tdata.* .rel.gnu.linkonce.td.*)
 *(.rela.tdata .rela.tdata.* .rela.gnu.linkonce.td.*)
 *(.rel.tbss .rel.tbss.* .rel.gnu.linkonce.tb.*)
 *(.rela.tbss .rela.tbss.* .rela.gnu.linkonce.tb.*)
 *(.rel.ctors)
 *(.rela.ctors)
 *(.rel.dtors)
 *(.rela.dtors)
 *(.rel.got)
 *(.rela.got)
 *(.rel.sdata .rel.sdata.* .rel.gnu.linkonce.s.*)
 *(.rela.sdata .rela.sdata.* .rela.gnu.linkonce.s.*)
 *(.rel.sbss .rel.sbss.* .rel.gnu.linkonce.sb.*)
 *(.rela.sbss .rela.sbss.* .rela.gnu.linkonce.sb.*)
 *(.rel.sdata2 .rel.sdata2.* .rel.gnu.linkonce.s2.*)
 *(.rela.sdata2 .rela.sdata2.* .rela.gnu.linkonce.s2.*)
 *(.rel.sbss2 .rel.sbss2.* .rel.gnu.linkonce.sb2.*)
 *(.rela.sbss2 .rela.sbss2.* .rela.gnu.linkonce.sb2.*)
 *(.rel.bss .rel.bss.* .rel.gnu.linkonce.b.*)
 *(.rela.bss .rela.bss.* .rela.gnu.linkonce.b.*)
 *(.rel.plt)
 *(.rela.plt)
 *(.rel.dyn)
 *(.init)
 *(.plt)
 *(.text .stub .text.* .gnu.linkonce.t.*)
 .text          0x0000000000008230       0x3c C:/gitrepos/CPET561/DE1_SoC_Demo3/src/SW/nios_software_bsp//obj/HAL/src/crt0.o
                0x0000000000008230                _start
 .text          0x000000000000826c       0x80 obj/default/int_demo.o
                0x000000000000826c                timer_isr
                0x00000000000082b4                main
 .text          0x00000000000082ec      0x1b0 C:/gitrepos/CPET561/DE1_SoC_Demo3/src/SW/nios_software_bsp/\libhal_bsp.a(alt_iic.o)
                0x00000000000082ec                alt_ic_isr_register
                0x000000000000833c                alt_ic_irq_enable
                0x00000000000083c4                alt_ic_irq_disable
                0x0000000000008450                alt_ic_irq_enabled
 .text          0x000000000000849c       0xf0 C:/gitrepos/CPET561/DE1_SoC_Demo3/src/SW/nios_software_bsp/\libhal_bsp.a(alt_iic_isr_register.o)
                0x000000000000849c                alt_iic_isr_register
 .text          0x000000000000858c        0x0 C:/gitrepos/CPET561/DE1_SoC_Demo3/src/SW/nios_software_bsp/\libhal_bsp.a(alt_irq_entry.o)
 .text          0x000000000000858c        0x0 C:/gitrepos/CPET561/DE1_SoC_Demo3/src/SW/nios_software_bsp/\libhal_bsp.a(alt_irq_handler.o)
 .text          0x000000000000858c        0x0 C:/gitrepos/CPET561/DE1_SoC_Demo3/src/SW/nios_software_bsp/\libhal_bsp.a(alt_irq_vars.o)
 .text          0x000000000000858c       0xec C:/gitrepos/CPET561/DE1_SoC_Demo3/src/SW/nios_software_bsp/\libhal_bsp.a(alt_load.o)
                0x00000000000085f4                alt_load
 .text          0x0000000000008678       0x7c C:/gitrepos/CPET561/DE1_SoC_Demo3/src/SW/nios_software_bsp/\libhal_bsp.a(alt_main.o)
                0x0000000000008678                alt_main
 .text          0x00000000000086f4       0xcc C:/gitrepos/CPET561/DE1_SoC_Demo3/src/SW/nios_software_bsp/\libhal_bsp.a(alt_sys_init.o)
                0x0000000000008728                alt_irq_init
                0x0000000000008760                alt_sys_init
 .text          0x00000000000087c0      0x164 C:/gitrepos/CPET561/DE1_SoC_Demo3/src/SW/nios_software_bsp/\libhal_bsp.a(altera_avalon_jtag_uart_fd.o)
                0x00000000000087c0                altera_avalon_jtag_uart_read_fd
                0x0000000000008820                altera_avalon_jtag_uart_write_fd
                0x0000000000008880                altera_avalon_jtag_uart_close_fd
                0x00000000000088d0                altera_avalon_jtag_uart_ioctl_fd
 .text          0x0000000000008924      0x3d4 C:/gitrepos/CPET561/DE1_SoC_Demo3/src/SW/nios_software_bsp/\libhal_bsp.a(altera_avalon_jtag_uart_init.o)
                0x0000000000008924                altera_avalon_jtag_uart_init
                0x0000000000008c90                altera_avalon_jtag_uart_close
 .text          0x0000000000008cf8       0xf0 C:/gitrepos/CPET561/DE1_SoC_Demo3/src/SW/nios_software_bsp/\libhal_bsp.a(altera_avalon_jtag_uart_ioctl.o)
                0x0000000000008cf8                altera_avalon_jtag_uart_ioctl
 .text          0x0000000000008de8      0x21c C:/gitrepos/CPET561/DE1_SoC_Demo3/src/SW/nios_software_bsp/\libhal_bsp.a(altera_avalon_jtag_uart_read.o)
                0x0000000000008de8                altera_avalon_jtag_uart_read
 .text          0x0000000000009004      0x224 C:/gitrepos/CPET561/DE1_SoC_Demo3/src/SW/nios_software_bsp/\libhal_bsp.a(altera_avalon_jtag_uart_write.o)
                0x0000000000009004                altera_avalon_jtag_uart_write
 .text          0x0000000000009228       0xf4 C:/gitrepos/CPET561/DE1_SoC_Demo3/src/SW/nios_software_bsp/\libhal_bsp.a(altera_avalon_timer_sc.o)
                0x00000000000092a0                alt_avalon_timer_sc_init
 .text          0x000000000000931c      0x12c C:/gitrepos/CPET561/DE1_SoC_Demo3/src/SW/nios_software_bsp/\libhal_bsp.a(alt_alarm_start.o)
                0x000000000000931c                alt_alarm_start
 .text          0x0000000000009448      0x114 C:/gitrepos/CPET561/DE1_SoC_Demo3/src/SW/nios_software_bsp/\libhal_bsp.a(alt_close.o)
                0x0000000000009484                close
 .text          0x000000000000955c       0x20 C:/gitrepos/CPET561/DE1_SoC_Demo3/src/SW/nios_software_bsp/\libhal_bsp.a(alt_dcache_flush_all.o)
                0x000000000000955c                alt_dcache_flush_all
 .text          0x000000000000957c       0x2c C:/gitrepos/CPET561/DE1_SoC_Demo3/src/SW/nios_software_bsp/\libhal_bsp.a(alt_dev.o)
 .text          0x00000000000095a8       0xe0 C:/gitrepos/CPET561/DE1_SoC_Demo3/src/SW/nios_software_bsp/\libhal_bsp.a(alt_dev_llist_insert.o)
                0x00000000000095e4                alt_dev_llist_insert
 .text          0x0000000000009688       0x60 C:/gitrepos/CPET561/DE1_SoC_Demo3/src/SW/nios_software_bsp/\libhal_bsp.a(alt_do_ctors.o)
                0x0000000000009688                _do_ctors
 .text          0x00000000000096e8       0x60 C:/gitrepos/CPET561/DE1_SoC_Demo3/src/SW/nios_software_bsp/\libhal_bsp.a(alt_do_dtors.o)
                0x00000000000096e8                _do_dtors
 .text          0x0000000000009748        0x0 C:/gitrepos/CPET561/DE1_SoC_Demo3/src/SW/nios_software_bsp/\libhal_bsp.a(alt_errno.o)
 .text          0x0000000000009748        0x0 C:/gitrepos/CPET561/DE1_SoC_Demo3/src/SW/nios_software_bsp/\libhal_bsp.a(alt_exception_entry.o)
 .text          0x0000000000009748       0x20 C:/gitrepos/CPET561/DE1_SoC_Demo3/src/SW/nios_software_bsp/\libhal_bsp.a(alt_icache_flush_all.o)
                0x0000000000009748                alt_icache_flush_all
 .text          0x0000000000009768       0x9c C:/gitrepos/CPET561/DE1_SoC_Demo3/src/SW/nios_software_bsp/\libhal_bsp.a(alt_instruction_exception_entry.o)
                0x0000000000009768                alt_exception_cause_generated_bad_addr
 .text          0x0000000000009804      0x160 C:/gitrepos/CPET561/DE1_SoC_Demo3/src/SW/nios_software_bsp/\libhal_bsp.a(alt_io_redirect.o)
                0x00000000000098e8                alt_io_redirect
 .text          0x0000000000009964      0x284 C:/gitrepos/CPET561/DE1_SoC_Demo3/src/SW/nios_software_bsp/\libhal_bsp.a(alt_open.o)
                0x0000000000009a8c                open
 .text          0x0000000000009be8       0x84 C:/gitrepos/CPET561/DE1_SoC_Demo3/src/SW/nios_software_bsp/\libhal_bsp.a(alt_release_fd.o)
                0x0000000000009be8                alt_release_fd
 .text          0x0000000000009c6c      0x1a4 C:/gitrepos/CPET561/DE1_SoC_Demo3/src/SW/nios_software_bsp/\libhal_bsp.a(alt_tick.o)
                0x0000000000009c6c                alt_alarm_stop
                0x0000000000009d08                alt_tick
 .text          0x0000000000009e10       0x24 C:/gitrepos/CPET561/DE1_SoC_Demo3/src/SW/nios_software_bsp/\libhal_bsp.a(altera_nios2_gen2_irq.o)
                0x0000000000009e10                altera_nios2_gen2_irq_init
 .text          0x0000000000009e34       0x90 C:/gitrepos/CPET561/DE1_SoC_Demo3/src/SW/nios_software_bsp/\libhal_bsp.a(alt_find_dev.o)
                0x0000000000009e34                alt_find_dev
 .text          0x0000000000009ec4      0x108 C:/gitrepos/CPET561/DE1_SoC_Demo3/src/SW/nios_software_bsp/\libhal_bsp.a(alt_find_file.o)
                0x0000000000009ec4                alt_find_file
 .text          0x0000000000009fcc       0xc4 C:/gitrepos/CPET561/DE1_SoC_Demo3/src/SW/nios_software_bsp/\libhal_bsp.a(alt_get_fd.o)
                0x0000000000009fcc                alt_get_fd
 .text          0x000000000000a090        0x0 c:/intelfpga_lite/18.1/nios2eds/bin/gnu/h-x86_64-mingw32/bin/../lib/gcc/nios2-elf/5.3.0/../../../../../H-x86_64-mingw32/nios2-elf/lib/mno-hw-mul\libc.a(lib_a-atexit.o)
 .text.atexit   0x000000000000a090       0x14 c:/intelfpga_lite/18.1/nios2eds/bin/gnu/h-x86_64-mingw32/bin/../lib/gcc/nios2-elf/5.3.0/../../../../../H-x86_64-mingw32/nios2-elf/lib/mno-hw-mul\libc.a(lib_a-atexit.o)
                0x000000000000a090                atexit
 .text          0x000000000000a0a4        0x0 c:/intelfpga_lite/18.1/nios2eds/bin/gnu/h-x86_64-mingw32/bin/../lib/gcc/nios2-elf/5.3.0/../../../../../H-x86_64-mingw32/nios2-elf/lib/mno-hw-mul\libc.a(lib_a-exit.o)
 .text.exit     0x000000000000a0a4       0x38 c:/intelfpga_lite/18.1/nios2eds/bin/gnu/h-x86_64-mingw32/bin/../lib/gcc/nios2-elf/5.3.0/../../../../../H-x86_64-mingw32/nios2-elf/lib/mno-hw-mul\libc.a(lib_a-exit.o)
                0x000000000000a0a4                exit
 .text          0x000000000000a0dc        0x0 c:/intelfpga_lite/18.1/nios2eds/bin/gnu/h-x86_64-mingw32/bin/../lib/gcc/nios2-elf/5.3.0/../../../../../H-x86_64-mingw32/nios2-elf/lib/mno-hw-mul\libc.a(lib_a-impure.o)
 .text          0x000000000000a0dc        0x0 c:/intelfpga_lite/18.1/nios2eds/bin/gnu/h-x86_64-mingw32/bin/../lib/gcc/nios2-elf/5.3.0/../../../../../H-x86_64-mingw32/nios2-elf/lib/mno-hw-mul\libc.a(lib_a-int_errno.o)
 .text          0x000000000000a0dc        0x0 c:/intelfpga_lite/18.1/nios2eds/bin/gnu/h-x86_64-mingw32/bin/../lib/gcc/nios2-elf/5.3.0/../../../../../H-x86_64-mingw32/nios2-elf/lib/mno-hw-mul\libc.a(lib_a-memcmp.o)
 .text.memcmp   0x000000000000a0dc       0x7c c:/intelfpga_lite/18.1/nios2eds/bin/gnu/h-x86_64-mingw32/bin/../lib/gcc/nios2-elf/5.3.0/../../../../../H-x86_64-mingw32/nios2-elf/lib/mno-hw-mul\libc.a(lib_a-memcmp.o)
                0x000000000000a0dc                memcmp
 .text          0x000000000000a158        0x0 c:/intelfpga_lite/18.1/nios2eds/bin/gnu/h-x86_64-mingw32/bin/../lib/gcc/nios2-elf/5.3.0/../../../../../H-x86_64-mingw32/nios2-elf/lib/mno-hw-mul\libc.a(lib_a-memcpy.o)
 .text.memcpy   0x000000000000a158      0x148 c:/intelfpga_lite/18.1/nios2eds/bin/gnu/h-x86_64-mingw32/bin/../lib/gcc/nios2-elf/5.3.0/../../../../../H-x86_64-mingw32/nios2-elf/lib/mno-hw-mul\libc.a(lib_a-memcpy.o)
                0x000000000000a158                memcpy
 .text          0x000000000000a2a0        0x0 c:/intelfpga_lite/18.1/nios2eds/bin/gnu/h-x86_64-mingw32/bin/../lib/gcc/nios2-elf/5.3.0/../../../../../H-x86_64-mingw32/nios2-elf/lib/mno-hw-mul\libc.a(lib_a-strlen.o)
 .text.strlen   0x000000000000a2a0       0x98 c:/intelfpga_lite/18.1/nios2eds/bin/gnu/h-x86_64-mingw32/bin/../lib/gcc/nios2-elf/5.3.0/../../../../../H-x86_64-mingw32/nios2-elf/lib/mno-hw-mul\libc.a(lib_a-strlen.o)
                0x000000000000a2a0                strlen
 .text          0x000000000000a338        0x0 c:/intelfpga_lite/18.1/nios2eds/bin/gnu/h-x86_64-mingw32/bin/../lib/gcc/nios2-elf/5.3.0/../../../../../H-x86_64-mingw32/nios2-elf/lib/mno-hw-mul\libc.a(lib_a-__atexit.o)
 .text.__register_exitproc
                0x000000000000a338      0x118 c:/intelfpga_lite/18.1/nios2eds/bin/gnu/h-x86_64-mingw32/bin/../lib/gcc/nios2-elf/5.3.0/../../../../../H-x86_64-mingw32/nios2-elf/lib/mno-hw-mul\libc.a(lib_a-__atexit.o)
                0x000000000000a338                __register_exitproc
 .text          0x000000000000a450        0x0 c:/intelfpga_lite/18.1/nios2eds/bin/gnu/h-x86_64-mingw32/bin/../lib/gcc/nios2-elf/5.3.0/../../../../../H-x86_64-mingw32/nios2-elf/lib/mno-hw-mul\libc.a(lib_a-__call_atexit.o)
 .text.__call_exitprocs
                0x000000000000a450      0x180 c:/intelfpga_lite/18.1/nios2eds/bin/gnu/h-x86_64-mingw32/bin/../lib/gcc/nios2-elf/5.3.0/../../../../../H-x86_64-mingw32/nios2-elf/lib/mno-hw-mul\libc.a(lib_a-__call_atexit.o)
                0x000000000000a450                __call_exitprocs
 .text          0x000000000000a5d0       0x28 c:/intelfpga_lite/18.1/nios2eds/bin/gnu/h-x86_64-mingw32/bin/../lib/gcc/nios2-elf/5.3.0/mno-hw-mul\libgcc.a(lib2-mul.o)
                0x000000000000a5d0                __mulsi3
 .text          0x000000000000a5f8       0x34 C:/gitrepos/CPET561/DE1_SoC_Demo3/src/SW/nios_software_bsp/\libhal_bsp.a(alt_exit.o)
                0x000000000000a5f8                _exit
 *(.gnu.warning.*)
 *(.fini)
                [!provide]                        PROVIDE (__etext, ABSOLUTE (.))
                [!provide]                        PROVIDE (_etext, ABSOLUTE (.))
                [!provide]                        PROVIDE (etext, ABSOLUTE (.))
 *(.eh_frame_hdr)
                0x000000000000a62c                . = ALIGN (0x4)
                [!provide]                        PROVIDE (__preinit_array_start, ABSOLUTE (.))
 *(.preinit_array)
                [!provide]                        PROVIDE (__preinit_array_end, ABSOLUTE (.))
                [!provide]                        PROVIDE (__init_array_start, ABSOLUTE (.))
 *(.init_array)
                [!provide]                        PROVIDE (__init_array_end, ABSOLUTE (.))
                [!provide]                        PROVIDE (__fini_array_start, ABSOLUTE (.))
 *(.fini_array)
                [!provide]                        PROVIDE (__fini_array_end, ABSOLUTE (.))
 *(.eh_frame)
 *(.gcc_except_table .gcc_except_table.*)
 *(.dynamic)
                0x000000000000a62c                PROVIDE (__CTOR_LIST__, ABSOLUTE (.))
 *(.ctors)
 *(SORT(.ctors.*))
                0x000000000000a62c                PROVIDE (__CTOR_END__, ABSOLUTE (.))
                0x000000000000a62c                PROVIDE (__DTOR_LIST__, ABSOLUTE (.))
 *(.dtors)
 *(SORT(.dtors.*))
                0x000000000000a62c                PROVIDE (__DTOR_END__, ABSOLUTE (.))
 *(.jcr)
                0x000000000000a62c                . = ALIGN (0x4)

.rodata         0x000000000000a62c       0x38
                0x000000000000a62c                PROVIDE (__ram_rodata_start, ABSOLUTE (.))
                0x000000000000a62c                . = ALIGN (0x4)
 *(.rodata .rodata.* .gnu.linkonce.r.*)
 .rodata        0x000000000000a62c       0x11 C:/gitrepos/CPET561/DE1_SoC_Demo3/src/SW/nios_software_bsp/\libhal_bsp.a(alt_main.o)
 *fill*         0x000000000000a63d        0x3 
 .rodata        0x000000000000a640       0x11 C:/gitrepos/CPET561/DE1_SoC_Demo3/src/SW/nios_software_bsp/\libhal_bsp.a(alt_sys_init.o)
 *fill*         0x000000000000a651        0x3 
 .rodata        0x000000000000a654        0xa C:/gitrepos/CPET561/DE1_SoC_Demo3/src/SW/nios_software_bsp/\libhal_bsp.a(alt_dev.o)
 *fill*         0x000000000000a65e        0x2 
 .rodata.str1.4
                0x000000000000a660        0x4 c:/intelfpga_lite/18.1/nios2eds/bin/gnu/h-x86_64-mingw32/bin/../lib/gcc/nios2-elf/5.3.0/../../../../../H-x86_64-mingw32/nios2-elf/lib/mno-hw-mul\libc.a(lib_a-impure.o)
                                          0x2 (size before relaxing)
 *(.rodata1)
                0x000000000000a664                . = ALIGN (0x4)
                0x000000000000a664                PROVIDE (__ram_rodata_end, ABSOLUTE (.))
                0x000000000000a62c                PROVIDE (__flash_rodata_start, LOADADDR (.rodata))

.rwdata         0x000000000000a664     0x165c load address 0x000000000000bcc0
                0x000000000000a664                PROVIDE (__ram_rwdata_start, ABSOLUTE (.))
                0x000000000000a664                . = ALIGN (0x4)
 *(.got.plt)
 *(.got)
 *(.data1)
 *(.data .data.* .gnu.linkonce.d.*)
 .data          0x000000000000a664        0x0 C:/gitrepos/CPET561/DE1_SoC_Demo3/src/SW/nios_software_bsp//obj/HAL/src/crt0.o
 .data          0x000000000000a664        0x0 obj/default/int_demo.o
 .data          0x000000000000a664        0x0 C:/gitrepos/CPET561/DE1_SoC_Demo3/src/SW/nios_software_bsp/\libhal_bsp.a(alt_iic.o)
 .data          0x000000000000a664        0x0 C:/gitrepos/CPET561/DE1_SoC_Demo3/src/SW/nios_software_bsp/\libhal_bsp.a(alt_iic_isr_register.o)
 .data          0x000000000000a664        0x0 C:/gitrepos/CPET561/DE1_SoC_Demo3/src/SW/nios_software_bsp/\libhal_bsp.a(alt_irq_entry.o)
 .data          0x000000000000a664        0x0 C:/gitrepos/CPET561/DE1_SoC_Demo3/src/SW/nios_software_bsp/\libhal_bsp.a(alt_irq_handler.o)
 .data          0x000000000000a664        0x0 C:/gitrepos/CPET561/DE1_SoC_Demo3/src/SW/nios_software_bsp/\libhal_bsp.a(alt_irq_vars.o)
 .data          0x000000000000a664        0x0 C:/gitrepos/CPET561/DE1_SoC_Demo3/src/SW/nios_software_bsp/\libhal_bsp.a(alt_load.o)
 .data          0x000000000000a664        0x0 C:/gitrepos/CPET561/DE1_SoC_Demo3/src/SW/nios_software_bsp/\libhal_bsp.a(alt_main.o)
 .data          0x000000000000a664     0x1060 C:/gitrepos/CPET561/DE1_SoC_Demo3/src/SW/nios_software_bsp/\libhal_bsp.a(alt_sys_init.o)
 .data          0x000000000000b6c4        0x0 C:/gitrepos/CPET561/DE1_SoC_Demo3/src/SW/nios_software_bsp/\libhal_bsp.a(altera_avalon_jtag_uart_fd.o)
 .data          0x000000000000b6c4        0x0 C:/gitrepos/CPET561/DE1_SoC_Demo3/src/SW/nios_software_bsp/\libhal_bsp.a(altera_avalon_jtag_uart_init.o)
 .data          0x000000000000b6c4        0x0 C:/gitrepos/CPET561/DE1_SoC_Demo3/src/SW/nios_software_bsp/\libhal_bsp.a(altera_avalon_jtag_uart_ioctl.o)
 .data          0x000000000000b6c4        0x0 C:/gitrepos/CPET561/DE1_SoC_Demo3/src/SW/nios_software_bsp/\libhal_bsp.a(altera_avalon_jtag_uart_read.o)
 .data          0x000000000000b6c4        0x0 C:/gitrepos/CPET561/DE1_SoC_Demo3/src/SW/nios_software_bsp/\libhal_bsp.a(altera_avalon_jtag_uart_write.o)
 .data          0x000000000000b6c4        0x0 C:/gitrepos/CPET561/DE1_SoC_Demo3/src/SW/nios_software_bsp/\libhal_bsp.a(altera_avalon_timer_sc.o)
 .data          0x000000000000b6c4        0x0 C:/gitrepos/CPET561/DE1_SoC_Demo3/src/SW/nios_software_bsp/\libhal_bsp.a(alt_alarm_start.o)
 .data          0x000000000000b6c4        0x0 C:/gitrepos/CPET561/DE1_SoC_Demo3/src/SW/nios_software_bsp/\libhal_bsp.a(alt_close.o)
 .data          0x000000000000b6c4        0x0 C:/gitrepos/CPET561/DE1_SoC_Demo3/src/SW/nios_software_bsp/\libhal_bsp.a(alt_dcache_flush_all.o)
 .data          0x000000000000b6c4      0x1a8 C:/gitrepos/CPET561/DE1_SoC_Demo3/src/SW/nios_software_bsp/\libhal_bsp.a(alt_dev.o)
                0x000000000000b6c4                alt_dev_null
                0x000000000000b6ec                alt_fd_list
 .data          0x000000000000b86c        0x0 C:/gitrepos/CPET561/DE1_SoC_Demo3/src/SW/nios_software_bsp/\libhal_bsp.a(alt_dev_llist_insert.o)
 .data          0x000000000000b86c        0x0 C:/gitrepos/CPET561/DE1_SoC_Demo3/src/SW/nios_software_bsp/\libhal_bsp.a(alt_do_ctors.o)
 .data          0x000000000000b86c        0x0 C:/gitrepos/CPET561/DE1_SoC_Demo3/src/SW/nios_software_bsp/\libhal_bsp.a(alt_do_dtors.o)
 .data          0x000000000000b86c        0x0 C:/gitrepos/CPET561/DE1_SoC_Demo3/src/SW/nios_software_bsp/\libhal_bsp.a(alt_errno.o)
 .data          0x000000000000b86c        0x0 C:/gitrepos/CPET561/DE1_SoC_Demo3/src/SW/nios_software_bsp/\libhal_bsp.a(alt_exception_entry.o)
 .data          0x000000000000b86c        0x0 C:/gitrepos/CPET561/DE1_SoC_Demo3/src/SW/nios_software_bsp/\libhal_bsp.a(alt_icache_flush_all.o)
 .data          0x000000000000b86c        0x0 C:/gitrepos/CPET561/DE1_SoC_Demo3/src/SW/nios_software_bsp/\libhal_bsp.a(alt_instruction_exception_entry.o)
 .data          0x000000000000b86c        0x0 C:/gitrepos/CPET561/DE1_SoC_Demo3/src/SW/nios_software_bsp/\libhal_bsp.a(alt_io_redirect.o)
 .data          0x000000000000b86c        0x0 C:/gitrepos/CPET561/DE1_SoC_Demo3/src/SW/nios_software_bsp/\libhal_bsp.a(alt_open.o)
 .data          0x000000000000b86c        0x0 C:/gitrepos/CPET561/DE1_SoC_Demo3/src/SW/nios_software_bsp/\libhal_bsp.a(alt_release_fd.o)
 .data          0x000000000000b86c        0x0 C:/gitrepos/CPET561/DE1_SoC_Demo3/src/SW/nios_software_bsp/\libhal_bsp.a(alt_tick.o)
 .data          0x000000000000b86c        0x0 C:/gitrepos/CPET561/DE1_SoC_Demo3/src/SW/nios_software_bsp/\libhal_bsp.a(altera_nios2_gen2_irq.o)
 .data          0x000000000000b86c        0x0 C:/gitrepos/CPET561/DE1_SoC_Demo3/src/SW/nios_software_bsp/\libhal_bsp.a(alt_find_dev.o)
 .data          0x000000000000b86c        0x0 C:/gitrepos/CPET561/DE1_SoC_Demo3/src/SW/nios_software_bsp/\libhal_bsp.a(alt_find_file.o)
 .data          0x000000000000b86c        0x0 C:/gitrepos/CPET561/DE1_SoC_Demo3/src/SW/nios_software_bsp/\libhal_bsp.a(alt_get_fd.o)
 .data          0x000000000000b86c        0x0 c:/intelfpga_lite/18.1/nios2eds/bin/gnu/h-x86_64-mingw32/bin/../lib/gcc/nios2-elf/5.3.0/../../../../../H-x86_64-mingw32/nios2-elf/lib/mno-hw-mul\libc.a(lib_a-atexit.o)
 .data          0x000000000000b86c        0x0 c:/intelfpga_lite/18.1/nios2eds/bin/gnu/h-x86_64-mingw32/bin/../lib/gcc/nios2-elf/5.3.0/../../../../../H-x86_64-mingw32/nios2-elf/lib/mno-hw-mul\libc.a(lib_a-exit.o)
 .data          0x000000000000b86c        0x0 c:/intelfpga_lite/18.1/nios2eds/bin/gnu/h-x86_64-mingw32/bin/../lib/gcc/nios2-elf/5.3.0/../../../../../H-x86_64-mingw32/nios2-elf/lib/mno-hw-mul\libc.a(lib_a-impure.o)
 .data.impure_data
                0x000000000000b86c      0x424 c:/intelfpga_lite/18.1/nios2eds/bin/gnu/h-x86_64-mingw32/bin/../lib/gcc/nios2-elf/5.3.0/../../../../../H-x86_64-mingw32/nios2-elf/lib/mno-hw-mul\libc.a(lib_a-impure.o)
 .data          0x000000000000bc90        0x0 c:/intelfpga_lite/18.1/nios2eds/bin/gnu/h-x86_64-mingw32/bin/../lib/gcc/nios2-elf/5.3.0/../../../../../H-x86_64-mingw32/nios2-elf/lib/mno-hw-mul\libc.a(lib_a-int_errno.o)
 .data          0x000000000000bc90        0x0 c:/intelfpga_lite/18.1/nios2eds/bin/gnu/h-x86_64-mingw32/bin/../lib/gcc/nios2-elf/5.3.0/../../../../../H-x86_64-mingw32/nios2-elf/lib/mno-hw-mul\libc.a(lib_a-memcmp.o)
 .data          0x000000000000bc90        0x0 c:/intelfpga_lite/18.1/nios2eds/bin/gnu/h-x86_64-mingw32/bin/../lib/gcc/nios2-elf/5.3.0/../../../../../H-x86_64-mingw32/nios2-elf/lib/mno-hw-mul\libc.a(lib_a-memcpy.o)
 .data          0x000000000000bc90        0x0 c:/intelfpga_lite/18.1/nios2eds/bin/gnu/h-x86_64-mingw32/bin/../lib/gcc/nios2-elf/5.3.0/../../../../../H-x86_64-mingw32/nios2-elf/lib/mno-hw-mul\libc.a(lib_a-strlen.o)
 .data          0x000000000000bc90        0x0 c:/intelfpga_lite/18.1/nios2eds/bin/gnu/h-x86_64-mingw32/bin/../lib/gcc/nios2-elf/5.3.0/../../../../../H-x86_64-mingw32/nios2-elf/lib/mno-hw-mul\libc.a(lib_a-__atexit.o)
 .data          0x000000000000bc90        0x0 c:/intelfpga_lite/18.1/nios2eds/bin/gnu/h-x86_64-mingw32/bin/../lib/gcc/nios2-elf/5.3.0/../../../../../H-x86_64-mingw32/nios2-elf/lib/mno-hw-mul\libc.a(lib_a-__call_atexit.o)
 .data          0x000000000000bc90        0x0 c:/intelfpga_lite/18.1/nios2eds/bin/gnu/h-x86_64-mingw32/bin/../lib/gcc/nios2-elf/5.3.0/mno-hw-mul\libgcc.a(lib2-mul.o)
 .data          0x000000000000bc90        0x0 C:/gitrepos/CPET561/DE1_SoC_Demo3/src/SW/nios_software_bsp/\libhal_bsp.a(alt_exit.o)
                0x0000000000013c90                _gp = ABSOLUTE ((. + 0x8000))
                [!provide]                        PROVIDE (gp, _gp)
 *(.rwdata .rwdata.*)
 *(.sdata .sdata.* .gnu.linkonce.s.*)
 .sdata         0x000000000000bc90        0x4 obj/default/int_demo.o
                0x000000000000bc90                LedPtr
 .sdata         0x000000000000bc94        0x4 C:/gitrepos/CPET561/DE1_SoC_Demo3/src/SW/nios_software_bsp/\libhal_bsp.a(alt_irq_vars.o)
                0x000000000000bc94                alt_priority_mask
 .sdata         0x000000000000bc98       0x14 C:/gitrepos/CPET561/DE1_SoC_Demo3/src/SW/nios_software_bsp/\libhal_bsp.a(alt_dev.o)
                0x000000000000bc98                alt_fs_list
                0x000000000000bca0                alt_dev_list
                0x000000000000bca8                alt_max_fd
 .sdata         0x000000000000bcac        0x4 C:/gitrepos/CPET561/DE1_SoC_Demo3/src/SW/nios_software_bsp/\libhal_bsp.a(alt_errno.o)
                0x000000000000bcac                alt_errno
 .sdata         0x000000000000bcb0        0x8 C:/gitrepos/CPET561/DE1_SoC_Demo3/src/SW/nios_software_bsp/\libhal_bsp.a(alt_tick.o)
                0x000000000000bcb0                alt_alarm_list
 .sdata._global_impure_ptr
                0x000000000000bcb8        0x4 c:/intelfpga_lite/18.1/nios2eds/bin/gnu/h-x86_64-mingw32/bin/../lib/gcc/nios2-elf/5.3.0/../../../../../H-x86_64-mingw32/nios2-elf/lib/mno-hw-mul\libc.a(lib_a-impure.o)
                0x000000000000bcb8                _global_impure_ptr
 .sdata._impure_ptr
                0x000000000000bcbc        0x4 c:/intelfpga_lite/18.1/nios2eds/bin/gnu/h-x86_64-mingw32/bin/../lib/gcc/nios2-elf/5.3.0/../../../../../H-x86_64-mingw32/nios2-elf/lib/mno-hw-mul\libc.a(lib_a-impure.o)
                0x000000000000bcbc                _impure_ptr
 *(.sdata2 .sdata2.* .gnu.linkonce.s2.*)
                0x000000000000bcc0                . = ALIGN (0x4)
                0x000000000000bcc0                _edata = ABSOLUTE (.)
                [!provide]                        PROVIDE (edata, ABSOLUTE (.))
                0x000000000000bcc0                PROVIDE (__ram_rwdata_end, ABSOLUTE (.))
                0x000000000000bcc0                PROVIDE (__flash_rwdata_start, LOADADDR (.rwdata))

.bss            0x000000000000d31c      0x124
                0x000000000000d31c                __bss_start = ABSOLUTE (.)
                [!provide]                        PROVIDE (__sbss_start, ABSOLUTE (.))
                [!provide]                        PROVIDE (___sbss_start, ABSOLUTE (.))
 *(.dynsbss)
 *(.sbss .sbss.* .gnu.linkonce.sb.*)
 .sbss          0x000000000000d31c        0x4 obj/default/int_demo.o
                0x000000000000d31c                TimerPtr
 .sbss          0x000000000000d320        0x4 C:/gitrepos/CPET561/DE1_SoC_Demo3/src/SW/nios_software_bsp/\libhal_bsp.a(alt_irq_vars.o)
                0x000000000000d320                alt_irq_active
 .sbss          0x000000000000d324        0xc C:/gitrepos/CPET561/DE1_SoC_Demo3/src/SW/nios_software_bsp/\libhal_bsp.a(alt_main.o)
                0x000000000000d324                alt_argc
                0x000000000000d328                alt_argv
                0x000000000000d32c                alt_envp
 .sbss          0x000000000000d330        0x4 C:/gitrepos/CPET561/DE1_SoC_Demo3/src/SW/nios_software_bsp/\libhal_bsp.a(alt_instruction_exception_entry.o)
                0x000000000000d330                alt_instruction_exception_handler
 .sbss          0x000000000000d334        0x8 C:/gitrepos/CPET561/DE1_SoC_Demo3/src/SW/nios_software_bsp/\libhal_bsp.a(alt_tick.o)
                0x000000000000d334                _alt_tick_rate
                0x000000000000d338                _alt_nticks
 .sbss          0x000000000000d33c        0x4 c:/intelfpga_lite/18.1/nios2eds/bin/gnu/h-x86_64-mingw32/bin/../lib/gcc/nios2-elf/5.3.0/../../../../../H-x86_64-mingw32/nios2-elf/lib/mno-hw-mul\libc.a(lib_a-int_errno.o)
                0x000000000000d33c                errno
 *(.sbss2 .sbss2.* .gnu.linkonce.sb2.*)
 *(.scommon)
                [!provide]                        PROVIDE (__sbss_end, ABSOLUTE (.))
                [!provide]                        PROVIDE (___sbss_end, ABSOLUTE (.))
 *(.dynbss)
 *(.bss .bss.* .gnu.linkonce.b.*)
 .bss           0x000000000000d340        0x0 C:/gitrepos/CPET561/DE1_SoC_Demo3/src/SW/nios_software_bsp//obj/HAL/src/crt0.o
 .bss           0x000000000000d340        0x0 obj/default/int_demo.o
 .bss           0x000000000000d340        0x0 C:/gitrepos/CPET561/DE1_SoC_Demo3/src/SW/nios_software_bsp/\libhal_bsp.a(alt_iic.o)
 .bss           0x000000000000d340        0x0 C:/gitrepos/CPET561/DE1_SoC_Demo3/src/SW/nios_software_bsp/\libhal_bsp.a(alt_iic_isr_register.o)
 .bss           0x000000000000d340        0x0 C:/gitrepos/CPET561/DE1_SoC_Demo3/src/SW/nios_software_bsp/\libhal_bsp.a(alt_irq_entry.o)
 .bss           0x000000000000d340        0x0 C:/gitrepos/CPET561/DE1_SoC_Demo3/src/SW/nios_software_bsp/\libhal_bsp.a(alt_irq_handler.o)
 .bss           0x000000000000d340        0x0 C:/gitrepos/CPET561/DE1_SoC_Demo3/src/SW/nios_software_bsp/\libhal_bsp.a(alt_irq_vars.o)
 .bss           0x000000000000d340        0x0 C:/gitrepos/CPET561/DE1_SoC_Demo3/src/SW/nios_software_bsp/\libhal_bsp.a(alt_load.o)
 .bss           0x000000000000d340        0x0 C:/gitrepos/CPET561/DE1_SoC_Demo3/src/SW/nios_software_bsp/\libhal_bsp.a(alt_main.o)
 .bss           0x000000000000d340        0x0 C:/gitrepos/CPET561/DE1_SoC_Demo3/src/SW/nios_software_bsp/\libhal_bsp.a(alt_sys_init.o)
 .bss           0x000000000000d340        0x0 C:/gitrepos/CPET561/DE1_SoC_Demo3/src/SW/nios_software_bsp/\libhal_bsp.a(altera_avalon_jtag_uart_fd.o)
 .bss           0x000000000000d340        0x0 C:/gitrepos/CPET561/DE1_SoC_Demo3/src/SW/nios_software_bsp/\libhal_bsp.a(altera_avalon_jtag_uart_init.o)
 .bss           0x000000000000d340        0x0 C:/gitrepos/CPET561/DE1_SoC_Demo3/src/SW/nios_software_bsp/\libhal_bsp.a(altera_avalon_jtag_uart_ioctl.o)
 .bss           0x000000000000d340        0x0 C:/gitrepos/CPET561/DE1_SoC_Demo3/src/SW/nios_software_bsp/\libhal_bsp.a(altera_avalon_jtag_uart_read.o)
 .bss           0x000000000000d340        0x0 C:/gitrepos/CPET561/DE1_SoC_Demo3/src/SW/nios_software_bsp/\libhal_bsp.a(altera_avalon_jtag_uart_write.o)
 .bss           0x000000000000d340        0x0 C:/gitrepos/CPET561/DE1_SoC_Demo3/src/SW/nios_software_bsp/\libhal_bsp.a(altera_avalon_timer_sc.o)
 .bss           0x000000000000d340        0x0 C:/gitrepos/CPET561/DE1_SoC_Demo3/src/SW/nios_software_bsp/\libhal_bsp.a(alt_alarm_start.o)
 .bss           0x000000000000d340        0x0 C:/gitrepos/CPET561/DE1_SoC_Demo3/src/SW/nios_software_bsp/\libhal_bsp.a(alt_close.o)
 .bss           0x000000000000d340        0x0 C:/gitrepos/CPET561/DE1_SoC_Demo3/src/SW/nios_software_bsp/\libhal_bsp.a(alt_dcache_flush_all.o)
 .bss           0x000000000000d340        0x0 C:/gitrepos/CPET561/DE1_SoC_Demo3/src/SW/nios_software_bsp/\libhal_bsp.a(alt_dev.o)
 .bss           0x000000000000d340        0x0 C:/gitrepos/CPET561/DE1_SoC_Demo3/src/SW/nios_software_bsp/\libhal_bsp.a(alt_dev_llist_insert.o)
 .bss           0x000000000000d340        0x0 C:/gitrepos/CPET561/DE1_SoC_Demo3/src/SW/nios_software_bsp/\libhal_bsp.a(alt_do_ctors.o)
 .bss           0x000000000000d340        0x0 C:/gitrepos/CPET561/DE1_SoC_Demo3/src/SW/nios_software_bsp/\libhal_bsp.a(alt_do_dtors.o)
 .bss           0x000000000000d340        0x0 C:/gitrepos/CPET561/DE1_SoC_Demo3/src/SW/nios_software_bsp/\libhal_bsp.a(alt_errno.o)
 .bss           0x000000000000d340        0x0 C:/gitrepos/CPET561/DE1_SoC_Demo3/src/SW/nios_software_bsp/\libhal_bsp.a(alt_exception_entry.o)
 .bss           0x000000000000d340        0x0 C:/gitrepos/CPET561/DE1_SoC_Demo3/src/SW/nios_software_bsp/\libhal_bsp.a(alt_icache_flush_all.o)
 .bss           0x000000000000d340        0x0 C:/gitrepos/CPET561/DE1_SoC_Demo3/src/SW/nios_software_bsp/\libhal_bsp.a(alt_instruction_exception_entry.o)
 .bss           0x000000000000d340        0x0 C:/gitrepos/CPET561/DE1_SoC_Demo3/src/SW/nios_software_bsp/\libhal_bsp.a(alt_io_redirect.o)
 .bss           0x000000000000d340        0x0 C:/gitrepos/CPET561/DE1_SoC_Demo3/src/SW/nios_software_bsp/\libhal_bsp.a(alt_open.o)
 .bss           0x000000000000d340        0x0 C:/gitrepos/CPET561/DE1_SoC_Demo3/src/SW/nios_software_bsp/\libhal_bsp.a(alt_release_fd.o)
 .bss           0x000000000000d340        0x0 C:/gitrepos/CPET561/DE1_SoC_Demo3/src/SW/nios_software_bsp/\libhal_bsp.a(alt_tick.o)
 .bss           0x000000000000d340        0x0 C:/gitrepos/CPET561/DE1_SoC_Demo3/src/SW/nios_software_bsp/\libhal_bsp.a(altera_nios2_gen2_irq.o)
 .bss           0x000000000000d340        0x0 C:/gitrepos/CPET561/DE1_SoC_Demo3/src/SW/nios_software_bsp/\libhal_bsp.a(alt_find_dev.o)
 .bss           0x000000000000d340        0x0 C:/gitrepos/CPET561/DE1_SoC_Demo3/src/SW/nios_software_bsp/\libhal_bsp.a(alt_find_file.o)
 .bss           0x000000000000d340        0x0 C:/gitrepos/CPET561/DE1_SoC_Demo3/src/SW/nios_software_bsp/\libhal_bsp.a(alt_get_fd.o)
 .bss           0x000000000000d340        0x0 c:/intelfpga_lite/18.1/nios2eds/bin/gnu/h-x86_64-mingw32/bin/../lib/gcc/nios2-elf/5.3.0/../../../../../H-x86_64-mingw32/nios2-elf/lib/mno-hw-mul\libc.a(lib_a-atexit.o)
 .bss           0x000000000000d340        0x0 c:/intelfpga_lite/18.1/nios2eds/bin/gnu/h-x86_64-mingw32/bin/../lib/gcc/nios2-elf/5.3.0/../../../../../H-x86_64-mingw32/nios2-elf/lib/mno-hw-mul\libc.a(lib_a-exit.o)
 .bss           0x000000000000d340        0x0 c:/intelfpga_lite/18.1/nios2eds/bin/gnu/h-x86_64-mingw32/bin/../lib/gcc/nios2-elf/5.3.0/../../../../../H-x86_64-mingw32/nios2-elf/lib/mno-hw-mul\libc.a(lib_a-impure.o)
 .bss           0x000000000000d340        0x0 c:/intelfpga_lite/18.1/nios2eds/bin/gnu/h-x86_64-mingw32/bin/../lib/gcc/nios2-elf/5.3.0/../../../../../H-x86_64-mingw32/nios2-elf/lib/mno-hw-mul\libc.a(lib_a-int_errno.o)
 .bss           0x000000000000d340        0x0 c:/intelfpga_lite/18.1/nios2eds/bin/gnu/h-x86_64-mingw32/bin/../lib/gcc/nios2-elf/5.3.0/../../../../../H-x86_64-mingw32/nios2-elf/lib/mno-hw-mul\libc.a(lib_a-memcmp.o)
 .bss           0x000000000000d340        0x0 c:/intelfpga_lite/18.1/nios2eds/bin/gnu/h-x86_64-mingw32/bin/../lib/gcc/nios2-elf/5.3.0/../../../../../H-x86_64-mingw32/nios2-elf/lib/mno-hw-mul\libc.a(lib_a-memcpy.o)
 .bss           0x000000000000d340        0x0 c:/intelfpga_lite/18.1/nios2eds/bin/gnu/h-x86_64-mingw32/bin/../lib/gcc/nios2-elf/5.3.0/../../../../../H-x86_64-mingw32/nios2-elf/lib/mno-hw-mul\libc.a(lib_a-strlen.o)
 .bss           0x000000000000d340        0x0 c:/intelfpga_lite/18.1/nios2eds/bin/gnu/h-x86_64-mingw32/bin/../lib/gcc/nios2-elf/5.3.0/../../../../../H-x86_64-mingw32/nios2-elf/lib/mno-hw-mul\libc.a(lib_a-__atexit.o)
 .bss           0x000000000000d340        0x0 c:/intelfpga_lite/18.1/nios2eds/bin/gnu/h-x86_64-mingw32/bin/../lib/gcc/nios2-elf/5.3.0/../../../../../H-x86_64-mingw32/nios2-elf/lib/mno-hw-mul\libc.a(lib_a-__call_atexit.o)
 .bss           0x000000000000d340        0x0 c:/intelfpga_lite/18.1/nios2eds/bin/gnu/h-x86_64-mingw32/bin/../lib/gcc/nios2-elf/5.3.0/mno-hw-mul\libgcc.a(lib2-mul.o)
 .bss           0x000000000000d340        0x0 C:/gitrepos/CPET561/DE1_SoC_Demo3/src/SW/nios_software_bsp/\libhal_bsp.a(alt_exit.o)
 *(COMMON)
 COMMON         0x000000000000d340      0x100 C:/gitrepos/CPET561/DE1_SoC_Demo3/src/SW/nios_software_bsp/\libhal_bsp.a(alt_irq_handler.o)
                0x000000000000d340                alt_irq
                0x000000000000d440                . = ALIGN (0x4)
                0x000000000000d440                __bss_end = ABSOLUTE (.)

.onchip_memory2_0
                0x000000000000d440        0x0
                [!provide]                        PROVIDE (_alt_partition_onchip_memory2_0_start, ABSOLUTE (.))
 *(.onchip_memory2_0 .onchip_memory2_0. onchip_memory2_0.*)
                0x000000000000d440                . = ALIGN (0x4)
                [!provide]                        PROVIDE (_alt_partition_onchip_memory2_0_end, ABSOLUTE (.))
                0x000000000000d440                _end = ABSOLUTE (.)
                0x000000000000d440                end = ABSOLUTE (.)
                0x000000000000d440                __alt_stack_base = ABSOLUTE (.)
                [!provide]                        PROVIDE (_alt_partition_onchip_memory2_0_load_addr, LOADADDR (.onchip_memory2_0))

.stab
 *(.stab)

.stabstr
 *(.stabstr)

.stab.excl
 *(.stab.excl)

.stab.exclstr
 *(.stab.exclstr)

.stab.index
 *(.stab.index)

.stab.indexstr
 *(.stab.indexstr)

.comment        0x0000000000000000       0x23
 *(.comment)
 .comment       0x0000000000000000       0x23 obj/default/int_demo.o
                                         0x24 (size before relaxing)
 .comment       0x0000000000000023       0x24 C:/gitrepos/CPET561/DE1_SoC_Demo3/src/SW/nios_software_bsp/\libhal_bsp.a(alt_iic.o)
 .comment       0x0000000000000023       0x24 C:/gitrepos/CPET561/DE1_SoC_Demo3/src/SW/nios_software_bsp/\libhal_bsp.a(alt_iic_isr_register.o)
 .comment       0x0000000000000023       0x24 C:/gitrepos/CPET561/DE1_SoC_Demo3/src/SW/nios_software_bsp/\libhal_bsp.a(alt_irq_handler.o)
 .comment       0x0000000000000023       0x24 C:/gitrepos/CPET561/DE1_SoC_Demo3/src/SW/nios_software_bsp/\libhal_bsp.a(alt_irq_vars.o)
 .comment       0x0000000000000023       0x24 C:/gitrepos/CPET561/DE1_SoC_Demo3/src/SW/nios_software_bsp/\libhal_bsp.a(alt_load.o)
 .comment       0x0000000000000023       0x24 C:/gitrepos/CPET561/DE1_SoC_Demo3/src/SW/nios_software_bsp/\libhal_bsp.a(alt_main.o)
 .comment       0x0000000000000023       0x24 C:/gitrepos/CPET561/DE1_SoC_Demo3/src/SW/nios_software_bsp/\libhal_bsp.a(alt_sys_init.o)
 .comment       0x0000000000000023       0x24 C:/gitrepos/CPET561/DE1_SoC_Demo3/src/SW/nios_software_bsp/\libhal_bsp.a(altera_avalon_jtag_uart_fd.o)
 .comment       0x0000000000000023       0x24 C:/gitrepos/CPET561/DE1_SoC_Demo3/src/SW/nios_software_bsp/\libhal_bsp.a(altera_avalon_jtag_uart_init.o)
 .comment       0x0000000000000023       0x24 C:/gitrepos/CPET561/DE1_SoC_Demo3/src/SW/nios_software_bsp/\libhal_bsp.a(altera_avalon_jtag_uart_ioctl.o)
 .comment       0x0000000000000023       0x24 C:/gitrepos/CPET561/DE1_SoC_Demo3/src/SW/nios_software_bsp/\libhal_bsp.a(altera_avalon_jtag_uart_read.o)
 .comment       0x0000000000000023       0x24 C:/gitrepos/CPET561/DE1_SoC_Demo3/src/SW/nios_software_bsp/\libhal_bsp.a(altera_avalon_jtag_uart_write.o)
 .comment       0x0000000000000023       0x24 C:/gitrepos/CPET561/DE1_SoC_Demo3/src/SW/nios_software_bsp/\libhal_bsp.a(altera_avalon_timer_sc.o)
 .comment       0x0000000000000023       0x24 C:/gitrepos/CPET561/DE1_SoC_Demo3/src/SW/nios_software_bsp/\libhal_bsp.a(alt_alarm_start.o)
 .comment       0x0000000000000023       0x24 C:/gitrepos/CPET561/DE1_SoC_Demo3/src/SW/nios_software_bsp/\libhal_bsp.a(alt_close.o)
 .comment       0x0000000000000023       0x24 C:/gitrepos/CPET561/DE1_SoC_Demo3/src/SW/nios_software_bsp/\libhal_bsp.a(alt_dcache_flush_all.o)
 .comment       0x0000000000000023       0x24 C:/gitrepos/CPET561/DE1_SoC_Demo3/src/SW/nios_software_bsp/\libhal_bsp.a(alt_dev.o)
 .comment       0x0000000000000023       0x24 C:/gitrepos/CPET561/DE1_SoC_Demo3/src/SW/nios_software_bsp/\libhal_bsp.a(alt_dev_llist_insert.o)
 .comment       0x0000000000000023       0x24 C:/gitrepos/CPET561/DE1_SoC_Demo3/src/SW/nios_software_bsp/\libhal_bsp.a(alt_do_ctors.o)
 .comment       0x0000000000000023       0x24 C:/gitrepos/CPET561/DE1_SoC_Demo3/src/SW/nios_software_bsp/\libhal_bsp.a(alt_do_dtors.o)
 .comment       0x0000000000000023       0x24 C:/gitrepos/CPET561/DE1_SoC_Demo3/src/SW/nios_software_bsp/\libhal_bsp.a(alt_errno.o)
 .comment       0x0000000000000023       0x24 C:/gitrepos/CPET561/DE1_SoC_Demo3/src/SW/nios_software_bsp/\libhal_bsp.a(alt_icache_flush_all.o)
 .comment       0x0000000000000023       0x24 C:/gitrepos/CPET561/DE1_SoC_Demo3/src/SW/nios_software_bsp/\libhal_bsp.a(alt_instruction_exception_entry.o)
 .comment       0x0000000000000023       0x24 C:/gitrepos/CPET561/DE1_SoC_Demo3/src/SW/nios_software_bsp/\libhal_bsp.a(alt_io_redirect.o)
 .comment       0x0000000000000023       0x24 C:/gitrepos/CPET561/DE1_SoC_Demo3/src/SW/nios_software_bsp/\libhal_bsp.a(alt_open.o)
 .comment       0x0000000000000023       0x24 C:/gitrepos/CPET561/DE1_SoC_Demo3/src/SW/nios_software_bsp/\libhal_bsp.a(alt_release_fd.o)
 .comment       0x0000000000000023       0x24 C:/gitrepos/CPET561/DE1_SoC_Demo3/src/SW/nios_software_bsp/\libhal_bsp.a(alt_tick.o)
 .comment       0x0000000000000023       0x24 C:/gitrepos/CPET561/DE1_SoC_Demo3/src/SW/nios_software_bsp/\libhal_bsp.a(altera_nios2_gen2_irq.o)
 .comment       0x0000000000000023       0x24 C:/gitrepos/CPET561/DE1_SoC_Demo3/src/SW/nios_software_bsp/\libhal_bsp.a(alt_find_dev.o)
 .comment       0x0000000000000023       0x24 C:/gitrepos/CPET561/DE1_SoC_Demo3/src/SW/nios_software_bsp/\libhal_bsp.a(alt_find_file.o)
 .comment       0x0000000000000023       0x24 C:/gitrepos/CPET561/DE1_SoC_Demo3/src/SW/nios_software_bsp/\libhal_bsp.a(alt_get_fd.o)
 .comment       0x0000000000000023       0x24 c:/intelfpga_lite/18.1/nios2eds/bin/gnu/h-x86_64-mingw32/bin/../lib/gcc/nios2-elf/5.3.0/../../../../../H-x86_64-mingw32/nios2-elf/lib/mno-hw-mul\libc.a(lib_a-atexit.o)
 .comment       0x0000000000000023       0x24 c:/intelfpga_lite/18.1/nios2eds/bin/gnu/h-x86_64-mingw32/bin/../lib/gcc/nios2-elf/5.3.0/../../../../../H-x86_64-mingw32/nios2-elf/lib/mno-hw-mul\libc.a(lib_a-exit.o)
 .comment       0x0000000000000023       0x24 c:/intelfpga_lite/18.1/nios2eds/bin/gnu/h-x86_64-mingw32/bin/../lib/gcc/nios2-elf/5.3.0/../../../../../H-x86_64-mingw32/nios2-elf/lib/mno-hw-mul\libc.a(lib_a-impure.o)
 .comment       0x0000000000000023       0x24 c:/intelfpga_lite/18.1/nios2eds/bin/gnu/h-x86_64-mingw32/bin/../lib/gcc/nios2-elf/5.3.0/../../../../../H-x86_64-mingw32/nios2-elf/lib/mno-hw-mul\libc.a(lib_a-int_errno.o)
 .comment       0x0000000000000023       0x24 c:/intelfpga_lite/18.1/nios2eds/bin/gnu/h-x86_64-mingw32/bin/../lib/gcc/nios2-elf/5.3.0/../../../../../H-x86_64-mingw32/nios2-elf/lib/mno-hw-mul\libc.a(lib_a-memcmp.o)
 .comment       0x0000000000000023       0x24 c:/intelfpga_lite/18.1/nios2eds/bin/gnu/h-x86_64-mingw32/bin/../lib/gcc/nios2-elf/5.3.0/../../../../../H-x86_64-mingw32/nios2-elf/lib/mno-hw-mul\libc.a(lib_a-memcpy.o)
 .comment       0x0000000000000023       0x24 c:/intelfpga_lite/18.1/nios2eds/bin/gnu/h-x86_64-mingw32/bin/../lib/gcc/nios2-elf/5.3.0/../../../../../H-x86_64-mingw32/nios2-elf/lib/mno-hw-mul\libc.a(lib_a-strlen.o)
 .comment       0x0000000000000023       0x24 c:/intelfpga_lite/18.1/nios2eds/bin/gnu/h-x86_64-mingw32/bin/../lib/gcc/nios2-elf/5.3.0/../../../../../H-x86_64-mingw32/nios2-elf/lib/mno-hw-mul\libc.a(lib_a-__atexit.o)
 .comment       0x0000000000000023       0x24 c:/intelfpga_lite/18.1/nios2eds/bin/gnu/h-x86_64-mingw32/bin/../lib/gcc/nios2-elf/5.3.0/../../../../../H-x86_64-mingw32/nios2-elf/lib/mno-hw-mul\libc.a(lib_a-__call_atexit.o)
 .comment       0x0000000000000023       0x24 c:/intelfpga_lite/18.1/nios2eds/bin/gnu/h-x86_64-mingw32/bin/../lib/gcc/nios2-elf/5.3.0/mno-hw-mul\libgcc.a(lib2-mul.o)
 .comment       0x0000000000000023       0x24 C:/gitrepos/CPET561/DE1_SoC_Demo3/src/SW/nios_software_bsp/\libhal_bsp.a(alt_exit.o)

.debug
 *(.debug)

.line
 *(.line)

.debug_srcinfo
 *(.debug_srcinfo)

.debug_sfnames
 *(.debug_sfnames)

.debug_aranges  0x0000000000000000      0x5d8
 *(.debug_aranges)
 .debug_aranges
                0x0000000000000000       0x28 C:/gitrepos/CPET561/DE1_SoC_Demo3/src/SW/nios_software_bsp//obj/HAL/src/crt0.o
 .debug_aranges
                0x0000000000000028       0x20 obj/default/int_demo.o
 .debug_aranges
                0x0000000000000048       0x20 C:/gitrepos/CPET561/DE1_SoC_Demo3/src/SW/nios_software_bsp/\libhal_bsp.a(alt_iic.o)
 .debug_aranges
                0x0000000000000068       0x20 C:/gitrepos/CPET561/DE1_SoC_Demo3/src/SW/nios_software_bsp/\libhal_bsp.a(alt_iic_isr_register.o)
 .debug_aranges
                0x0000000000000088       0x30 C:/gitrepos/CPET561/DE1_SoC_Demo3/src/SW/nios_software_bsp/\libhal_bsp.a(alt_irq_entry.o)
 .debug_aranges
                0x00000000000000b8       0x20 C:/gitrepos/CPET561/DE1_SoC_Demo3/src/SW/nios_software_bsp/\libhal_bsp.a(alt_irq_handler.o)
 .debug_aranges
                0x00000000000000d8       0x18 C:/gitrepos/CPET561/DE1_SoC_Demo3/src/SW/nios_software_bsp/\libhal_bsp.a(alt_irq_vars.o)
 .debug_aranges
                0x00000000000000f0       0x20 C:/gitrepos/CPET561/DE1_SoC_Demo3/src/SW/nios_software_bsp/\libhal_bsp.a(alt_load.o)
 .debug_aranges
                0x0000000000000110       0x20 C:/gitrepos/CPET561/DE1_SoC_Demo3/src/SW/nios_software_bsp/\libhal_bsp.a(alt_main.o)
 .debug_aranges
                0x0000000000000130       0x20 C:/gitrepos/CPET561/DE1_SoC_Demo3/src/SW/nios_software_bsp/\libhal_bsp.a(alt_sys_init.o)
 .debug_aranges
                0x0000000000000150       0x20 C:/gitrepos/CPET561/DE1_SoC_Demo3/src/SW/nios_software_bsp/\libhal_bsp.a(altera_avalon_jtag_uart_fd.o)
 .debug_aranges
                0x0000000000000170       0x20 C:/gitrepos/CPET561/DE1_SoC_Demo3/src/SW/nios_software_bsp/\libhal_bsp.a(altera_avalon_jtag_uart_init.o)
 .debug_aranges
                0x0000000000000190       0x20 C:/gitrepos/CPET561/DE1_SoC_Demo3/src/SW/nios_software_bsp/\libhal_bsp.a(altera_avalon_jtag_uart_ioctl.o)
 .debug_aranges
                0x00000000000001b0       0x20 C:/gitrepos/CPET561/DE1_SoC_Demo3/src/SW/nios_software_bsp/\libhal_bsp.a(altera_avalon_jtag_uart_read.o)
 .debug_aranges
                0x00000000000001d0       0x20 C:/gitrepos/CPET561/DE1_SoC_Demo3/src/SW/nios_software_bsp/\libhal_bsp.a(altera_avalon_jtag_uart_write.o)
 .debug_aranges
                0x00000000000001f0       0x20 C:/gitrepos/CPET561/DE1_SoC_Demo3/src/SW/nios_software_bsp/\libhal_bsp.a(altera_avalon_timer_sc.o)
 .debug_aranges
                0x0000000000000210       0x20 C:/gitrepos/CPET561/DE1_SoC_Demo3/src/SW/nios_software_bsp/\libhal_bsp.a(alt_alarm_start.o)
 .debug_aranges
                0x0000000000000230       0x20 C:/gitrepos/CPET561/DE1_SoC_Demo3/src/SW/nios_software_bsp/\libhal_bsp.a(alt_close.o)
 .debug_aranges
                0x0000000000000250       0x20 C:/gitrepos/CPET561/DE1_SoC_Demo3/src/SW/nios_software_bsp/\libhal_bsp.a(alt_dcache_flush_all.o)
 .debug_aranges
                0x0000000000000270       0x20 C:/gitrepos/CPET561/DE1_SoC_Demo3/src/SW/nios_software_bsp/\libhal_bsp.a(alt_dev.o)
 .debug_aranges
                0x0000000000000290       0x20 C:/gitrepos/CPET561/DE1_SoC_Demo3/src/SW/nios_software_bsp/\libhal_bsp.a(alt_dev_llist_insert.o)
 .debug_aranges
                0x00000000000002b0       0x20 C:/gitrepos/CPET561/DE1_SoC_Demo3/src/SW/nios_software_bsp/\libhal_bsp.a(alt_do_ctors.o)
 .debug_aranges
                0x00000000000002d0       0x20 C:/gitrepos/CPET561/DE1_SoC_Demo3/src/SW/nios_software_bsp/\libhal_bsp.a(alt_do_dtors.o)
 .debug_aranges
                0x00000000000002f0       0x18 C:/gitrepos/CPET561/DE1_SoC_Demo3/src/SW/nios_software_bsp/\libhal_bsp.a(alt_errno.o)
 .debug_aranges
                0x0000000000000308       0x38 C:/gitrepos/CPET561/DE1_SoC_Demo3/src/SW/nios_software_bsp/\libhal_bsp.a(alt_exception_entry.o)
 .debug_aranges
                0x0000000000000340       0x20 C:/gitrepos/CPET561/DE1_SoC_Demo3/src/SW/nios_software_bsp/\libhal_bsp.a(alt_icache_flush_all.o)
 .debug_aranges
                0x0000000000000360       0x28 C:/gitrepos/CPET561/DE1_SoC_Demo3/src/SW/nios_software_bsp/\libhal_bsp.a(alt_instruction_exception_entry.o)
 .debug_aranges
                0x0000000000000388       0x20 C:/gitrepos/CPET561/DE1_SoC_Demo3/src/SW/nios_software_bsp/\libhal_bsp.a(alt_io_redirect.o)
 .debug_aranges
                0x00000000000003a8       0x20 C:/gitrepos/CPET561/DE1_SoC_Demo3/src/SW/nios_software_bsp/\libhal_bsp.a(alt_open.o)
 .debug_aranges
                0x00000000000003c8       0x20 C:/gitrepos/CPET561/DE1_SoC_Demo3/src/SW/nios_software_bsp/\libhal_bsp.a(alt_release_fd.o)
 .debug_aranges
                0x00000000000003e8       0x20 C:/gitrepos/CPET561/DE1_SoC_Demo3/src/SW/nios_software_bsp/\libhal_bsp.a(alt_tick.o)
 .debug_aranges
                0x0000000000000408       0x20 C:/gitrepos/CPET561/DE1_SoC_Demo3/src/SW/nios_software_bsp/\libhal_bsp.a(altera_nios2_gen2_irq.o)
 .debug_aranges
                0x0000000000000428       0x20 C:/gitrepos/CPET561/DE1_SoC_Demo3/src/SW/nios_software_bsp/\libhal_bsp.a(alt_find_dev.o)
 .debug_aranges
                0x0000000000000448       0x20 C:/gitrepos/CPET561/DE1_SoC_Demo3/src/SW/nios_software_bsp/\libhal_bsp.a(alt_find_file.o)
 .debug_aranges
                0x0000000000000468       0x20 C:/gitrepos/CPET561/DE1_SoC_Demo3/src/SW/nios_software_bsp/\libhal_bsp.a(alt_get_fd.o)
 .debug_aranges
                0x0000000000000488       0x20 c:/intelfpga_lite/18.1/nios2eds/bin/gnu/h-x86_64-mingw32/bin/../lib/gcc/nios2-elf/5.3.0/../../../../../H-x86_64-mingw32/nios2-elf/lib/mno-hw-mul\libc.a(lib_a-atexit.o)
 .debug_aranges
                0x00000000000004a8       0x20 c:/intelfpga_lite/18.1/nios2eds/bin/gnu/h-x86_64-mingw32/bin/../lib/gcc/nios2-elf/5.3.0/../../../../../H-x86_64-mingw32/nios2-elf/lib/mno-hw-mul\libc.a(lib_a-exit.o)
 .debug_aranges
                0x00000000000004c8       0x18 c:/intelfpga_lite/18.1/nios2eds/bin/gnu/h-x86_64-mingw32/bin/../lib/gcc/nios2-elf/5.3.0/../../../../../H-x86_64-mingw32/nios2-elf/lib/mno-hw-mul\libc.a(lib_a-impure.o)
 .debug_aranges
                0x00000000000004e0       0x18 c:/intelfpga_lite/18.1/nios2eds/bin/gnu/h-x86_64-mingw32/bin/../lib/gcc/nios2-elf/5.3.0/../../../../../H-x86_64-mingw32/nios2-elf/lib/mno-hw-mul\libc.a(lib_a-int_errno.o)
 .debug_aranges
                0x00000000000004f8       0x20 c:/intelfpga_lite/18.1/nios2eds/bin/gnu/h-x86_64-mingw32/bin/../lib/gcc/nios2-elf/5.3.0/../../../../../H-x86_64-mingw32/nios2-elf/lib/mno-hw-mul\libc.a(lib_a-memcmp.o)
 .debug_aranges
                0x0000000000000518       0x20 c:/intelfpga_lite/18.1/nios2eds/bin/gnu/h-x86_64-mingw32/bin/../lib/gcc/nios2-elf/5.3.0/../../../../../H-x86_64-mingw32/nios2-elf/lib/mno-hw-mul\libc.a(lib_a-memcpy.o)
 .debug_aranges
                0x0000000000000538       0x20 c:/intelfpga_lite/18.1/nios2eds/bin/gnu/h-x86_64-mingw32/bin/../lib/gcc/nios2-elf/5.3.0/../../../../../H-x86_64-mingw32/nios2-elf/lib/mno-hw-mul\libc.a(lib_a-strlen.o)
 .debug_aranges
                0x0000000000000558       0x20 c:/intelfpga_lite/18.1/nios2eds/bin/gnu/h-x86_64-mingw32/bin/../lib/gcc/nios2-elf/5.3.0/../../../../../H-x86_64-mingw32/nios2-elf/lib/mno-hw-mul\libc.a(lib_a-__atexit.o)
 .debug_aranges
                0x0000000000000578       0x20 c:/intelfpga_lite/18.1/nios2eds/bin/gnu/h-x86_64-mingw32/bin/../lib/gcc/nios2-elf/5.3.0/../../../../../H-x86_64-mingw32/nios2-elf/lib/mno-hw-mul\libc.a(lib_a-__call_atexit.o)
 .debug_aranges
                0x0000000000000598       0x20 c:/intelfpga_lite/18.1/nios2eds/bin/gnu/h-x86_64-mingw32/bin/../lib/gcc/nios2-elf/5.3.0/mno-hw-mul\libgcc.a(lib2-mul.o)
 .debug_aranges
                0x00000000000005b8       0x20 C:/gitrepos/CPET561/DE1_SoC_Demo3/src/SW/nios_software_bsp/\libhal_bsp.a(alt_exit.o)

.debug_pubnames
 *(.debug_pubnames)

.debug_info     0x0000000000000000     0x77cf
 *(.debug_info .gnu.linkonce.wi.*)
 .debug_info    0x0000000000000000       0x6f C:/gitrepos/CPET561/DE1_SoC_Demo3/src/SW/nios_software_bsp//obj/HAL/src/crt0.o
 .debug_info    0x000000000000006f      0x14b obj/default/int_demo.o
 .debug_info    0x00000000000001ba      0x350 C:/gitrepos/CPET561/DE1_SoC_Demo3/src/SW/nios_software_bsp/\libhal_bsp.a(alt_iic.o)
 .debug_info    0x000000000000050a      0x1ef C:/gitrepos/CPET561/DE1_SoC_Demo3/src/SW/nios_software_bsp/\libhal_bsp.a(alt_iic_isr_register.o)
 .debug_info    0x00000000000006f9       0x78 C:/gitrepos/CPET561/DE1_SoC_Demo3/src/SW/nios_software_bsp/\libhal_bsp.a(alt_irq_entry.o)
 .debug_info    0x0000000000000771      0x187 C:/gitrepos/CPET561/DE1_SoC_Demo3/src/SW/nios_software_bsp/\libhal_bsp.a(alt_irq_handler.o)
 .debug_info    0x00000000000008f8       0x88 C:/gitrepos/CPET561/DE1_SoC_Demo3/src/SW/nios_software_bsp/\libhal_bsp.a(alt_irq_vars.o)
 .debug_info    0x0000000000000980      0x145 C:/gitrepos/CPET561/DE1_SoC_Demo3/src/SW/nios_software_bsp/\libhal_bsp.a(alt_load.o)
 .debug_info    0x0000000000000ac5      0x131 C:/gitrepos/CPET561/DE1_SoC_Demo3/src/SW/nios_software_bsp/\libhal_bsp.a(alt_main.o)
 .debug_info    0x0000000000000bf6      0x4d9 C:/gitrepos/CPET561/DE1_SoC_Demo3/src/SW/nios_software_bsp/\libhal_bsp.a(alt_sys_init.o)
 .debug_info    0x00000000000010cf      0x52e C:/gitrepos/CPET561/DE1_SoC_Demo3/src/SW/nios_software_bsp/\libhal_bsp.a(altera_avalon_jtag_uart_fd.o)
 .debug_info    0x00000000000015fd      0x3a0 C:/gitrepos/CPET561/DE1_SoC_Demo3/src/SW/nios_software_bsp/\libhal_bsp.a(altera_avalon_jtag_uart_init.o)
 .debug_info    0x000000000000199d      0x280 C:/gitrepos/CPET561/DE1_SoC_Demo3/src/SW/nios_software_bsp/\libhal_bsp.a(altera_avalon_jtag_uart_ioctl.o)
 .debug_info    0x0000000000001c1d      0x345 C:/gitrepos/CPET561/DE1_SoC_Demo3/src/SW/nios_software_bsp/\libhal_bsp.a(altera_avalon_jtag_uart_read.o)
 .debug_info    0x0000000000001f62      0x340 C:/gitrepos/CPET561/DE1_SoC_Demo3/src/SW/nios_software_bsp/\libhal_bsp.a(altera_avalon_jtag_uart_write.o)
 .debug_info    0x00000000000022a2      0x226 C:/gitrepos/CPET561/DE1_SoC_Demo3/src/SW/nios_software_bsp/\libhal_bsp.a(altera_avalon_timer_sc.o)
 .debug_info    0x00000000000024c8      0x2cc C:/gitrepos/CPET561/DE1_SoC_Demo3/src/SW/nios_software_bsp/\libhal_bsp.a(alt_alarm_start.o)
 .debug_info    0x0000000000002794      0x321 C:/gitrepos/CPET561/DE1_SoC_Demo3/src/SW/nios_software_bsp/\libhal_bsp.a(alt_close.o)
 .debug_info    0x0000000000002ab5       0x92 C:/gitrepos/CPET561/DE1_SoC_Demo3/src/SW/nios_software_bsp/\libhal_bsp.a(alt_dcache_flush_all.o)
 .debug_info    0x0000000000002b47      0x49c C:/gitrepos/CPET561/DE1_SoC_Demo3/src/SW/nios_software_bsp/\libhal_bsp.a(alt_dev.o)
 .debug_info    0x0000000000002fe3      0x1a9 C:/gitrepos/CPET561/DE1_SoC_Demo3/src/SW/nios_software_bsp/\libhal_bsp.a(alt_dev_llist_insert.o)
 .debug_info    0x000000000000318c       0x83 C:/gitrepos/CPET561/DE1_SoC_Demo3/src/SW/nios_software_bsp/\libhal_bsp.a(alt_do_ctors.o)
 .debug_info    0x000000000000320f       0x83 C:/gitrepos/CPET561/DE1_SoC_Demo3/src/SW/nios_software_bsp/\libhal_bsp.a(alt_do_dtors.o)
 .debug_info    0x0000000000003292       0xa6 C:/gitrepos/CPET561/DE1_SoC_Demo3/src/SW/nios_software_bsp/\libhal_bsp.a(alt_errno.o)
 .debug_info    0x0000000000003338       0x7e C:/gitrepos/CPET561/DE1_SoC_Demo3/src/SW/nios_software_bsp/\libhal_bsp.a(alt_exception_entry.o)
 .debug_info    0x00000000000033b6       0x92 C:/gitrepos/CPET561/DE1_SoC_Demo3/src/SW/nios_software_bsp/\libhal_bsp.a(alt_icache_flush_all.o)
 .debug_info    0x0000000000003448      0x1e7 C:/gitrepos/CPET561/DE1_SoC_Demo3/src/SW/nios_software_bsp/\libhal_bsp.a(alt_instruction_exception_entry.o)
 .debug_info    0x000000000000362f      0x4a5 C:/gitrepos/CPET561/DE1_SoC_Demo3/src/SW/nios_software_bsp/\libhal_bsp.a(alt_io_redirect.o)
 .debug_info    0x0000000000003ad4      0x3bb C:/gitrepos/CPET561/DE1_SoC_Demo3/src/SW/nios_software_bsp/\libhal_bsp.a(alt_open.o)
 .debug_info    0x0000000000003e8f      0x2b0 C:/gitrepos/CPET561/DE1_SoC_Demo3/src/SW/nios_software_bsp/\libhal_bsp.a(alt_release_fd.o)
 .debug_info    0x000000000000413f      0x299 C:/gitrepos/CPET561/DE1_SoC_Demo3/src/SW/nios_software_bsp/\libhal_bsp.a(alt_tick.o)
 .debug_info    0x00000000000043d8       0x92 C:/gitrepos/CPET561/DE1_SoC_Demo3/src/SW/nios_software_bsp/\libhal_bsp.a(altera_nios2_gen2_irq.o)
 .debug_info    0x000000000000446a      0x2e9 C:/gitrepos/CPET561/DE1_SoC_Demo3/src/SW/nios_software_bsp/\libhal_bsp.a(alt_find_dev.o)
 .debug_info    0x0000000000004753      0x2e6 C:/gitrepos/CPET561/DE1_SoC_Demo3/src/SW/nios_software_bsp/\libhal_bsp.a(alt_find_file.o)
 .debug_info    0x0000000000004a39      0x310 C:/gitrepos/CPET561/DE1_SoC_Demo3/src/SW/nios_software_bsp/\libhal_bsp.a(alt_get_fd.o)
 .debug_info    0x0000000000004d49       0xfe c:/intelfpga_lite/18.1/nios2eds/bin/gnu/h-x86_64-mingw32/bin/../lib/gcc/nios2-elf/5.3.0/../../../../../H-x86_64-mingw32/nios2-elf/lib/mno-hw-mul\libc.a(lib_a-atexit.o)
 .debug_info    0x0000000000004e47      0x8e4 c:/intelfpga_lite/18.1/nios2eds/bin/gnu/h-x86_64-mingw32/bin/../lib/gcc/nios2-elf/5.3.0/../../../../../H-x86_64-mingw32/nios2-elf/lib/mno-hw-mul\libc.a(lib_a-exit.o)
 .debug_info    0x000000000000572b      0x8a1 c:/intelfpga_lite/18.1/nios2eds/bin/gnu/h-x86_64-mingw32/bin/../lib/gcc/nios2-elf/5.3.0/../../../../../H-x86_64-mingw32/nios2-elf/lib/mno-hw-mul\libc.a(lib_a-impure.o)
 .debug_info    0x0000000000005fcc       0x8a c:/intelfpga_lite/18.1/nios2eds/bin/gnu/h-x86_64-mingw32/bin/../lib/gcc/nios2-elf/5.3.0/../../../../../H-x86_64-mingw32/nios2-elf/lib/mno-hw-mul\libc.a(lib_a-int_errno.o)
 .debug_info    0x0000000000006056      0x11a c:/intelfpga_lite/18.1/nios2eds/bin/gnu/h-x86_64-mingw32/bin/../lib/gcc/nios2-elf/5.3.0/../../../../../H-x86_64-mingw32/nios2-elf/lib/mno-hw-mul\libc.a(lib_a-memcmp.o)
 .debug_info    0x0000000000006170      0x144 c:/intelfpga_lite/18.1/nios2eds/bin/gnu/h-x86_64-mingw32/bin/../lib/gcc/nios2-elf/5.3.0/../../../../../H-x86_64-mingw32/nios2-elf/lib/mno-hw-mul\libc.a(lib_a-memcpy.o)
 .debug_info    0x00000000000062b4       0xe2 c:/intelfpga_lite/18.1/nios2eds/bin/gnu/h-x86_64-mingw32/bin/../lib/gcc/nios2-elf/5.3.0/../../../../../H-x86_64-mingw32/nios2-elf/lib/mno-hw-mul\libc.a(lib_a-strlen.o)
 .debug_info    0x0000000000006396      0x934 c:/intelfpga_lite/18.1/nios2eds/bin/gnu/h-x86_64-mingw32/bin/../lib/gcc/nios2-elf/5.3.0/../../../../../H-x86_64-mingw32/nios2-elf/lib/mno-hw-mul\libc.a(lib_a-__atexit.o)
 .debug_info    0x0000000000006cca      0x965 c:/intelfpga_lite/18.1/nios2eds/bin/gnu/h-x86_64-mingw32/bin/../lib/gcc/nios2-elf/5.3.0/../../../../../H-x86_64-mingw32/nios2-elf/lib/mno-hw-mul\libc.a(lib_a-__call_atexit.o)
 .debug_info    0x000000000000762f       0xb4 c:/intelfpga_lite/18.1/nios2eds/bin/gnu/h-x86_64-mingw32/bin/../lib/gcc/nios2-elf/5.3.0/mno-hw-mul\libgcc.a(lib2-mul.o)
 .debug_info    0x00000000000076e3       0xec C:/gitrepos/CPET561/DE1_SoC_Demo3/src/SW/nios_software_bsp/\libhal_bsp.a(alt_exit.o)

.debug_abbrev   0x0000000000000000     0x2ae2
 *(.debug_abbrev)
 .debug_abbrev  0x0000000000000000       0x12 C:/gitrepos/CPET561/DE1_SoC_Demo3/src/SW/nios_software_bsp//obj/HAL/src/crt0.o
 .debug_abbrev  0x0000000000000012       0xd9 obj/default/int_demo.o
 .debug_abbrev  0x00000000000000eb      0x163 C:/gitrepos/CPET561/DE1_SoC_Demo3/src/SW/nios_software_bsp/\libhal_bsp.a(alt_iic.o)
 .debug_abbrev  0x000000000000024e      0x169 C:/gitrepos/CPET561/DE1_SoC_Demo3/src/SW/nios_software_bsp/\libhal_bsp.a(alt_iic_isr_register.o)
 .debug_abbrev  0x00000000000003b7       0x12 C:/gitrepos/CPET561/DE1_SoC_Demo3/src/SW/nios_software_bsp/\libhal_bsp.a(alt_irq_entry.o)
 .debug_abbrev  0x00000000000003c9      0x122 C:/gitrepos/CPET561/DE1_SoC_Demo3/src/SW/nios_software_bsp/\libhal_bsp.a(alt_irq_handler.o)
 .debug_abbrev  0x00000000000004eb       0x40 C:/gitrepos/CPET561/DE1_SoC_Demo3/src/SW/nios_software_bsp/\libhal_bsp.a(alt_irq_vars.o)
 .debug_abbrev  0x000000000000052b       0x9f C:/gitrepos/CPET561/DE1_SoC_Demo3/src/SW/nios_software_bsp/\libhal_bsp.a(alt_load.o)
 .debug_abbrev  0x00000000000005ca       0xba C:/gitrepos/CPET561/DE1_SoC_Demo3/src/SW/nios_software_bsp/\libhal_bsp.a(alt_main.o)
 .debug_abbrev  0x0000000000000684      0x187 C:/gitrepos/CPET561/DE1_SoC_Demo3/src/SW/nios_software_bsp/\libhal_bsp.a(alt_sys_init.o)
 .debug_abbrev  0x000000000000080b      0x127 C:/gitrepos/CPET561/DE1_SoC_Demo3/src/SW/nios_software_bsp/\libhal_bsp.a(altera_avalon_jtag_uart_fd.o)
 .debug_abbrev  0x0000000000000932      0x19e C:/gitrepos/CPET561/DE1_SoC_Demo3/src/SW/nios_software_bsp/\libhal_bsp.a(altera_avalon_jtag_uart_init.o)
 .debug_abbrev  0x0000000000000ad0      0x111 C:/gitrepos/CPET561/DE1_SoC_Demo3/src/SW/nios_software_bsp/\libhal_bsp.a(altera_avalon_jtag_uart_ioctl.o)
 .debug_abbrev  0x0000000000000be1      0x1aa C:/gitrepos/CPET561/DE1_SoC_Demo3/src/SW/nios_software_bsp/\libhal_bsp.a(altera_avalon_jtag_uart_read.o)
 .debug_abbrev  0x0000000000000d8b      0x1a8 C:/gitrepos/CPET561/DE1_SoC_Demo3/src/SW/nios_software_bsp/\libhal_bsp.a(altera_avalon_jtag_uart_write.o)
 .debug_abbrev  0x0000000000000f33      0x155 C:/gitrepos/CPET561/DE1_SoC_Demo3/src/SW/nios_software_bsp/\libhal_bsp.a(altera_avalon_timer_sc.o)
 .debug_abbrev  0x0000000000001088      0x162 C:/gitrepos/CPET561/DE1_SoC_Demo3/src/SW/nios_software_bsp/\libhal_bsp.a(alt_alarm_start.o)
 .debug_abbrev  0x00000000000011ea      0x11f C:/gitrepos/CPET561/DE1_SoC_Demo3/src/SW/nios_software_bsp/\libhal_bsp.a(alt_close.o)
 .debug_abbrev  0x0000000000001309       0x42 C:/gitrepos/CPET561/DE1_SoC_Demo3/src/SW/nios_software_bsp/\libhal_bsp.a(alt_dcache_flush_all.o)
 .debug_abbrev  0x000000000000134b       0xd9 C:/gitrepos/CPET561/DE1_SoC_Demo3/src/SW/nios_software_bsp/\libhal_bsp.a(alt_dev.o)
 .debug_abbrev  0x0000000000001424      0x114 C:/gitrepos/CPET561/DE1_SoC_Demo3/src/SW/nios_software_bsp/\libhal_bsp.a(alt_dev_llist_insert.o)
 .debug_abbrev  0x0000000000001538       0x79 C:/gitrepos/CPET561/DE1_SoC_Demo3/src/SW/nios_software_bsp/\libhal_bsp.a(alt_do_ctors.o)
 .debug_abbrev  0x00000000000015b1       0x79 C:/gitrepos/CPET561/DE1_SoC_Demo3/src/SW/nios_software_bsp/\libhal_bsp.a(alt_do_dtors.o)
 .debug_abbrev  0x000000000000162a       0x5a C:/gitrepos/CPET561/DE1_SoC_Demo3/src/SW/nios_software_bsp/\libhal_bsp.a(alt_errno.o)
 .debug_abbrev  0x0000000000001684       0x12 C:/gitrepos/CPET561/DE1_SoC_Demo3/src/SW/nios_software_bsp/\libhal_bsp.a(alt_exception_entry.o)
 .debug_abbrev  0x0000000000001696       0x42 C:/gitrepos/CPET561/DE1_SoC_Demo3/src/SW/nios_software_bsp/\libhal_bsp.a(alt_icache_flush_all.o)
 .debug_abbrev  0x00000000000016d8       0xdc C:/gitrepos/CPET561/DE1_SoC_Demo3/src/SW/nios_software_bsp/\libhal_bsp.a(alt_instruction_exception_entry.o)
 .debug_abbrev  0x00000000000017b4      0x114 C:/gitrepos/CPET561/DE1_SoC_Demo3/src/SW/nios_software_bsp/\libhal_bsp.a(alt_io_redirect.o)
 .debug_abbrev  0x00000000000018c8      0x148 C:/gitrepos/CPET561/DE1_SoC_Demo3/src/SW/nios_software_bsp/\libhal_bsp.a(alt_open.o)
 .debug_abbrev  0x0000000000001a10       0xde C:/gitrepos/CPET561/DE1_SoC_Demo3/src/SW/nios_software_bsp/\libhal_bsp.a(alt_release_fd.o)
 .debug_abbrev  0x0000000000001aee      0x15a C:/gitrepos/CPET561/DE1_SoC_Demo3/src/SW/nios_software_bsp/\libhal_bsp.a(alt_tick.o)
 .debug_abbrev  0x0000000000001c48       0x42 C:/gitrepos/CPET561/DE1_SoC_Demo3/src/SW/nios_software_bsp/\libhal_bsp.a(altera_nios2_gen2_irq.o)
 .debug_abbrev  0x0000000000001c8a       0xf0 C:/gitrepos/CPET561/DE1_SoC_Demo3/src/SW/nios_software_bsp/\libhal_bsp.a(alt_find_dev.o)
 .debug_abbrev  0x0000000000001d7a       0xf0 C:/gitrepos/CPET561/DE1_SoC_Demo3/src/SW/nios_software_bsp/\libhal_bsp.a(alt_find_file.o)
 .debug_abbrev  0x0000000000001e6a      0x10d C:/gitrepos/CPET561/DE1_SoC_Demo3/src/SW/nios_software_bsp/\libhal_bsp.a(alt_get_fd.o)
 .debug_abbrev  0x0000000000001f77       0xaa c:/intelfpga_lite/18.1/nios2eds/bin/gnu/h-x86_64-mingw32/bin/../lib/gcc/nios2-elf/5.3.0/../../../../../H-x86_64-mingw32/nios2-elf/lib/mno-hw-mul\libc.a(lib_a-atexit.o)
 .debug_abbrev  0x0000000000002021      0x1e5 c:/intelfpga_lite/18.1/nios2eds/bin/gnu/h-x86_64-mingw32/bin/../lib/gcc/nios2-elf/5.3.0/../../../../../H-x86_64-mingw32/nios2-elf/lib/mno-hw-mul\libc.a(lib_a-exit.o)
 .debug_abbrev  0x0000000000002206      0x18f c:/intelfpga_lite/18.1/nios2eds/bin/gnu/h-x86_64-mingw32/bin/../lib/gcc/nios2-elf/5.3.0/../../../../../H-x86_64-mingw32/nios2-elf/lib/mno-hw-mul\libc.a(lib_a-impure.o)
 .debug_abbrev  0x0000000000002395       0x37 c:/intelfpga_lite/18.1/nios2eds/bin/gnu/h-x86_64-mingw32/bin/../lib/gcc/nios2-elf/5.3.0/../../../../../H-x86_64-mingw32/nios2-elf/lib/mno-hw-mul\libc.a(lib_a-int_errno.o)
 .debug_abbrev  0x00000000000023cc       0x7f c:/intelfpga_lite/18.1/nios2eds/bin/gnu/h-x86_64-mingw32/bin/../lib/gcc/nios2-elf/5.3.0/../../../../../H-x86_64-mingw32/nios2-elf/lib/mno-hw-mul\libc.a(lib_a-memcmp.o)
 .debug_abbrev  0x000000000000244b       0xa3 c:/intelfpga_lite/18.1/nios2eds/bin/gnu/h-x86_64-mingw32/bin/../lib/gcc/nios2-elf/5.3.0/../../../../../H-x86_64-mingw32/nios2-elf/lib/mno-hw-mul\libc.a(lib_a-memcpy.o)
 .debug_abbrev  0x00000000000024ee       0x90 c:/intelfpga_lite/18.1/nios2eds/bin/gnu/h-x86_64-mingw32/bin/../lib/gcc/nios2-elf/5.3.0/../../../../../H-x86_64-mingw32/nios2-elf/lib/mno-hw-mul\libc.a(lib_a-strlen.o)
 .debug_abbrev  0x000000000000257e      0x21e c:/intelfpga_lite/18.1/nios2eds/bin/gnu/h-x86_64-mingw32/bin/../lib/gcc/nios2-elf/5.3.0/../../../../../H-x86_64-mingw32/nios2-elf/lib/mno-hw-mul\libc.a(lib_a-__atexit.o)
 .debug_abbrev  0x000000000000279c      0x22e c:/intelfpga_lite/18.1/nios2eds/bin/gnu/h-x86_64-mingw32/bin/../lib/gcc/nios2-elf/5.3.0/../../../../../H-x86_64-mingw32/nios2-elf/lib/mno-hw-mul\libc.a(lib_a-__call_atexit.o)
 .debug_abbrev  0x00000000000029ca       0x6f c:/intelfpga_lite/18.1/nios2eds/bin/gnu/h-x86_64-mingw32/bin/../lib/gcc/nios2-elf/5.3.0/mno-hw-mul\libgcc.a(lib2-mul.o)
 .debug_abbrev  0x0000000000002a39       0xa9 C:/gitrepos/CPET561/DE1_SoC_Demo3/src/SW/nios_software_bsp/\libhal_bsp.a(alt_exit.o)

.debug_line     0x0000000000000000     0x2ad7
 *(.debug_line)
 .debug_line    0x0000000000000000       0x66 C:/gitrepos/CPET561/DE1_SoC_Demo3/src/SW/nios_software_bsp//obj/HAL/src/crt0.o
 .debug_line    0x0000000000000066       0xab obj/default/int_demo.o
 .debug_line    0x0000000000000111       0xeb C:/gitrepos/CPET561/DE1_SoC_Demo3/src/SW/nios_software_bsp/\libhal_bsp.a(alt_iic.o)
 .debug_line    0x00000000000001fc       0xdb C:/gitrepos/CPET561/DE1_SoC_Demo3/src/SW/nios_software_bsp/\libhal_bsp.a(alt_iic_isr_register.o)
 .debug_line    0x00000000000002d7       0x6b C:/gitrepos/CPET561/DE1_SoC_Demo3/src/SW/nios_software_bsp/\libhal_bsp.a(alt_irq_entry.o)
 .debug_line    0x0000000000000342       0xaa C:/gitrepos/CPET561/DE1_SoC_Demo3/src/SW/nios_software_bsp/\libhal_bsp.a(alt_irq_handler.o)
 .debug_line    0x00000000000003ec       0x50 C:/gitrepos/CPET561/DE1_SoC_Demo3/src/SW/nios_software_bsp/\libhal_bsp.a(alt_irq_vars.o)
 .debug_line    0x000000000000043c       0x8e C:/gitrepos/CPET561/DE1_SoC_Demo3/src/SW/nios_software_bsp/\libhal_bsp.a(alt_load.o)
 .debug_line    0x00000000000004ca       0xa4 C:/gitrepos/CPET561/DE1_SoC_Demo3/src/SW/nios_software_bsp/\libhal_bsp.a(alt_main.o)
 .debug_line    0x000000000000056e      0x152 C:/gitrepos/CPET561/DE1_SoC_Demo3/src/SW/nios_software_bsp/\libhal_bsp.a(alt_sys_init.o)
 .debug_line    0x00000000000006c0      0x12f C:/gitrepos/CPET561/DE1_SoC_Demo3/src/SW/nios_software_bsp/\libhal_bsp.a(altera_avalon_jtag_uart_fd.o)
 .debug_line    0x00000000000007ef      0x18b C:/gitrepos/CPET561/DE1_SoC_Demo3/src/SW/nios_software_bsp/\libhal_bsp.a(altera_avalon_jtag_uart_init.o)
 .debug_line    0x000000000000097a      0x131 C:/gitrepos/CPET561/DE1_SoC_Demo3/src/SW/nios_software_bsp/\libhal_bsp.a(altera_avalon_jtag_uart_ioctl.o)
 .debug_line    0x0000000000000aab      0x171 C:/gitrepos/CPET561/DE1_SoC_Demo3/src/SW/nios_software_bsp/\libhal_bsp.a(altera_avalon_jtag_uart_read.o)
 .debug_line    0x0000000000000c1c      0x170 C:/gitrepos/CPET561/DE1_SoC_Demo3/src/SW/nios_software_bsp/\libhal_bsp.a(altera_avalon_jtag_uart_write.o)
 .debug_line    0x0000000000000d8c       0xfd C:/gitrepos/CPET561/DE1_SoC_Demo3/src/SW/nios_software_bsp/\libhal_bsp.a(altera_avalon_timer_sc.o)
 .debug_line    0x0000000000000e89       0xf9 C:/gitrepos/CPET561/DE1_SoC_Demo3/src/SW/nios_software_bsp/\libhal_bsp.a(alt_alarm_start.o)
 .debug_line    0x0000000000000f82      0x165 C:/gitrepos/CPET561/DE1_SoC_Demo3/src/SW/nios_software_bsp/\libhal_bsp.a(alt_close.o)
 .debug_line    0x00000000000010e7       0x51 C:/gitrepos/CPET561/DE1_SoC_Demo3/src/SW/nios_software_bsp/\libhal_bsp.a(alt_dcache_flush_all.o)
 .debug_line    0x0000000000001138       0xf8 C:/gitrepos/CPET561/DE1_SoC_Demo3/src/SW/nios_software_bsp/\libhal_bsp.a(alt_dev.o)
 .debug_line    0x0000000000001230       0xcf C:/gitrepos/CPET561/DE1_SoC_Demo3/src/SW/nios_software_bsp/\libhal_bsp.a(alt_dev_llist_insert.o)
 .debug_line    0x00000000000012ff       0x59 C:/gitrepos/CPET561/DE1_SoC_Demo3/src/SW/nios_software_bsp/\libhal_bsp.a(alt_do_ctors.o)
 .debug_line    0x0000000000001358       0x59 C:/gitrepos/CPET561/DE1_SoC_Demo3/src/SW/nios_software_bsp/\libhal_bsp.a(alt_do_dtors.o)
 .debug_line    0x00000000000013b1       0x51 C:/gitrepos/CPET561/DE1_SoC_Demo3/src/SW/nios_software_bsp/\libhal_bsp.a(alt_errno.o)
 .debug_line    0x0000000000001402       0xb3 C:/gitrepos/CPET561/DE1_SoC_Demo3/src/SW/nios_software_bsp/\libhal_bsp.a(alt_exception_entry.o)
 .debug_line    0x00000000000014b5       0x4f C:/gitrepos/CPET561/DE1_SoC_Demo3/src/SW/nios_software_bsp/\libhal_bsp.a(alt_icache_flush_all.o)
 .debug_line    0x0000000000001504       0xb9 C:/gitrepos/CPET561/DE1_SoC_Demo3/src/SW/nios_software_bsp/\libhal_bsp.a(alt_instruction_exception_entry.o)
 .debug_line    0x00000000000015bd      0x135 C:/gitrepos/CPET561/DE1_SoC_Demo3/src/SW/nios_software_bsp/\libhal_bsp.a(alt_io_redirect.o)
 .debug_line    0x00000000000016f2      0x12b C:/gitrepos/CPET561/DE1_SoC_Demo3/src/SW/nios_software_bsp/\libhal_bsp.a(alt_open.o)
 .debug_line    0x000000000000181d       0xb0 C:/gitrepos/CPET561/DE1_SoC_Demo3/src/SW/nios_software_bsp/\libhal_bsp.a(alt_release_fd.o)
 .debug_line    0x00000000000018cd       0xff C:/gitrepos/CPET561/DE1_SoC_Demo3/src/SW/nios_software_bsp/\libhal_bsp.a(alt_tick.o)
 .debug_line    0x00000000000019cc       0x51 C:/gitrepos/CPET561/DE1_SoC_Demo3/src/SW/nios_software_bsp/\libhal_bsp.a(altera_nios2_gen2_irq.o)
 .debug_line    0x0000000000001a1d       0xb5 C:/gitrepos/CPET561/DE1_SoC_Demo3/src/SW/nios_software_bsp/\libhal_bsp.a(alt_find_dev.o)
 .debug_line    0x0000000000001ad2       0xd1 C:/gitrepos/CPET561/DE1_SoC_Demo3/src/SW/nios_software_bsp/\libhal_bsp.a(alt_find_file.o)
 .debug_line    0x0000000000001ba3       0xd7 C:/gitrepos/CPET561/DE1_SoC_Demo3/src/SW/nios_software_bsp/\libhal_bsp.a(alt_get_fd.o)
 .debug_line    0x0000000000001c7a       0xe7 c:/intelfpga_lite/18.1/nios2eds/bin/gnu/h-x86_64-mingw32/bin/../lib/gcc/nios2-elf/5.3.0/../../../../../H-x86_64-mingw32/nios2-elf/lib/mno-hw-mul\libc.a(lib_a-atexit.o)
 .debug_line    0x0000000000001d61      0x1fc c:/intelfpga_lite/18.1/nios2eds/bin/gnu/h-x86_64-mingw32/bin/../lib/gcc/nios2-elf/5.3.0/../../../../../H-x86_64-mingw32/nios2-elf/lib/mno-hw-mul\libc.a(lib_a-exit.o)
 .debug_line    0x0000000000001f5d      0x160 c:/intelfpga_lite/18.1/nios2eds/bin/gnu/h-x86_64-mingw32/bin/../lib/gcc/nios2-elf/5.3.0/../../../../../H-x86_64-mingw32/nios2-elf/lib/mno-hw-mul\libc.a(lib_a-impure.o)
 .debug_line    0x00000000000020bd       0x5f c:/intelfpga_lite/18.1/nios2eds/bin/gnu/h-x86_64-mingw32/bin/../lib/gcc/nios2-elf/5.3.0/../../../../../H-x86_64-mingw32/nios2-elf/lib/mno-hw-mul\libc.a(lib_a-int_errno.o)
 .debug_line    0x000000000000211c      0x176 c:/intelfpga_lite/18.1/nios2eds/bin/gnu/h-x86_64-mingw32/bin/../lib/gcc/nios2-elf/5.3.0/../../../../../H-x86_64-mingw32/nios2-elf/lib/mno-hw-mul\libc.a(lib_a-memcmp.o)
 .debug_line    0x0000000000002292      0x18c c:/intelfpga_lite/18.1/nios2eds/bin/gnu/h-x86_64-mingw32/bin/../lib/gcc/nios2-elf/5.3.0/../../../../../H-x86_64-mingw32/nios2-elf/lib/mno-hw-mul\libc.a(lib_a-memcpy.o)
 .debug_line    0x000000000000241e      0x16f c:/intelfpga_lite/18.1/nios2eds/bin/gnu/h-x86_64-mingw32/bin/../lib/gcc/nios2-elf/5.3.0/../../../../../H-x86_64-mingw32/nios2-elf/lib/mno-hw-mul\libc.a(lib_a-strlen.o)
 .debug_line    0x000000000000258d      0x21f c:/intelfpga_lite/18.1/nios2eds/bin/gnu/h-x86_64-mingw32/bin/../lib/gcc/nios2-elf/5.3.0/../../../../../H-x86_64-mingw32/nios2-elf/lib/mno-hw-mul\libc.a(lib_a-__atexit.o)
 .debug_line    0x00000000000027ac      0x23a c:/intelfpga_lite/18.1/nios2eds/bin/gnu/h-x86_64-mingw32/bin/../lib/gcc/nios2-elf/5.3.0/../../../../../H-x86_64-mingw32/nios2-elf/lib/mno-hw-mul\libc.a(lib_a-__call_atexit.o)
 .debug_line    0x00000000000029e6       0x80 c:/intelfpga_lite/18.1/nios2eds/bin/gnu/h-x86_64-mingw32/bin/../lib/gcc/nios2-elf/5.3.0/mno-hw-mul\libgcc.a(lib2-mul.o)
 .debug_line    0x0000000000002a66       0x71 C:/gitrepos/CPET561/DE1_SoC_Demo3/src/SW/nios_software_bsp/\libhal_bsp.a(alt_exit.o)

.debug_frame    0x0000000000000000      0xb28
 *(.debug_frame)
 .debug_frame   0x0000000000000000       0x50 obj/default/int_demo.o
 .debug_frame   0x0000000000000050       0xa4 C:/gitrepos/CPET561/DE1_SoC_Demo3/src/SW/nios_software_bsp/\libhal_bsp.a(alt_iic.o)
 .debug_frame   0x00000000000000f4       0x38 C:/gitrepos/CPET561/DE1_SoC_Demo3/src/SW/nios_software_bsp/\libhal_bsp.a(alt_iic_isr_register.o)
 .debug_frame   0x000000000000012c       0x38 C:/gitrepos/CPET561/DE1_SoC_Demo3/src/SW/nios_software_bsp/\libhal_bsp.a(alt_irq_handler.o)
 .debug_frame   0x0000000000000164       0x5c C:/gitrepos/CPET561/DE1_SoC_Demo3/src/SW/nios_software_bsp/\libhal_bsp.a(alt_load.o)
 .debug_frame   0x00000000000001c0       0x2c C:/gitrepos/CPET561/DE1_SoC_Demo3/src/SW/nios_software_bsp/\libhal_bsp.a(alt_main.o)
 .debug_frame   0x00000000000001ec       0x88 C:/gitrepos/CPET561/DE1_SoC_Demo3/src/SW/nios_software_bsp/\libhal_bsp.a(alt_sys_init.o)
 .debug_frame   0x0000000000000274       0xb0 C:/gitrepos/CPET561/DE1_SoC_Demo3/src/SW/nios_software_bsp/\libhal_bsp.a(altera_avalon_jtag_uart_fd.o)
 .debug_frame   0x0000000000000324       0xa4 C:/gitrepos/CPET561/DE1_SoC_Demo3/src/SW/nios_software_bsp/\libhal_bsp.a(altera_avalon_jtag_uart_init.o)
 .debug_frame   0x00000000000003c8       0x34 C:/gitrepos/CPET561/DE1_SoC_Demo3/src/SW/nios_software_bsp/\libhal_bsp.a(altera_avalon_jtag_uart_ioctl.o)
 .debug_frame   0x00000000000003fc       0x38 C:/gitrepos/CPET561/DE1_SoC_Demo3/src/SW/nios_software_bsp/\libhal_bsp.a(altera_avalon_jtag_uart_read.o)
 .debug_frame   0x0000000000000434       0x38 C:/gitrepos/CPET561/DE1_SoC_Demo3/src/SW/nios_software_bsp/\libhal_bsp.a(altera_avalon_jtag_uart_write.o)
 .debug_frame   0x000000000000046c       0x60 C:/gitrepos/CPET561/DE1_SoC_Demo3/src/SW/nios_software_bsp/\libhal_bsp.a(altera_avalon_timer_sc.o)
 .debug_frame   0x00000000000004cc       0x34 C:/gitrepos/CPET561/DE1_SoC_Demo3/src/SW/nios_software_bsp/\libhal_bsp.a(alt_alarm_start.o)
 .debug_frame   0x0000000000000500       0x60 C:/gitrepos/CPET561/DE1_SoC_Demo3/src/SW/nios_software_bsp/\libhal_bsp.a(alt_close.o)
 .debug_frame   0x0000000000000560       0x34 C:/gitrepos/CPET561/DE1_SoC_Demo3/src/SW/nios_software_bsp/\libhal_bsp.a(alt_dcache_flush_all.o)
 .debug_frame   0x0000000000000594       0x34 C:/gitrepos/CPET561/DE1_SoC_Demo3/src/SW/nios_software_bsp/\libhal_bsp.a(alt_dev.o)
 .debug_frame   0x00000000000005c8       0x60 C:/gitrepos/CPET561/DE1_SoC_Demo3/src/SW/nios_software_bsp/\libhal_bsp.a(alt_dev_llist_insert.o)
 .debug_frame   0x0000000000000628       0x38 C:/gitrepos/CPET561/DE1_SoC_Demo3/src/SW/nios_software_bsp/\libhal_bsp.a(alt_do_ctors.o)
 .debug_frame   0x0000000000000660       0x38 C:/gitrepos/CPET561/DE1_SoC_Demo3/src/SW/nios_software_bsp/\libhal_bsp.a(alt_do_dtors.o)
 .debug_frame   0x0000000000000698       0x34 C:/gitrepos/CPET561/DE1_SoC_Demo3/src/SW/nios_software_bsp/\libhal_bsp.a(alt_icache_flush_all.o)
 .debug_frame   0x00000000000006cc       0x5c C:/gitrepos/CPET561/DE1_SoC_Demo3/src/SW/nios_software_bsp/\libhal_bsp.a(alt_instruction_exception_entry.o)
 .debug_frame   0x0000000000000728       0x64 C:/gitrepos/CPET561/DE1_SoC_Demo3/src/SW/nios_software_bsp/\libhal_bsp.a(alt_io_redirect.o)
 .debug_frame   0x000000000000078c       0x8c C:/gitrepos/CPET561/DE1_SoC_Demo3/src/SW/nios_software_bsp/\libhal_bsp.a(alt_open.o)
 .debug_frame   0x0000000000000818       0x3c C:/gitrepos/CPET561/DE1_SoC_Demo3/src/SW/nios_software_bsp/\libhal_bsp.a(alt_release_fd.o)
 .debug_frame   0x0000000000000854       0x5c C:/gitrepos/CPET561/DE1_SoC_Demo3/src/SW/nios_software_bsp/\libhal_bsp.a(alt_tick.o)
 .debug_frame   0x00000000000008b0       0x34 C:/gitrepos/CPET561/DE1_SoC_Demo3/src/SW/nios_software_bsp/\libhal_bsp.a(altera_nios2_gen2_irq.o)
 .debug_frame   0x00000000000008e4       0x38 C:/gitrepos/CPET561/DE1_SoC_Demo3/src/SW/nios_software_bsp/\libhal_bsp.a(alt_find_dev.o)
 .debug_frame   0x000000000000091c       0x38 C:/gitrepos/CPET561/DE1_SoC_Demo3/src/SW/nios_software_bsp/\libhal_bsp.a(alt_find_file.o)
 .debug_frame   0x0000000000000954       0x3c C:/gitrepos/CPET561/DE1_SoC_Demo3/src/SW/nios_software_bsp/\libhal_bsp.a(alt_get_fd.o)
 .debug_frame   0x0000000000000990       0x20 c:/intelfpga_lite/18.1/nios2eds/bin/gnu/h-x86_64-mingw32/bin/../lib/gcc/nios2-elf/5.3.0/../../../../../H-x86_64-mingw32/nios2-elf/lib/mno-hw-mul\libc.a(lib_a-atexit.o)
 .debug_frame   0x00000000000009b0       0x28 c:/intelfpga_lite/18.1/nios2eds/bin/gnu/h-x86_64-mingw32/bin/../lib/gcc/nios2-elf/5.3.0/../../../../../H-x86_64-mingw32/nios2-elf/lib/mno-hw-mul\libc.a(lib_a-exit.o)
 .debug_frame   0x00000000000009d8       0x20 c:/intelfpga_lite/18.1/nios2eds/bin/gnu/h-x86_64-mingw32/bin/../lib/gcc/nios2-elf/5.3.0/../../../../../H-x86_64-mingw32/nios2-elf/lib/mno-hw-mul\libc.a(lib_a-memcmp.o)
 .debug_frame   0x00000000000009f8       0x38 c:/intelfpga_lite/18.1/nios2eds/bin/gnu/h-x86_64-mingw32/bin/../lib/gcc/nios2-elf/5.3.0/../../../../../H-x86_64-mingw32/nios2-elf/lib/mno-hw-mul\libc.a(lib_a-memcpy.o)
 .debug_frame   0x0000000000000a30       0x20 c:/intelfpga_lite/18.1/nios2eds/bin/gnu/h-x86_64-mingw32/bin/../lib/gcc/nios2-elf/5.3.0/../../../../../H-x86_64-mingw32/nios2-elf/lib/mno-hw-mul\libc.a(lib_a-strlen.o)
 .debug_frame   0x0000000000000a50       0x38 c:/intelfpga_lite/18.1/nios2eds/bin/gnu/h-x86_64-mingw32/bin/../lib/gcc/nios2-elf/5.3.0/../../../../../H-x86_64-mingw32/nios2-elf/lib/mno-hw-mul\libc.a(lib_a-__atexit.o)
 .debug_frame   0x0000000000000a88       0x54 c:/intelfpga_lite/18.1/nios2eds/bin/gnu/h-x86_64-mingw32/bin/../lib/gcc/nios2-elf/5.3.0/../../../../../H-x86_64-mingw32/nios2-elf/lib/mno-hw-mul\libc.a(lib_a-__call_atexit.o)
 .debug_frame   0x0000000000000adc       0x20 c:/intelfpga_lite/18.1/nios2eds/bin/gnu/h-x86_64-mingw32/bin/../lib/gcc/nios2-elf/5.3.0/mno-hw-mul\libgcc.a(lib2-mul.o)
 .debug_frame   0x0000000000000afc       0x2c C:/gitrepos/CPET561/DE1_SoC_Demo3/src/SW/nios_software_bsp/\libhal_bsp.a(alt_exit.o)

.debug_str      0x0000000000000000     0x1c28
 *(.debug_str)
 .debug_str     0x0000000000000000      0x14f obj/default/int_demo.o
                                        0x19a (size before relaxing)
 .debug_str     0x000000000000014f      0x13e C:/gitrepos/CPET561/DE1_SoC_Demo3/src/SW/nios_software_bsp/\libhal_bsp.a(alt_iic.o)
                                        0x23f (size before relaxing)
 .debug_str     0x000000000000028d       0x4c C:/gitrepos/CPET561/DE1_SoC_Demo3/src/SW/nios_software_bsp/\libhal_bsp.a(alt_iic_isr_register.o)
                                        0x1e9 (size before relaxing)
 .debug_str     0x00000000000002d9       0x3a C:/gitrepos/CPET561/DE1_SoC_Demo3/src/SW/nios_software_bsp/\libhal_bsp.a(alt_irq_handler.o)
                                        0x198 (size before relaxing)
 .debug_str     0x0000000000000313       0x17 C:/gitrepos/CPET561/DE1_SoC_Demo3/src/SW/nios_software_bsp/\libhal_bsp.a(alt_irq_vars.o)
                                        0x13b (size before relaxing)
 .debug_str     0x000000000000032a       0xe9 C:/gitrepos/CPET561/DE1_SoC_Demo3/src/SW/nios_software_bsp/\libhal_bsp.a(alt_load.o)
                                        0x213 (size before relaxing)
 .debug_str     0x0000000000000413       0x44 C:/gitrepos/CPET561/DE1_SoC_Demo3/src/SW/nios_software_bsp/\libhal_bsp.a(alt_main.o)
                                        0x19e (size before relaxing)
 .debug_str     0x0000000000000457      0x1da C:/gitrepos/CPET561/DE1_SoC_Demo3/src/SW/nios_software_bsp/\libhal_bsp.a(alt_sys_init.o)
                                        0x391 (size before relaxing)
 .debug_str     0x0000000000000631       0xb9 C:/gitrepos/CPET561/DE1_SoC_Demo3/src/SW/nios_software_bsp/\libhal_bsp.a(altera_avalon_jtag_uart_fd.o)
                                        0x3a5 (size before relaxing)
 .debug_str     0x00000000000006ea       0xd1 C:/gitrepos/CPET561/DE1_SoC_Demo3/src/SW/nios_software_bsp/\libhal_bsp.a(altera_avalon_jtag_uart_init.o)
                                        0x339 (size before relaxing)
 .debug_str     0x00000000000007bb       0x4a C:/gitrepos/CPET561/DE1_SoC_Demo3/src/SW/nios_software_bsp/\libhal_bsp.a(altera_avalon_jtag_uart_ioctl.o)
                                        0x294 (size before relaxing)
 .debug_str     0x0000000000000805       0x48 C:/gitrepos/CPET561/DE1_SoC_Demo3/src/SW/nios_software_bsp/\libhal_bsp.a(altera_avalon_jtag_uart_read.o)
                                        0x2e9 (size before relaxing)
 .debug_str     0x000000000000084d       0x4a C:/gitrepos/CPET561/DE1_SoC_Demo3/src/SW/nios_software_bsp/\libhal_bsp.a(altera_avalon_jtag_uart_write.o)
                                        0x2ea (size before relaxing)
 .debug_str     0x0000000000000897       0x6d C:/gitrepos/CPET561/DE1_SoC_Demo3/src/SW/nios_software_bsp/\libhal_bsp.a(altera_avalon_timer_sc.o)
                                        0x24c (size before relaxing)
 .debug_str     0x0000000000000904       0x59 C:/gitrepos/CPET561/DE1_SoC_Demo3/src/SW/nios_software_bsp/\libhal_bsp.a(alt_alarm_start.o)
                                        0x27f (size before relaxing)
 .debug_str     0x000000000000095d       0x44 C:/gitrepos/CPET561/DE1_SoC_Demo3/src/SW/nios_software_bsp/\libhal_bsp.a(alt_close.o)
                                        0x20c (size before relaxing)
 .debug_str     0x00000000000009a1       0x34 C:/gitrepos/CPET561/DE1_SoC_Demo3/src/SW/nios_software_bsp/\libhal_bsp.a(alt_dcache_flush_all.o)
                                        0x156 (size before relaxing)
 .debug_str     0x00000000000009d5      0x120 C:/gitrepos/CPET561/DE1_SoC_Demo3/src/SW/nios_software_bsp/\libhal_bsp.a(alt_dev.o)
                                        0x306 (size before relaxing)
 .debug_str     0x0000000000000af5       0x34 C:/gitrepos/CPET561/DE1_SoC_Demo3/src/SW/nios_software_bsp/\libhal_bsp.a(alt_dev_llist_insert.o)
                                        0x1cd (size before relaxing)
 .debug_str     0x0000000000000b29       0x48 C:/gitrepos/CPET561/DE1_SoC_Demo3/src/SW/nios_software_bsp/\libhal_bsp.a(alt_do_ctors.o)
                                         0xd1 (size before relaxing)
 .debug_str     0x0000000000000b71       0x4c C:/gitrepos/CPET561/DE1_SoC_Demo3/src/SW/nios_software_bsp/\libhal_bsp.a(alt_do_dtors.o)
                                         0xd0 (size before relaxing)
 .debug_str     0x0000000000000bbd       0x14 C:/gitrepos/CPET561/DE1_SoC_Demo3/src/SW/nios_software_bsp/\libhal_bsp.a(alt_errno.o)
                                        0x146 (size before relaxing)
 .debug_str     0x0000000000000bd1       0x34 C:/gitrepos/CPET561/DE1_SoC_Demo3/src/SW/nios_software_bsp/\libhal_bsp.a(alt_icache_flush_all.o)
                                        0x156 (size before relaxing)
 .debug_str     0x0000000000000c05      0x48b C:/gitrepos/CPET561/DE1_SoC_Demo3/src/SW/nios_software_bsp/\libhal_bsp.a(alt_instruction_exception_entry.o)
                                        0x5a1 (size before relaxing)
 .debug_str     0x0000000000001090       0x56 C:/gitrepos/CPET561/DE1_SoC_Demo3/src/SW/nios_software_bsp/\libhal_bsp.a(alt_io_redirect.o)
                                        0x317 (size before relaxing)
 .debug_str     0x00000000000010e6       0x2f C:/gitrepos/CPET561/DE1_SoC_Demo3/src/SW/nios_software_bsp/\libhal_bsp.a(alt_open.o)
                                        0x24c (size before relaxing)
 .debug_str     0x0000000000001115       0x28 C:/gitrepos/CPET561/DE1_SoC_Demo3/src/SW/nios_software_bsp/\libhal_bsp.a(alt_release_fd.o)
                                        0x1d4 (size before relaxing)
 .debug_str     0x000000000000113d       0x4a C:/gitrepos/CPET561/DE1_SoC_Demo3/src/SW/nios_software_bsp/\libhal_bsp.a(alt_tick.o)
                                        0x253 (size before relaxing)
 .debug_str     0x0000000000001187       0x3b C:/gitrepos/CPET561/DE1_SoC_Demo3/src/SW/nios_software_bsp/\libhal_bsp.a(altera_nios2_gen2_irq.o)
                                        0x15d (size before relaxing)
 .debug_str     0x00000000000011c2       0x24 C:/gitrepos/CPET561/DE1_SoC_Demo3/src/SW/nios_software_bsp/\libhal_bsp.a(alt_find_dev.o)
                                        0x1ed (size before relaxing)
 .debug_str     0x00000000000011e6       0x26 C:/gitrepos/CPET561/DE1_SoC_Demo3/src/SW/nios_software_bsp/\libhal_bsp.a(alt_find_file.o)
                                        0x1fb (size before relaxing)
 .debug_str     0x000000000000120c       0x30 C:/gitrepos/CPET561/DE1_SoC_Demo3/src/SW/nios_software_bsp/\libhal_bsp.a(alt_get_fd.o)
                                        0x21d (size before relaxing)
 .debug_str     0x000000000000123c      0x17c c:/intelfpga_lite/18.1/nios2eds/bin/gnu/h-x86_64-mingw32/bin/../lib/gcc/nios2-elf/5.3.0/../../../../../H-x86_64-mingw32/nios2-elf/lib/mno-hw-mul\libc.a(lib_a-atexit.o)
                                        0x221 (size before relaxing)
 .debug_str     0x00000000000013b8      0x3af c:/intelfpga_lite/18.1/nios2eds/bin/gnu/h-x86_64-mingw32/bin/../lib/gcc/nios2-elf/5.3.0/../../../../../H-x86_64-mingw32/nios2-elf/lib/mno-hw-mul\libc.a(lib_a-exit.o)
                                        0x5be (size before relaxing)
 .debug_str     0x0000000000001767       0xd6 c:/intelfpga_lite/18.1/nios2eds/bin/gnu/h-x86_64-mingw32/bin/../lib/gcc/nios2-elf/5.3.0/../../../../../H-x86_64-mingw32/nios2-elf/lib/mno-hw-mul\libc.a(lib_a-impure.o)
                                        0x5b5 (size before relaxing)
 .debug_str     0x000000000000183d       0x3f c:/intelfpga_lite/18.1/nios2eds/bin/gnu/h-x86_64-mingw32/bin/../lib/gcc/nios2-elf/5.3.0/../../../../../H-x86_64-mingw32/nios2-elf/lib/mno-hw-mul\libc.a(lib_a-int_errno.o)
                                        0x1dd (size before relaxing)
 .debug_str     0x000000000000187c       0xda c:/intelfpga_lite/18.1/nios2eds/bin/gnu/h-x86_64-mingw32/bin/../lib/gcc/nios2-elf/5.3.0/../../../../../H-x86_64-mingw32/nios2-elf/lib/mno-hw-mul\libc.a(lib_a-memcmp.o)
                                        0x1e4 (size before relaxing)
 .debug_str     0x0000000000001956       0x6b c:/intelfpga_lite/18.1/nios2eds/bin/gnu/h-x86_64-mingw32/bin/../lib/gcc/nios2-elf/5.3.0/../../../../../H-x86_64-mingw32/nios2-elf/lib/mno-hw-mul\libc.a(lib_a-memcpy.o)
                                        0x20b (size before relaxing)
 .debug_str     0x00000000000019c1       0x51 c:/intelfpga_lite/18.1/nios2eds/bin/gnu/h-x86_64-mingw32/bin/../lib/gcc/nios2-elf/5.3.0/../../../../../H-x86_64-mingw32/nios2-elf/lib/mno-hw-mul\libc.a(lib_a-strlen.o)
                                        0x1f7 (size before relaxing)
 .debug_str     0x0000000000001a12       0x3f c:/intelfpga_lite/18.1/nios2eds/bin/gnu/h-x86_64-mingw32/bin/../lib/gcc/nios2-elf/5.3.0/../../../../../H-x86_64-mingw32/nios2-elf/lib/mno-hw-mul\libc.a(lib_a-__atexit.o)
                                        0x5f6 (size before relaxing)
 .debug_str     0x0000000000001a51       0x65 c:/intelfpga_lite/18.1/nios2eds/bin/gnu/h-x86_64-mingw32/bin/../lib/gcc/nios2-elf/5.3.0/../../../../../H-x86_64-mingw32/nios2-elf/lib/mno-hw-mul\libc.a(lib_a-__call_atexit.o)
                                        0x5e2 (size before relaxing)
 .debug_str     0x0000000000001ab6      0x148 c:/intelfpga_lite/18.1/nios2eds/bin/gnu/h-x86_64-mingw32/bin/../lib/gcc/nios2-elf/5.3.0/mno-hw-mul\libgcc.a(lib2-mul.o)
                                        0x193 (size before relaxing)
 .debug_str     0x0000000000001bfe       0x2a C:/gitrepos/CPET561/DE1_SoC_Demo3/src/SW/nios_software_bsp/\libhal_bsp.a(alt_exit.o)
                                        0x152 (size before relaxing)

.debug_loc      0x0000000000000000      0x803
 *(.debug_loc)
 .debug_loc     0x0000000000000000       0x2c c:/intelfpga_lite/18.1/nios2eds/bin/gnu/h-x86_64-mingw32/bin/../lib/gcc/nios2-elf/5.3.0/../../../../../H-x86_64-mingw32/nios2-elf/lib/mno-hw-mul\libc.a(lib_a-atexit.o)
 .debug_loc     0x000000000000002c       0x1e c:/intelfpga_lite/18.1/nios2eds/bin/gnu/h-x86_64-mingw32/bin/../lib/gcc/nios2-elf/5.3.0/../../../../../H-x86_64-mingw32/nios2-elf/lib/mno-hw-mul\libc.a(lib_a-exit.o)
 .debug_loc     0x000000000000004a      0x126 c:/intelfpga_lite/18.1/nios2eds/bin/gnu/h-x86_64-mingw32/bin/../lib/gcc/nios2-elf/5.3.0/../../../../../H-x86_64-mingw32/nios2-elf/lib/mno-hw-mul\libc.a(lib_a-memcmp.o)
 .debug_loc     0x0000000000000170      0x266 c:/intelfpga_lite/18.1/nios2eds/bin/gnu/h-x86_64-mingw32/bin/../lib/gcc/nios2-elf/5.3.0/../../../../../H-x86_64-mingw32/nios2-elf/lib/mno-hw-mul\libc.a(lib_a-memcpy.o)
 .debug_loc     0x00000000000003d6       0x47 c:/intelfpga_lite/18.1/nios2eds/bin/gnu/h-x86_64-mingw32/bin/../lib/gcc/nios2-elf/5.3.0/../../../../../H-x86_64-mingw32/nios2-elf/lib/mno-hw-mul\libc.a(lib_a-strlen.o)
 .debug_loc     0x000000000000041d      0x185 c:/intelfpga_lite/18.1/nios2eds/bin/gnu/h-x86_64-mingw32/bin/../lib/gcc/nios2-elf/5.3.0/../../../../../H-x86_64-mingw32/nios2-elf/lib/mno-hw-mul\libc.a(lib_a-__atexit.o)
 .debug_loc     0x00000000000005a2      0x1ce c:/intelfpga_lite/18.1/nios2eds/bin/gnu/h-x86_64-mingw32/bin/../lib/gcc/nios2-elf/5.3.0/../../../../../H-x86_64-mingw32/nios2-elf/lib/mno-hw-mul\libc.a(lib_a-__call_atexit.o)