Archive member included to satisfy reference by file (symbol)

S:/Documents/gitrepos/CPET561/DE1_SoC_Lab6/src/SW/nios_software_bsp/\libhal_bsp.a(alt_load.o)
                              S:/Documents/gitrepos/CPET561/DE1_SoC_Lab6/src/SW/nios_software_bsp//obj/HAL/src/crt0.o (alt_load)
S:/Documents/gitrepos/CPET561/DE1_SoC_Lab6/src/SW/nios_software_bsp/\libhal_bsp.a(alt_main.o)
                              S:/Documents/gitrepos/CPET561/DE1_SoC_Lab6/src/SW/nios_software_bsp//obj/HAL/src/crt0.o (alt_main)
S:/Documents/gitrepos/CPET561/DE1_SoC_Lab6/src/SW/nios_software_bsp/\libhal_bsp.a(alt_sys_init.o)
                              S:/Documents/gitrepos/CPET561/DE1_SoC_Lab6/src/SW/nios_software_bsp/\libhal_bsp.a(alt_main.o) (alt_irq_init)
S:/Documents/gitrepos/CPET561/DE1_SoC_Lab6/src/SW/nios_software_bsp/\libhal_bsp.a(altera_avalon_jtag_uart_fd.o)
                              S:/Documents/gitrepos/CPET561/DE1_SoC_Lab6/src/SW/nios_software_bsp/\libhal_bsp.a(alt_sys_init.o) (altera_avalon_jtag_uart_read_fd)
S:/Documents/gitrepos/CPET561/DE1_SoC_Lab6/src/SW/nios_software_bsp/\libhal_bsp.a(altera_avalon_jtag_uart_read.o)
                              S:/Documents/gitrepos/CPET561/DE1_SoC_Lab6/src/SW/nios_software_bsp/\libhal_bsp.a(altera_avalon_jtag_uart_fd.o) (altera_avalon_jtag_uart_read)
S:/Documents/gitrepos/CPET561/DE1_SoC_Lab6/src/SW/nios_software_bsp/\libhal_bsp.a(altera_avalon_jtag_uart_write.o)
                              S:/Documents/gitrepos/CPET561/DE1_SoC_Lab6/src/SW/nios_software_bsp/\libhal_bsp.a(altera_avalon_jtag_uart_fd.o) (altera_avalon_jtag_uart_write)
S:/Documents/gitrepos/CPET561/DE1_SoC_Lab6/src/SW/nios_software_bsp/\libhal_bsp.a(alt_close.o)
                              S:/Documents/gitrepos/CPET561/DE1_SoC_Lab6/src/SW/nios_software_bsp/\libhal_bsp.a(alt_main.o) (close)
S:/Documents/gitrepos/CPET561/DE1_SoC_Lab6/src/SW/nios_software_bsp/\libhal_bsp.a(alt_dcache_flush_all.o)
                              S:/Documents/gitrepos/CPET561/DE1_SoC_Lab6/src/SW/nios_software_bsp/\libhal_bsp.a(alt_load.o) (alt_dcache_flush_all)
S:/Documents/gitrepos/CPET561/DE1_SoC_Lab6/src/SW/nios_software_bsp/\libhal_bsp.a(alt_dev.o)
                              S:/Documents/gitrepos/CPET561/DE1_SoC_Lab6/src/SW/nios_software_bsp/\libhal_bsp.a(alt_sys_init.o) (alt_dev_list)
S:/Documents/gitrepos/CPET561/DE1_SoC_Lab6/src/SW/nios_software_bsp/\libhal_bsp.a(alt_dev_llist_insert.o)
                              S:/Documents/gitrepos/CPET561/DE1_SoC_Lab6/src/SW/nios_software_bsp/\libhal_bsp.a(alt_sys_init.o) (alt_dev_llist_insert)
S:/Documents/gitrepos/CPET561/DE1_SoC_Lab6/src/SW/nios_software_bsp/\libhal_bsp.a(alt_errno.o)
                              S:/Documents/gitrepos/CPET561/DE1_SoC_Lab6/src/SW/nios_software_bsp/\libhal_bsp.a(alt_close.o) (alt_errno)
S:/Documents/gitrepos/CPET561/DE1_SoC_Lab6/src/SW/nios_software_bsp/\libhal_bsp.a(alt_icache_flush_all.o)
                              S:/Documents/gitrepos/CPET561/DE1_SoC_Lab6/src/SW/nios_software_bsp/\libhal_bsp.a(alt_load.o) (alt_icache_flush_all)
S:/Documents/gitrepos/CPET561/DE1_SoC_Lab6/src/SW/nios_software_bsp/\libhal_bsp.a(alt_io_redirect.o)
                              S:/Documents/gitrepos/CPET561/DE1_SoC_Lab6/src/SW/nios_software_bsp/\libhal_bsp.a(alt_main.o) (alt_io_redirect)
S:/Documents/gitrepos/CPET561/DE1_SoC_Lab6/src/SW/nios_software_bsp/\libhal_bsp.a(alt_open.o)
                              S:/Documents/gitrepos/CPET561/DE1_SoC_Lab6/src/SW/nios_software_bsp/\libhal_bsp.a(alt_io_redirect.o) (open)
S:/Documents/gitrepos/CPET561/DE1_SoC_Lab6/src/SW/nios_software_bsp/\libhal_bsp.a(alt_release_fd.o)
                              S:/Documents/gitrepos/CPET561/DE1_SoC_Lab6/src/SW/nios_software_bsp/\libhal_bsp.a(alt_close.o) (alt_release_fd)
S:/Documents/gitrepos/CPET561/DE1_SoC_Lab6/src/SW/nios_software_bsp/\libhal_bsp.a(altera_nios2_gen2_irq.o)
                              S:/Documents/gitrepos/CPET561/DE1_SoC_Lab6/src/SW/nios_software_bsp/\libhal_bsp.a(alt_sys_init.o) (altera_nios2_gen2_irq_init)
S:/Documents/gitrepos/CPET561/DE1_SoC_Lab6/src/SW/nios_software_bsp/\libhal_bsp.a(alt_find_dev.o)
                              S:/Documents/gitrepos/CPET561/DE1_SoC_Lab6/src/SW/nios_software_bsp/\libhal_bsp.a(alt_open.o) (alt_find_dev)
S:/Documents/gitrepos/CPET561/DE1_SoC_Lab6/src/SW/nios_software_bsp/\libhal_bsp.a(alt_find_file.o)
                              S:/Documents/gitrepos/CPET561/DE1_SoC_Lab6/src/SW/nios_software_bsp/\libhal_bsp.a(alt_open.o) (alt_find_file)
S:/Documents/gitrepos/CPET561/DE1_SoC_Lab6/src/SW/nios_software_bsp/\libhal_bsp.a(alt_get_fd.o)
                              S:/Documents/gitrepos/CPET561/DE1_SoC_Lab6/src/SW/nios_software_bsp/\libhal_bsp.a(alt_open.o) (alt_get_fd)
c:/intelfpga/18.1/nios2eds/bin/gnu/h-x86_64-mingw32/bin/../lib/gcc/nios2-elf/5.3.0/../../../../../H-x86_64-mingw32/nios2-elf/lib/mno-hw-mul\libsmallc.a(lib_a-exit.o)
                              S:/Documents/gitrepos/CPET561/DE1_SoC_Lab6/src/SW/nios_software_bsp/\libhal_bsp.a(alt_main.o) (exit)
c:/intelfpga/18.1/nios2eds/bin/gnu/h-x86_64-mingw32/bin/../lib/gcc/nios2-elf/5.3.0/../../../../../H-x86_64-mingw32/nios2-elf/lib/mno-hw-mul\libsmallc.a(lib_a-int_errno.o)
                              S:/Documents/gitrepos/CPET561/DE1_SoC_Lab6/src/SW/nios_software_bsp/\libhal_bsp.a(alt_close.o) (errno)
c:/intelfpga/18.1/nios2eds/bin/gnu/h-x86_64-mingw32/bin/../lib/gcc/nios2-elf/5.3.0/../../../../../H-x86_64-mingw32/nios2-elf/lib/mno-hw-mul\libsmallc.a(lib_a-memcmp.o)
                              S:/Documents/gitrepos/CPET561/DE1_SoC_Lab6/src/SW/nios_software_bsp/\libhal_bsp.a(alt_find_dev.o) (memcmp)
c:/intelfpga/18.1/nios2eds/bin/gnu/h-x86_64-mingw32/bin/../lib/gcc/nios2-elf/5.3.0/../../../../../H-x86_64-mingw32/nios2-elf/lib/mno-hw-mul\libsmallc.a(lib_a-strlen.o)
                              S:/Documents/gitrepos/CPET561/DE1_SoC_Lab6/src/SW/nios_software_bsp/\libhal_bsp.a(alt_find_dev.o) (strlen)
c:/intelfpga/18.1/nios2eds/bin/gnu/h-x86_64-mingw32/bin/../lib/gcc/nios2-elf/5.3.0/../../../../../H-x86_64-mingw32/nios2-elf/lib/mno-hw-mul\libsmallc.a(lib_a-__call_atexit.o)
                              c:/intelfpga/18.1/nios2eds/bin/gnu/h-x86_64-mingw32/bin/../lib/gcc/nios2-elf/5.3.0/../../../../../H-x86_64-mingw32/nios2-elf/lib/mno-hw-mul\libsmallc.a(lib_a-exit.o) (__call_exitprocs)
c:/intelfpga/18.1/nios2eds/bin/gnu/h-x86_64-mingw32/bin/../lib/gcc/nios2-elf/5.3.0/../../../../../H-x86_64-mingw32/nios2-elf/lib/mno-hw-mul\libsmallc.a(lib_a-impure.o)
                              c:/intelfpga/18.1/nios2eds/bin/gnu/h-x86_64-mingw32/bin/../lib/gcc/nios2-elf/5.3.0/../../../../../H-x86_64-mingw32/nios2-elf/lib/mno-hw-mul\libsmallc.a(lib_a-__call_atexit.o) (_global_impure_ptr)
c:/intelfpga/18.1/nios2eds/bin/gnu/h-x86_64-mingw32/bin/../lib/gcc/nios2-elf/5.3.0/mno-hw-mul\libgcc.a(lib2-mul.o)
                              S:/Documents/gitrepos/CPET561/DE1_SoC_Lab6/src/SW/nios_software_bsp/\libhal_bsp.a(alt_close.o) (__mulsi3)
S:/Documents/gitrepos/CPET561/DE1_SoC_Lab6/src/SW/nios_software_bsp/\libhal_bsp.a(alt_exit.o)
                              c:/intelfpga/18.1/nios2eds/bin/gnu/h-x86_64-mingw32/bin/../lib/gcc/nios2-elf/5.3.0/../../../../../H-x86_64-mingw32/nios2-elf/lib/mno-hw-mul\libsmallc.a(lib_a-exit.o) (_exit)

Allocating common symbols
Common symbol       size              file

errno               0x4               c:/intelfpga/18.1/nios2eds/bin/gnu/h-x86_64-mingw32/bin/../lib/gcc/nios2-elf/5.3.0/../../../../../H-x86_64-mingw32/nios2-elf/lib/mno-hw-mul\libsmallc.a(lib_a-int_errno.o)

Memory Configuration

Name             Origin             Length             Attributes
reset            0x0000000000008000 0x0000000000000020
onchip_memory2_0 0x0000000000008020 0x0000000000003fe0
*default*        0x0000000000000000 0xffffffffffffffff

Linker script and memory map

LOAD S:/Documents/gitrepos/CPET561/DE1_SoC_Lab6/src/SW/nios_software_bsp//obj/HAL/src/crt0.o
LOAD obj/default/lab6_0.o
LOAD c:/intelfpga/18.1/nios2eds/bin/gnu/h-x86_64-mingw32/bin/../lib/gcc/nios2-elf/5.3.0/../../../../../H-x86_64-mingw32/nios2-elf/lib/mno-hw-mul\libstdc++.a
LOAD c:/intelfpga/18.1/nios2eds/bin/gnu/h-x86_64-mingw32/bin/../lib/gcc/nios2-elf/5.3.0/../../../../../H-x86_64-mingw32/nios2-elf/lib/mno-hw-mul\libm.a
LOAD c:/intelfpga/18.1/nios2eds/bin/gnu/h-x86_64-mingw32/bin/../lib/gcc/nios2-elf/5.3.0/mno-hw-mul\libgcc.a
START GROUP
LOAD c:/intelfpga/18.1/nios2eds/bin/gnu/h-x86_64-mingw32/bin/../lib/gcc/nios2-elf/5.3.0/../../../../../H-x86_64-mingw32/nios2-elf/lib/mno-hw-mul\libsmallc.a
LOAD c:/intelfpga/18.1/nios2eds/bin/gnu/h-x86_64-mingw32/bin/../lib/gcc/nios2-elf/5.3.0/mno-hw-mul\libgcc.a
LOAD S:/Documents/gitrepos/CPET561/DE1_SoC_Lab6/src/SW/nios_software_bsp/\libhal_bsp.a
LOAD c:/intelfpga/18.1/nios2eds/bin/gnu/h-x86_64-mingw32/bin/../lib/gcc/nios2-elf/5.3.0/../../../../../H-x86_64-mingw32/nios2-elf/lib/mno-hw-mul\libm.a
END GROUP
LOAD c:/intelfpga/18.1/nios2eds/bin/gnu/h-x86_64-mingw32/bin/../lib/gcc/nios2-elf/5.3.0/mno-hw-mul\libgcc.a
                0x0000000000008000                __alt_mem_onchip_memory2_0 = 0x8000

.entry          0x0000000000008000       0x20
 *(.entry)
 .entry         0x0000000000008000       0x20 S:/Documents/gitrepos/CPET561/DE1_SoC_Lab6/src/SW/nios_software_bsp//obj/HAL/src/crt0.o
                0x0000000000008000                __reset

.exceptions     0x0000000000008020        0x0
                0x0000000000008020                PROVIDE (__ram_exceptions_start, ABSOLUTE (.))
                0x0000000000008020                . = ALIGN (0x20)
 *(.irq)
 *(.exceptions.entry.label)
 *(.exceptions.entry.user)
 *(.exceptions.entry.ecc_fatal)
 *(.exceptions.entry)
 *(.exceptions.irqtest.user)
 *(.exceptions.irqtest)
 *(.exceptions.irqhandler.user)
 *(.exceptions.irqhandler)
 *(.exceptions.irqreturn.user)
 *(.exceptions.irqreturn)
 *(.exceptions.notirq.label)
 *(.exceptions.notirq.user)
 *(.exceptions.notirq)
 *(.exceptions.soft.user)
 *(.exceptions.soft)
 *(.exceptions.unknown.user)
 *(.exceptions.unknown)
 *(.exceptions.exit.label)
 *(.exceptions.exit.user)
 *(.exceptions.exit)
 *(.exceptions)
                0x0000000000008020                PROVIDE (__ram_exceptions_end, ABSOLUTE (.))
                0x0000000000008020                PROVIDE (__flash_exceptions_start, LOADADDR (.exceptions))

.text           0x0000000000008020     0x12c0
                [!provide]                        PROVIDE (stext, ABSOLUTE (.))
 *(.interp)
 *(.hash)
 *(.dynsym)
 *(.dynstr)
 *(.gnu.version)
 *(.gnu.version_d)
 *(.gnu.version_r)
 *(.rel.init)
 *(.rela.init)
 *(.rel.text .rel.text.* .rel.gnu.linkonce.t.*)
 *(.rela.text .rela.text.* .rela.gnu.linkonce.t.*)
 *(.rel.fini)
 *(.rela.fini)
 *(.rel.rodata .rel.rodata.* .rel.gnu.linkonce.r.*)
 *(.rela.rodata .rela.rodata.* .rela.gnu.linkonce.r.*)
 *(.rel.data .rel.data.* .rel.gnu.linkonce.d.*)
 *(.rela.data .rela.data.* .rela.gnu.linkonce.d.*)
 *(.rel.tdata .rel.tdata.* .rel.gnu.linkonce.td.*)
 *(.rela.tdata .rela.tdata.* .rela.gnu.linkonce.td.*)
 *(.rel.tbss .rel.tbss.* .rel.gnu.linkonce.tb.*)
 *(.rela.tbss .rela.tbss.* .rela.gnu.linkonce.tb.*)
 *(.rel.ctors)
 *(.rela.ctors)
 *(.rel.dtors)
 *(.rela.dtors)
 *(.rel.got)
 *(.rela.got)
 *(.rel.sdata .rel.sdata.* .rel.gnu.linkonce.s.*)
 *(.rela.sdata .rela.sdata.* .rela.gnu.linkonce.s.*)
 *(.rel.sbss .rel.sbss.* .rel.gnu.linkonce.sb.*)
 *(.rela.sbss .rela.sbss.* .rela.gnu.linkonce.sb.*)
 *(.rel.sdata2 .rel.sdata2.* .rel.gnu.linkonce.s2.*)
 *(.rela.sdata2 .rela.sdata2.* .rela.gnu.linkonce.s2.*)
 *(.rel.sbss2 .rel.sbss2.* .rel.gnu.linkonce.sb2.*)
 *(.rela.sbss2 .rela.sbss2.* .rela.gnu.linkonce.sb2.*)
 *(.rel.bss .rel.bss.* .rel.gnu.linkonce.b.*)
 *(.rela.bss .rela.bss.* .rela.gnu.linkonce.b.*)
 *(.rel.plt)
 *(.rela.plt)
 *(.rel.dyn)
 *(.init)
 *(.plt)
 *(.text .stub .text.* .gnu.linkonce.t.*)
 .text          0x0000000000008020       0x3c S:/Documents/gitrepos/CPET561/DE1_SoC_Lab6/src/SW/nios_software_bsp//obj/HAL/src/crt0.o
                0x0000000000008020                _start
 .text          0x000000000000805c      0x2a8 obj/default/lab6_0.o
                0x000000000000805c                main
                0x00000000000080b8                uint32_ram_test
                0x0000000000008188                uint16_ram_test
                0x0000000000008258                uint8_ram_test
 .text          0x0000000000008304       0xec S:/Documents/gitrepos/CPET561/DE1_SoC_Lab6/src/SW/nios_software_bsp/\libhal_bsp.a(alt_load.o)
                0x000000000000836c                alt_load
 .text          0x00000000000083f0       0x6c S:/Documents/gitrepos/CPET561/DE1_SoC_Lab6/src/SW/nios_software_bsp/\libhal_bsp.a(alt_main.o)
                0x00000000000083f0                alt_main
 .text          0x000000000000845c       0xa4 S:/Documents/gitrepos/CPET561/DE1_SoC_Lab6/src/SW/nios_software_bsp/\libhal_bsp.a(alt_sys_init.o)
                0x0000000000008490                alt_irq_init
                0x00000000000084c8                alt_sys_init
 .text          0x0000000000008500       0xc0 S:/Documents/gitrepos/CPET561/DE1_SoC_Lab6/src/SW/nios_software_bsp/\libhal_bsp.a(altera_avalon_jtag_uart_fd.o)
                0x0000000000008500                altera_avalon_jtag_uart_read_fd
                0x0000000000008560                altera_avalon_jtag_uart_write_fd
 .text          0x00000000000085c0       0xec S:/Documents/gitrepos/CPET561/DE1_SoC_Lab6/src/SW/nios_software_bsp/\libhal_bsp.a(altera_avalon_jtag_uart_read.o)
                0x00000000000085c0                altera_avalon_jtag_uart_read
 .text          0x00000000000086ac       0x94 S:/Documents/gitrepos/CPET561/DE1_SoC_Lab6/src/SW/nios_software_bsp/\libhal_bsp.a(altera_avalon_jtag_uart_write.o)
                0x00000000000086ac                altera_avalon_jtag_uart_write
 .text          0x0000000000008740      0x114 S:/Documents/gitrepos/CPET561/DE1_SoC_Lab6/src/SW/nios_software_bsp/\libhal_bsp.a(alt_close.o)
                0x000000000000877c                close
 .text          0x0000000000008854       0x20 S:/Documents/gitrepos/CPET561/DE1_SoC_Lab6/src/SW/nios_software_bsp/\libhal_bsp.a(alt_dcache_flush_all.o)
                0x0000000000008854                alt_dcache_flush_all
 .text          0x0000000000008874       0x2c S:/Documents/gitrepos/CPET561/DE1_SoC_Lab6/src/SW/nios_software_bsp/\libhal_bsp.a(alt_dev.o)
 .text          0x00000000000088a0       0xe0 S:/Documents/gitrepos/CPET561/DE1_SoC_Lab6/src/SW/nios_software_bsp/\libhal_bsp.a(alt_dev_llist_insert.o)
                0x00000000000088dc                alt_dev_llist_insert
 .text          0x0000000000008980        0x0 S:/Documents/gitrepos/CPET561/DE1_SoC_Lab6/src/SW/nios_software_bsp/\libhal_bsp.a(alt_errno.o)
 .text          0x0000000000008980       0x20 S:/Documents/gitrepos/CPET561/DE1_SoC_Lab6/src/SW/nios_software_bsp/\libhal_bsp.a(alt_icache_flush_all.o)
                0x0000000000008980                alt_icache_flush_all
 .text          0x00000000000089a0      0x160 S:/Documents/gitrepos/CPET561/DE1_SoC_Lab6/src/SW/nios_software_bsp/\libhal_bsp.a(alt_io_redirect.o)
                0x0000000000008a84                alt_io_redirect
 .text          0x0000000000008b00      0x284 S:/Documents/gitrepos/CPET561/DE1_SoC_Lab6/src/SW/nios_software_bsp/\libhal_bsp.a(alt_open.o)
                0x0000000000008c28                open
 .text          0x0000000000008d84       0x84 S:/Documents/gitrepos/CPET561/DE1_SoC_Lab6/src/SW/nios_software_bsp/\libhal_bsp.a(alt_release_fd.o)
                0x0000000000008d84                alt_release_fd
 .text          0x0000000000008e08       0x24 S:/Documents/gitrepos/CPET561/DE1_SoC_Lab6/src/SW/nios_software_bsp/\libhal_bsp.a(altera_nios2_gen2_irq.o)
                0x0000000000008e08                altera_nios2_gen2_irq_init
 .text          0x0000000000008e2c       0x90 S:/Documents/gitrepos/CPET561/DE1_SoC_Lab6/src/SW/nios_software_bsp/\libhal_bsp.a(alt_find_dev.o)
                0x0000000000008e2c                alt_find_dev
 .text          0x0000000000008ebc      0x108 S:/Documents/gitrepos/CPET561/DE1_SoC_Lab6/src/SW/nios_software_bsp/\libhal_bsp.a(alt_find_file.o)
                0x0000000000008ebc                alt_find_file
 .text          0x0000000000008fc4       0xc4 S:/Documents/gitrepos/CPET561/DE1_SoC_Lab6/src/SW/nios_software_bsp/\libhal_bsp.a(alt_get_fd.o)
                0x0000000000008fc4                alt_get_fd
 .text          0x0000000000009088        0x0 c:/intelfpga/18.1/nios2eds/bin/gnu/h-x86_64-mingw32/bin/../lib/gcc/nios2-elf/5.3.0/../../../../../H-x86_64-mingw32/nios2-elf/lib/mno-hw-mul\libsmallc.a(lib_a-exit.o)
 .text.exit     0x0000000000009088       0x20 c:/intelfpga/18.1/nios2eds/bin/gnu/h-x86_64-mingw32/bin/../lib/gcc/nios2-elf/5.3.0/../../../../../H-x86_64-mingw32/nios2-elf/lib/mno-hw-mul\libsmallc.a(lib_a-exit.o)
                0x0000000000009088                exit
 .text          0x00000000000090a8        0x0 c:/intelfpga/18.1/nios2eds/bin/gnu/h-x86_64-mingw32/bin/../lib/gcc/nios2-elf/5.3.0/../../../../../H-x86_64-mingw32/nios2-elf/lib/mno-hw-mul\libsmallc.a(lib_a-int_errno.o)
 .text          0x00000000000090a8        0x0 c:/intelfpga/18.1/nios2eds/bin/gnu/h-x86_64-mingw32/bin/../lib/gcc/nios2-elf/5.3.0/../../../../../H-x86_64-mingw32/nios2-elf/lib/mno-hw-mul\libsmallc.a(lib_a-memcmp.o)
 .text.memcmp   0x00000000000090a8       0x30 c:/intelfpga/18.1/nios2eds/bin/gnu/h-x86_64-mingw32/bin/../lib/gcc/nios2-elf/5.3.0/../../../../../H-x86_64-mingw32/nios2-elf/lib/mno-hw-mul\libsmallc.a(lib_a-memcmp.o)
                0x00000000000090a8                memcmp
 .text          0x00000000000090d8        0x0 c:/intelfpga/18.1/nios2eds/bin/gnu/h-x86_64-mingw32/bin/../lib/gcc/nios2-elf/5.3.0/../../../../../H-x86_64-mingw32/nios2-elf/lib/mno-hw-mul\libsmallc.a(lib_a-strlen.o)
 .text.strlen   0x00000000000090d8       0x1c c:/intelfpga/18.1/nios2eds/bin/gnu/h-x86_64-mingw32/bin/../lib/gcc/nios2-elf/5.3.0/../../../../../H-x86_64-mingw32/nios2-elf/lib/mno-hw-mul\libsmallc.a(lib_a-strlen.o)
                0x00000000000090d8                strlen
 .text          0x00000000000090f4        0x0 c:/intelfpga/18.1/nios2eds/bin/gnu/h-x86_64-mingw32/bin/../lib/gcc/nios2-elf/5.3.0/../../../../../H-x86_64-mingw32/nios2-elf/lib/mno-hw-mul\libsmallc.a(lib_a-__call_atexit.o)
 .text.__call_exitprocs
                0x00000000000090f4      0x190 c:/intelfpga/18.1/nios2eds/bin/gnu/h-x86_64-mingw32/bin/../lib/gcc/nios2-elf/5.3.0/../../../../../H-x86_64-mingw32/nios2-elf/lib/mno-hw-mul\libsmallc.a(lib_a-__call_atexit.o)
                0x00000000000090f4                __call_exitprocs
 .text          0x0000000000009284        0x0 c:/intelfpga/18.1/nios2eds/bin/gnu/h-x86_64-mingw32/bin/../lib/gcc/nios2-elf/5.3.0/../../../../../H-x86_64-mingw32/nios2-elf/lib/mno-hw-mul\libsmallc.a(lib_a-impure.o)
 .text          0x0000000000009284       0x28 c:/intelfpga/18.1/nios2eds/bin/gnu/h-x86_64-mingw32/bin/../lib/gcc/nios2-elf/5.3.0/mno-hw-mul\libgcc.a(lib2-mul.o)
                0x0000000000009284                __mulsi3
 .text          0x00000000000092ac       0x34 S:/Documents/gitrepos/CPET561/DE1_SoC_Lab6/src/SW/nios_software_bsp/\libhal_bsp.a(alt_exit.o)
                0x00000000000092ac                _exit
 *(.gnu.warning.*)
 *(.fini)
                [!provide]                        PROVIDE (__etext, ABSOLUTE (.))
                [!provide]                        PROVIDE (_etext, ABSOLUTE (.))
                [!provide]                        PROVIDE (etext, ABSOLUTE (.))
 *(.eh_frame_hdr)
                0x00000000000092e0                . = ALIGN (0x4)
                [!provide]                        PROVIDE (__preinit_array_start, ABSOLUTE (.))
 *(.preinit_array)
                [!provide]                        PROVIDE (__preinit_array_end, ABSOLUTE (.))
                [!provide]                        PROVIDE (__init_array_start, ABSOLUTE (.))
 *(.init_array)
                [!provide]                        PROVIDE (__init_array_end, ABSOLUTE (.))
                [!provide]                        PROVIDE (__fini_array_start, ABSOLUTE (.))
 *(.fini_array)
                [!provide]                        PROVIDE (__fini_array_end, ABSOLUTE (.))
 *(.eh_frame)
 *(.gcc_except_table .gcc_except_table.*)
 *(.dynamic)
                [!provide]                        PROVIDE (__CTOR_LIST__, ABSOLUTE (.))
 *(.ctors)
 *(SORT(.ctors.*))
                [!provide]                        PROVIDE (__CTOR_END__, ABSOLUTE (.))
                [!provide]                        PROVIDE (__DTOR_LIST__, ABSOLUTE (.))
 *(.dtors)
 *(SORT(.dtors.*))
                [!provide]                        PROVIDE (__DTOR_END__, ABSOLUTE (.))
 *(.jcr)
                0x00000000000092e0                . = ALIGN (0x4)

.rodata         0x00000000000092e0       0x34
                0x00000000000092e0                PROVIDE (__ram_rodata_start, ABSOLUTE (.))
                0x00000000000092e0                . = ALIGN (0x4)
 *(.rodata .rodata.* .gnu.linkonce.r.*)
 .rodata        0x00000000000092e0       0x11 S:/Documents/gitrepos/CPET561/DE1_SoC_Lab6/src/SW/nios_software_bsp/\libhal_bsp.a(alt_main.o)
 *fill*         0x00000000000092f1        0x3 
 .rodata        0x00000000000092f4       0x11 S:/Documents/gitrepos/CPET561/DE1_SoC_Lab6/src/SW/nios_software_bsp/\libhal_bsp.a(alt_sys_init.o)
 *fill*         0x0000000000009305        0x3 
 .rodata        0x0000000000009308        0xa S:/Documents/gitrepos/CPET561/DE1_SoC_Lab6/src/SW/nios_software_bsp/\libhal_bsp.a(alt_dev.o)
 *(.rodata1)
                0x0000000000009314                . = ALIGN (0x4)
 *fill*         0x0000000000009312        0x2 
                0x0000000000009314                PROVIDE (__ram_rodata_end, ABSOLUTE (.))
                0x00000000000092e0                PROVIDE (__flash_rodata_start, LOADADDR (.rodata))

.rwdata         0x0000000000009314      0x2e0 load address 0x00000000000095f4
                0x0000000000009314                PROVIDE (__ram_rwdata_start, ABSOLUTE (.))
                0x0000000000009314                . = ALIGN (0x4)
 *(.got.plt)
 *(.got)
 *(.data1)
 *(.data .data.* .gnu.linkonce.d.*)
 .data          0x0000000000009314        0x0 S:/Documents/gitrepos/CPET561/DE1_SoC_Lab6/src/SW/nios_software_bsp//obj/HAL/src/crt0.o
 .data          0x0000000000009314        0x0 obj/default/lab6_0.o
 .data          0x0000000000009314        0x0 S:/Documents/gitrepos/CPET561/DE1_SoC_Lab6/src/SW/nios_software_bsp/\libhal_bsp.a(alt_load.o)
 .data          0x0000000000009314        0x0 S:/Documents/gitrepos/CPET561/DE1_SoC_Lab6/src/SW/nios_software_bsp/\libhal_bsp.a(alt_main.o)
 .data          0x0000000000009314       0x2c S:/Documents/gitrepos/CPET561/DE1_SoC_Lab6/src/SW/nios_software_bsp/\libhal_bsp.a(alt_sys_init.o)
 .data          0x0000000000009340        0x0 S:/Documents/gitrepos/CPET561/DE1_SoC_Lab6/src/SW/nios_software_bsp/\libhal_bsp.a(altera_avalon_jtag_uart_fd.o)
 .data          0x0000000000009340        0x0 S:/Documents/gitrepos/CPET561/DE1_SoC_Lab6/src/SW/nios_software_bsp/\libhal_bsp.a(altera_avalon_jtag_uart_read.o)
 .data          0x0000000000009340        0x0 S:/Documents/gitrepos/CPET561/DE1_SoC_Lab6/src/SW/nios_software_bsp/\libhal_bsp.a(altera_avalon_jtag_uart_write.o)
 .data          0x0000000000009340        0x0 S:/Documents/gitrepos/CPET561/DE1_SoC_Lab6/src/SW/nios_software_bsp/\libhal_bsp.a(alt_close.o)
 .data          0x0000000000009340        0x0 S:/Documents/gitrepos/CPET561/DE1_SoC_Lab6/src/SW/nios_software_bsp/\libhal_bsp.a(alt_dcache_flush_all.o)
 .data          0x0000000000009340      0x1a8 S:/Documents/gitrepos/CPET561/DE1_SoC_Lab6/src/SW/nios_software_bsp/\libhal_bsp.a(alt_dev.o)
                0x0000000000009340                alt_dev_null
                0x0000000000009368                alt_fd_list
 .data          0x00000000000094e8        0x0 S:/Documents/gitrepos/CPET561/DE1_SoC_Lab6/src/SW/nios_software_bsp/\libhal_bsp.a(alt_dev_llist_insert.o)
 .data          0x00000000000094e8        0x0 S:/Documents/gitrepos/CPET561/DE1_SoC_Lab6/src/SW/nios_software_bsp/\libhal_bsp.a(alt_errno.o)
 .data          0x00000000000094e8        0x0 S:/Documents/gitrepos/CPET561/DE1_SoC_Lab6/src/SW/nios_software_bsp/\libhal_bsp.a(alt_icache_flush_all.o)
 .data          0x00000000000094e8        0x0 S:/Documents/gitrepos/CPET561/DE1_SoC_Lab6/src/SW/nios_software_bsp/\libhal_bsp.a(alt_io_redirect.o)
 .data          0x00000000000094e8        0x0 S:/Documents/gitrepos/CPET561/DE1_SoC_Lab6/src/SW/nios_software_bsp/\libhal_bsp.a(alt_open.o)
 .data          0x00000000000094e8        0x0 S:/Documents/gitrepos/CPET561/DE1_SoC_Lab6/src/SW/nios_software_bsp/\libhal_bsp.a(alt_release_fd.o)
 .data          0x00000000000094e8        0x0 S:/Documents/gitrepos/CPET561/DE1_SoC_Lab6/src/SW/nios_software_bsp/\libhal_bsp.a(altera_nios2_gen2_irq.o)
 .data          0x00000000000094e8        0x0 S:/Documents/gitrepos/CPET561/DE1_SoC_Lab6/src/SW/nios_software_bsp/\libhal_bsp.a(alt_find_dev.o)
 .data          0x00000000000094e8        0x0 S:/Documents/gitrepos/CPET561/DE1_SoC_Lab6/src/SW/nios_software_bsp/\libhal_bsp.a(alt_find_file.o)
 .data          0x00000000000094e8        0x0 S:/Documents/gitrepos/CPET561/DE1_SoC_Lab6/src/SW/nios_software_bsp/\libhal_bsp.a(alt_get_fd.o)
 .data          0x00000000000094e8        0x0 c:/intelfpga/18.1/nios2eds/bin/gnu/h-x86_64-mingw32/bin/../lib/gcc/nios2-elf/5.3.0/../../../../../H-x86_64-mingw32/nios2-elf/lib/mno-hw-mul\libsmallc.a(lib_a-exit.o)
 .data          0x00000000000094e8        0x0 c:/intelfpga/18.1/nios2eds/bin/gnu/h-x86_64-mingw32/bin/../lib/gcc/nios2-elf/5.3.0/../../../../../H-x86_64-mingw32/nios2-elf/lib/mno-hw-mul\libsmallc.a(lib_a-int_errno.o)
 .data          0x00000000000094e8        0x0 c:/intelfpga/18.1/nios2eds/bin/gnu/h-x86_64-mingw32/bin/../lib/gcc/nios2-elf/5.3.0/../../../../../H-x86_64-mingw32/nios2-elf/lib/mno-hw-mul\libsmallc.a(lib_a-memcmp.o)
 .data          0x00000000000094e8        0x0 c:/intelfpga/18.1/nios2eds/bin/gnu/h-x86_64-mingw32/bin/../lib/gcc/nios2-elf/5.3.0/../../../../../H-x86_64-mingw32/nios2-elf/lib/mno-hw-mul\libsmallc.a(lib_a-strlen.o)
 .data          0x00000000000094e8        0x0 c:/intelfpga/18.1/nios2eds/bin/gnu/h-x86_64-mingw32/bin/../lib/gcc/nios2-elf/5.3.0/../../../../../H-x86_64-mingw32/nios2-elf/lib/mno-hw-mul\libsmallc.a(lib_a-__call_atexit.o)
 .data          0x00000000000094e8        0x0 c:/intelfpga/18.1/nios2eds/bin/gnu/h-x86_64-mingw32/bin/../lib/gcc/nios2-elf/5.3.0/../../../../../H-x86_64-mingw32/nios2-elf/lib/mno-hw-mul\libsmallc.a(lib_a-impure.o)
 .data.impure_data
                0x00000000000094e8       0xe0 c:/intelfpga/18.1/nios2eds/bin/gnu/h-x86_64-mingw32/bin/../lib/gcc/nios2-elf/5.3.0/../../../../../H-x86_64-mingw32/nios2-elf/lib/mno-hw-mul\libsmallc.a(lib_a-impure.o)
 .data          0x00000000000095c8        0x0 c:/intelfpga/18.1/nios2eds/bin/gnu/h-x86_64-mingw32/bin/../lib/gcc/nios2-elf/5.3.0/mno-hw-mul\libgcc.a(lib2-mul.o)
 .data          0x00000000000095c8        0x0 S:/Documents/gitrepos/CPET561/DE1_SoC_Lab6/src/SW/nios_software_bsp/\libhal_bsp.a(alt_exit.o)
                0x00000000000115c8                _gp = ABSOLUTE ((. + 0x8000))
                [!provide]                        PROVIDE (gp, _gp)
 *(.rwdata .rwdata.*)
 *(.sdata .sdata.* .gnu.linkonce.s.*)
 .sdata         0x00000000000095c8        0xc obj/default/lab6_0.o
                0x00000000000095c8                Key_0_ptr
                0x00000000000095cc                Led_0_ptr
                0x00000000000095d0                Inferred_ram_ptr
 .sdata         0x00000000000095d4       0x14 S:/Documents/gitrepos/CPET561/DE1_SoC_Lab6/src/SW/nios_software_bsp/\libhal_bsp.a(alt_dev.o)
                0x00000000000095d4                alt_fs_list
                0x00000000000095dc                alt_dev_list
                0x00000000000095e4                alt_max_fd
 .sdata         0x00000000000095e8        0x4 S:/Documents/gitrepos/CPET561/DE1_SoC_Lab6/src/SW/nios_software_bsp/\libhal_bsp.a(alt_errno.o)
                0x00000000000095e8                alt_errno
 .sdata._global_impure_ptr
                0x00000000000095ec        0x4 c:/intelfpga/18.1/nios2eds/bin/gnu/h-x86_64-mingw32/bin/../lib/gcc/nios2-elf/5.3.0/../../../../../H-x86_64-mingw32/nios2-elf/lib/mno-hw-mul\libsmallc.a(lib_a-impure.o)
                0x00000000000095ec                _global_impure_ptr
 .sdata._impure_ptr
                0x00000000000095f0        0x4 c:/intelfpga/18.1/nios2eds/bin/gnu/h-x86_64-mingw32/bin/../lib/gcc/nios2-elf/5.3.0/../../../../../H-x86_64-mingw32/nios2-elf/lib/mno-hw-mul\libsmallc.a(lib_a-impure.o)
                0x00000000000095f0                _impure_ptr
 *(.sdata2 .sdata2.* .gnu.linkonce.s2.*)
                0x00000000000095f4                . = ALIGN (0x4)
                0x00000000000095f4                _edata = ABSOLUTE (.)
                [!provide]                        PROVIDE (edata, ABSOLUTE (.))
                0x00000000000095f4                PROVIDE (__ram_rwdata_end, ABSOLUTE (.))
                0x00000000000095f4                PROVIDE (__flash_rwdata_start, LOADADDR (.rwdata))

.bss            0x00000000000098d4       0x10
                0x00000000000098d4                __bss_start = ABSOLUTE (.)
                [!provide]                        PROVIDE (__sbss_start, ABSOLUTE (.))
                [!provide]                        PROVIDE (___sbss_start, ABSOLUTE (.))
 *(.dynsbss)
 *(.sbss .sbss.* .gnu.linkonce.sb.*)
 .sbss          0x00000000000098d4        0xc S:/Documents/gitrepos/CPET561/DE1_SoC_Lab6/src/SW/nios_software_bsp/\libhal_bsp.a(alt_main.o)
                0x00000000000098d4                alt_argc
                0x00000000000098d8                alt_argv
                0x00000000000098dc                alt_envp
 .sbss          0x00000000000098e0        0x4 c:/intelfpga/18.1/nios2eds/bin/gnu/h-x86_64-mingw32/bin/../lib/gcc/nios2-elf/5.3.0/../../../../../H-x86_64-mingw32/nios2-elf/lib/mno-hw-mul\libsmallc.a(lib_a-int_errno.o)
                0x00000000000098e0                errno
 *(.sbss2 .sbss2.* .gnu.linkonce.sb2.*)
 *(.scommon)
                [!provide]                        PROVIDE (__sbss_end, ABSOLUTE (.))
                [!provide]                        PROVIDE (___sbss_end, ABSOLUTE (.))
 *(.dynbss)
 *(.bss .bss.* .gnu.linkonce.b.*)
 .bss           0x00000000000098e4        0x0 S:/Documents/gitrepos/CPET561/DE1_SoC_Lab6/src/SW/nios_software_bsp//obj/HAL/src/crt0.o
 .bss           0x00000000000098e4        0x0 obj/default/lab6_0.o
 .bss           0x00000000000098e4        0x0 S:/Documents/gitrepos/CPET561/DE1_SoC_Lab6/src/SW/nios_software_bsp/\libhal_bsp.a(alt_load.o)
 .bss           0x00000000000098e4        0x0 S:/Documents/gitrepos/CPET561/DE1_SoC_Lab6/src/SW/nios_software_bsp/\libhal_bsp.a(alt_main.o)
 .bss           0x00000000000098e4        0x0 S:/Documents/gitrepos/CPET561/DE1_SoC_Lab6/src/SW/nios_software_bsp/\libhal_bsp.a(alt_sys_init.o)
 .bss           0x00000000000098e4        0x0 S:/Documents/gitrepos/CPET561/DE1_SoC_Lab6/src/SW/nios_software_bsp/\libhal_bsp.a(altera_avalon_jtag_uart_fd.o)
 .bss           0x00000000000098e4        0x0 S:/Documents/gitrepos/CPET561/DE1_SoC_Lab6/src/SW/nios_software_bsp/\libhal_bsp.a(altera_avalon_jtag_uart_read.o)
 .bss           0x00000000000098e4        0x0 S:/Documents/gitrepos/CPET561/DE1_SoC_Lab6/src/SW/nios_software_bsp/\libhal_bsp.a(altera_avalon_jtag_uart_write.o)
 .bss           0x00000000000098e4        0x0 S:/Documents/gitrepos/CPET561/DE1_SoC_Lab6/src/SW/nios_software_bsp/\libhal_bsp.a(alt_close.o)
 .bss           0x00000000000098e4        0x0 S:/Documents/gitrepos/CPET561/DE1_SoC_Lab6/src/SW/nios_software_bsp/\libhal_bsp.a(alt_dcache_flush_all.o)
 .bss           0x00000000000098e4        0x0 S:/Documents/gitrepos/CPET561/DE1_SoC_Lab6/src/SW/nios_software_bsp/\libhal_bsp.a(alt_dev.o)
 .bss           0x00000000000098e4        0x0 S:/Documents/gitrepos/CPET561/DE1_SoC_Lab6/src/SW/nios_software_bsp/\libhal_bsp.a(alt_dev_llist_insert.o)
 .bss           0x00000000000098e4        0x0 S:/Documents/gitrepos/CPET561/DE1_SoC_Lab6/src/SW/nios_software_bsp/\libhal_bsp.a(alt_errno.o)
 .bss           0x00000000000098e4        0x0 S:/Documents/gitrepos/CPET561/DE1_SoC_Lab6/src/SW/nios_software_bsp/\libhal_bsp.a(alt_icache_flush_all.o)
 .bss           0x00000000000098e4        0x0 S:/Documents/gitrepos/CPET561/DE1_SoC_Lab6/src/SW/nios_software_bsp/\libhal_bsp.a(alt_io_redirect.o)
 .bss           0x00000000000098e4        0x0 S:/Documents/gitrepos/CPET561/DE1_SoC_Lab6/src/SW/nios_software_bsp/\libhal_bsp.a(alt_open.o)
 .bss           0x00000000000098e4        0x0 S:/Documents/gitrepos/CPET561/DE1_SoC_Lab6/src/SW/nios_software_bsp/\libhal_bsp.a(alt_release_fd.o)
 .bss           0x00000000000098e4        0x0 S:/Documents/gitrepos/CPET561/DE1_SoC_Lab6/src/SW/nios_software_bsp/\libhal_bsp.a(altera_nios2_gen2_irq.o)
 .bss           0x00000000000098e4        0x0 S:/Documents/gitrepos/CPET561/DE1_SoC_Lab6/src/SW/nios_software_bsp/\libhal_bsp.a(alt_find_dev.o)
 .bss           0x00000000000098e4        0x0 S:/Documents/gitrepos/CPET561/DE1_SoC_Lab6/src/SW/nios_software_bsp/\libhal_bsp.a(alt_find_file.o)
 .bss           0x00000000000098e4        0x0 S:/Documents/gitrepos/CPET561/DE1_SoC_Lab6/src/SW/nios_software_bsp/\libhal_bsp.a(alt_get_fd.o)
 .bss           0x00000000000098e4        0x0 c:/intelfpga/18.1/nios2eds/bin/gnu/h-x86_64-mingw32/bin/../lib/gcc/nios2-elf/5.3.0/../../../../../H-x86_64-mingw32/nios2-elf/lib/mno-hw-mul\libsmallc.a(lib_a-exit.o)
 .bss           0x00000000000098e4        0x0 c:/intelfpga/18.1/nios2eds/bin/gnu/h-x86_64-mingw32/bin/../lib/gcc/nios2-elf/5.3.0/../../../../../H-x86_64-mingw32/nios2-elf/lib/mno-hw-mul\libsmallc.a(lib_a-int_errno.o)
 .bss           0x00000000000098e4        0x0 c:/intelfpga/18.1/nios2eds/bin/gnu/h-x86_64-mingw32/bin/../lib/gcc/nios2-elf/5.3.0/../../../../../H-x86_64-mingw32/nios2-elf/lib/mno-hw-mul\libsmallc.a(lib_a-memcmp.o)
 .bss           0x00000000000098e4        0x0 c:/intelfpga/18.1/nios2eds/bin/gnu/h-x86_64-mingw32/bin/../lib/gcc/nios2-elf/5.3.0/../../../../../H-x86_64-mingw32/nios2-elf/lib/mno-hw-mul\libsmallc.a(lib_a-strlen.o)
 .bss           0x00000000000098e4        0x0 c:/intelfpga/18.1/nios2eds/bin/gnu/h-x86_64-mingw32/bin/../lib/gcc/nios2-elf/5.3.0/../../../../../H-x86_64-mingw32/nios2-elf/lib/mno-hw-mul\libsmallc.a(lib_a-__call_atexit.o)
 .bss           0x00000000000098e4        0x0 c:/intelfpga/18.1/nios2eds/bin/gnu/h-x86_64-mingw32/bin/../lib/gcc/nios2-elf/5.3.0/../../../../../H-x86_64-mingw32/nios2-elf/lib/mno-hw-mul\libsmallc.a(lib_a-impure.o)
 .bss           0x00000000000098e4        0x0 c:/intelfpga/18.1/nios2eds/bin/gnu/h-x86_64-mingw32/bin/../lib/gcc/nios2-elf/5.3.0/mno-hw-mul\libgcc.a(lib2-mul.o)
 .bss           0x00000000000098e4        0x0 S:/Documents/gitrepos/CPET561/DE1_SoC_Lab6/src/SW/nios_software_bsp/\libhal_bsp.a(alt_exit.o)
 *(COMMON)
                0x00000000000098e4                . = ALIGN (0x4)
                0x00000000000098e4                __bss_end = ABSOLUTE (.)

.onchip_memory2_0
                0x00000000000098e4        0x0
                [!provide]                        PROVIDE (_alt_partition_onchip_memory2_0_start, ABSOLUTE (.))
 *(.onchip_memory2_0 .onchip_memory2_0. onchip_memory2_0.*)
                0x00000000000098e4                . = ALIGN (0x4)
                [!provide]                        PROVIDE (_alt_partition_onchip_memory2_0_end, ABSOLUTE (.))
                0x00000000000098e4                _end = ABSOLUTE (.)
                0x00000000000098e4                end = ABSOLUTE (.)
                0x00000000000098e4                __alt_stack_base = ABSOLUTE (.)
                [!provide]                        PROVIDE (_alt_partition_onchip_memory2_0_load_addr, LOADADDR (.onchip_memory2_0))

.stab
 *(.stab)

.stabstr
 *(.stabstr)

.stab.excl
 *(.stab.excl)

.stab.exclstr
 *(.stab.exclstr)

.stab.index
 *(.stab.index)

.stab.indexstr
 *(.stab.indexstr)

.comment        0x0000000000000000       0x23
 *(.comment)
 .comment       0x0000000000000000       0x23 obj/default/lab6_0.o
                                         0x24 (size before relaxing)
 .comment       0x0000000000000023       0x24 S:/Documents/gitrepos/CPET561/DE1_SoC_Lab6/src/SW/nios_software_bsp/\libhal_bsp.a(alt_load.o)
 .comment       0x0000000000000023       0x24 S:/Documents/gitrepos/CPET561/DE1_SoC_Lab6/src/SW/nios_software_bsp/\libhal_bsp.a(alt_main.o)
 .comment       0x0000000000000023       0x24 S:/Documents/gitrepos/CPET561/DE1_SoC_Lab6/src/SW/nios_software_bsp/\libhal_bsp.a(alt_sys_init.o)
 .comment       0x0000000000000023       0x24 S:/Documents/gitrepos/CPET561/DE1_SoC_Lab6/src/SW/nios_software_bsp/\libhal_bsp.a(altera_avalon_jtag_uart_fd.o)
 .comment       0x0000000000000023       0x24 S:/Documents/gitrepos/CPET561/DE1_SoC_Lab6/src/SW/nios_software_bsp/\libhal_bsp.a(altera_avalon_jtag_uart_read.o)
 .comment       0x0000000000000023       0x24 S:/Documents/gitrepos/CPET561/DE1_SoC_Lab6/src/SW/nios_software_bsp/\libhal_bsp.a(altera_avalon_jtag_uart_write.o)
 .comment       0x0000000000000023       0x24 S:/Documents/gitrepos/CPET561/DE1_SoC_Lab6/src/SW/nios_software_bsp/\libhal_bsp.a(alt_close.o)
 .comment       0x0000000000000023       0x24 S:/Documents/gitrepos/CPET561/DE1_SoC_Lab6/src/SW/nios_software_bsp/\libhal_bsp.a(alt_dcache_flush_all.o)
 .comment       0x0000000000000023       0x24 S:/Documents/gitrepos/CPET561/DE1_SoC_Lab6/src/SW/nios_software_bsp/\libhal_bsp.a(alt_dev.o)
 .comment       0x0000000000000023       0x24 S:/Documents/gitrepos/CPET561/DE1_SoC_Lab6/src/SW/nios_software_bsp/\libhal_bsp.a(alt_dev_llist_insert.o)
 .comment       0x0000000000000023       0x24 S:/Documents/gitrepos/CPET561/DE1_SoC_Lab6/src/SW/nios_software_bsp/\libhal_bsp.a(alt_errno.o)
 .comment       0x0000000000000023       0x24 S:/Documents/gitrepos/CPET561/DE1_SoC_Lab6/src/SW/nios_software_bsp/\libhal_bsp.a(alt_icache_flush_all.o)
 .comment       0x0000000000000023       0x24 S:/Documents/gitrepos/CPET561/DE1_SoC_Lab6/src/SW/nios_software_bsp/\libhal_bsp.a(alt_io_redirect.o)
 .comment       0x0000000000000023       0x24 S:/Documents/gitrepos/CPET561/DE1_SoC_Lab6/src/SW/nios_software_bsp/\libhal_bsp.a(alt_open.o)
 .comment       0x0000000000000023       0x24 S:/Documents/gitrepos/CPET561/DE1_SoC_Lab6/src/SW/nios_software_bsp/\libhal_bsp.a(alt_release_fd.o)
 .comment       0x0000000000000023       0x24 S:/Documents/gitrepos/CPET561/DE1_SoC_Lab6/src/SW/nios_software_bsp/\libhal_bsp.a(altera_nios2_gen2_irq.o)
 .comment       0x0000000000000023       0x24 S:/Documents/gitrepos/CPET561/DE1_SoC_Lab6/src/SW/nios_software_bsp/\libhal_bsp.a(alt_find_dev.o)
 .comment       0x0000000000000023       0x24 S:/Documents/gitrepos/CPET561/DE1_SoC_Lab6/src/SW/nios_software_bsp/\libhal_bsp.a(alt_find_file.o)
 .comment       0x0000000000000023       0x24 S:/Documents/gitrepos/CPET561/DE1_SoC_Lab6/src/SW/nios_software_bsp/\libhal_bsp.a(alt_get_fd.o)
 .comment       0x0000000000000023       0x24 c:/intelfpga/18.1/nios2eds/bin/gnu/h-x86_64-mingw32/bin/../lib/gcc/nios2-elf/5.3.0/../../../../../H-x86_64-mingw32/nios2-elf/lib/mno-hw-mul\libsmallc.a(lib_a-exit.o)
 .comment       0x0000000000000023       0x24 c:/intelfpga/18.1/nios2eds/bin/gnu/h-x86_64-mingw32/bin/../lib/gcc/nios2-elf/5.3.0/../../../../../H-x86_64-mingw32/nios2-elf/lib/mno-hw-mul\libsmallc.a(lib_a-int_errno.o)
 .comment       0x0000000000000023       0x24 c:/intelfpga/18.1/nios2eds/bin/gnu/h-x86_64-mingw32/bin/../lib/gcc/nios2-elf/5.3.0/../../../../../H-x86_64-mingw32/nios2-elf/lib/mno-hw-mul\libsmallc.a(lib_a-memcmp.o)
 .comment       0x0000000000000023       0x24 c:/intelfpga/18.1/nios2eds/bin/gnu/h-x86_64-mingw32/bin/../lib/gcc/nios2-elf/5.3.0/../../../../../H-x86_64-mingw32/nios2-elf/lib/mno-hw-mul\libsmallc.a(lib_a-strlen.o)
 .comment       0x0000000000000023       0x24 c:/intelfpga/18.1/nios2eds/bin/gnu/h-x86_64-mingw32/bin/../lib/gcc/nios2-elf/5.3.0/../../../../../H-x86_64-mingw32/nios2-elf/lib/mno-hw-mul\libsmallc.a(lib_a-__call_atexit.o)
 .comment       0x0000000000000023       0x24 c:/intelfpga/18.1/nios2eds/bin/gnu/h-x86_64-mingw32/bin/../lib/gcc/nios2-elf/5.3.0/../../../../../H-x86_64-mingw32/nios2-elf/lib/mno-hw-mul\libsmallc.a(lib_a-impure.o)
 .comment       0x0000000000000023       0x24 c:/intelfpga/18.1/nios2eds/bin/gnu/h-x86_64-mingw32/bin/../lib/gcc/nios2-elf/5.3.0/mno-hw-mul\libgcc.a(lib2-mul.o)
 .comment       0x0000000000000023       0x24 S:/Documents/gitrepos/CPET561/DE1_SoC_Lab6/src/SW/nios_software_bsp/\libhal_bsp.a(alt_exit.o)

.debug
 *(.debug)

.line
 *(.line)

.debug_srcinfo
 *(.debug_srcinfo)

.debug_sfnames
 *(.debug_sfnames)

.debug_aranges  0x0000000000000000      0x390
 *(.debug_aranges)
 .debug_aranges
                0x0000000000000000       0x28 S:/Documents/gitrepos/CPET561/DE1_SoC_Lab6/src/SW/nios_software_bsp//obj/HAL/src/crt0.o
 .debug_aranges
                0x0000000000000028       0x20 obj/default/lab6_0.o
 .debug_aranges
                0x0000000000000048       0x20 S:/Documents/gitrepos/CPET561/DE1_SoC_Lab6/src/SW/nios_software_bsp/\libhal_bsp.a(alt_load.o)
 .debug_aranges
                0x0000000000000068       0x20 S:/Documents/gitrepos/CPET561/DE1_SoC_Lab6/src/SW/nios_software_bsp/\libhal_bsp.a(alt_main.o)
 .debug_aranges
                0x0000000000000088       0x20 S:/Documents/gitrepos/CPET561/DE1_SoC_Lab6/src/SW/nios_software_bsp/\libhal_bsp.a(alt_sys_init.o)
 .debug_aranges
                0x00000000000000a8       0x20 S:/Documents/gitrepos/CPET561/DE1_SoC_Lab6/src/SW/nios_software_bsp/\libhal_bsp.a(altera_avalon_jtag_uart_fd.o)
 .debug_aranges
                0x00000000000000c8       0x20 S:/Documents/gitrepos/CPET561/DE1_SoC_Lab6/src/SW/nios_software_bsp/\libhal_bsp.a(altera_avalon_jtag_uart_read.o)
 .debug_aranges
                0x00000000000000e8       0x20 S:/Documents/gitrepos/CPET561/DE1_SoC_Lab6/src/SW/nios_software_bsp/\libhal_bsp.a(altera_avalon_jtag_uart_write.o)
 .debug_aranges
                0x0000000000000108       0x20 S:/Documents/gitrepos/CPET561/DE1_SoC_Lab6/src/SW/nios_software_bsp/\libhal_bsp.a(alt_close.o)
 .debug_aranges
                0x0000000000000128       0x20 S:/Documents/gitrepos/CPET561/DE1_SoC_Lab6/src/SW/nios_software_bsp/\libhal_bsp.a(alt_dcache_flush_all.o)
 .debug_aranges
                0x0000000000000148       0x20 S:/Documents/gitrepos/CPET561/DE1_SoC_Lab6/src/SW/nios_software_bsp/\libhal_bsp.a(alt_dev.o)
 .debug_aranges
                0x0000000000000168       0x20 S:/Documents/gitrepos/CPET561/DE1_SoC_Lab6/src/SW/nios_software_bsp/\libhal_bsp.a(alt_dev_llist_insert.o)
 .debug_aranges
                0x0000000000000188       0x18 S:/Documents/gitrepos/CPET561/DE1_SoC_Lab6/src/SW/nios_software_bsp/\libhal_bsp.a(alt_errno.o)
 .debug_aranges
                0x00000000000001a0       0x20 S:/Documents/gitrepos/CPET561/DE1_SoC_Lab6/src/SW/nios_software_bsp/\libhal_bsp.a(alt_icache_flush_all.o)
 .debug_aranges
                0x00000000000001c0       0x20 S:/Documents/gitrepos/CPET561/DE1_SoC_Lab6/src/SW/nios_software_bsp/\libhal_bsp.a(alt_io_redirect.o)
 .debug_aranges
                0x00000000000001e0       0x20 S:/Documents/gitrepos/CPET561/DE1_SoC_Lab6/src/SW/nios_software_bsp/\libhal_bsp.a(alt_open.o)
 .debug_aranges
                0x0000000000000200       0x20 S:/Documents/gitrepos/CPET561/DE1_SoC_Lab6/src/SW/nios_software_bsp/\libhal_bsp.a(alt_release_fd.o)
 .debug_aranges
                0x0000000000000220       0x20 S:/Documents/gitrepos/CPET561/DE1_SoC_Lab6/src/SW/nios_software_bsp/\libhal_bsp.a(altera_nios2_gen2_irq.o)
 .debug_aranges
                0x0000000000000240       0x20 S:/Documents/gitrepos/CPET561/DE1_SoC_Lab6/src/SW/nios_software_bsp/\libhal_bsp.a(alt_find_dev.o)
 .debug_aranges
                0x0000000000000260       0x20 S:/Documents/gitrepos/CPET561/DE1_SoC_Lab6/src/SW/nios_software_bsp/\libhal_bsp.a(alt_find_file.o)
 .debug_aranges
                0x0000000000000280       0x20 S:/Documents/gitrepos/CPET561/DE1_SoC_Lab6/src/SW/nios_software_bsp/\libhal_bsp.a(alt_get_fd.o)
 .debug_aranges
                0x00000000000002a0       0x20 c:/intelfpga/18.1/nios2eds/bin/gnu/h-x86_64-mingw32/bin/../lib/gcc/nios2-elf/5.3.0/../../../../../H-x86_64-mingw32/nios2-elf/lib/mno-hw-mul\libsmallc.a(lib_a-exit.o)
 .debug_aranges
                0x00000000000002c0       0x18 c:/intelfpga/18.1/nios2eds/bin/gnu/h-x86_64-mingw32/bin/../lib/gcc/nios2-elf/5.3.0/../../../../../H-x86_64-mingw32/nios2-elf/lib/mno-hw-mul\libsmallc.a(lib_a-int_errno.o)
 .debug_aranges
                0x00000000000002d8       0x20 c:/intelfpga/18.1/nios2eds/bin/gnu/h-x86_64-mingw32/bin/../lib/gcc/nios2-elf/5.3.0/../../../../../H-x86_64-mingw32/nios2-elf/lib/mno-hw-mul\libsmallc.a(lib_a-memcmp.o)
 .debug_aranges
                0x00000000000002f8       0x20 c:/intelfpga/18.1/nios2eds/bin/gnu/h-x86_64-mingw32/bin/../lib/gcc/nios2-elf/5.3.0/../../../../../H-x86_64-mingw32/nios2-elf/lib/mno-hw-mul\libsmallc.a(lib_a-strlen.o)
 .debug_aranges
                0x0000000000000318       0x20 c:/intelfpga/18.1/nios2eds/bin/gnu/h-x86_64-mingw32/bin/../lib/gcc/nios2-elf/5.3.0/../../../../../H-x86_64-mingw32/nios2-elf/lib/mno-hw-mul\libsmallc.a(lib_a-__call_atexit.o)
 .debug_aranges
                0x0000000000000338       0x18 c:/intelfpga/18.1/nios2eds/bin/gnu/h-x86_64-mingw32/bin/../lib/gcc/nios2-elf/5.3.0/../../../../../H-x86_64-mingw32/nios2-elf/lib/mno-hw-mul\libsmallc.a(lib_a-impure.o)
 .debug_aranges
                0x0000000000000350       0x20 c:/intelfpga/18.1/nios2eds/bin/gnu/h-x86_64-mingw32/bin/../lib/gcc/nios2-elf/5.3.0/mno-hw-mul\libgcc.a(lib2-mul.o)
 .debug_aranges
                0x0000000000000370       0x20 S:/Documents/gitrepos/CPET561/DE1_SoC_Lab6/src/SW/nios_software_bsp/\libhal_bsp.a(alt_exit.o)

.debug_pubnames
 *(.debug_pubnames)

.debug_info     0x0000000000000000     0x4099
 *(.debug_info .gnu.linkonce.wi.*)
 .debug_info    0x0000000000000000       0x78 S:/Documents/gitrepos/CPET561/DE1_SoC_Lab6/src/SW/nios_software_bsp//obj/HAL/src/crt0.o
 .debug_info    0x0000000000000078      0x253 obj/default/lab6_0.o
 .debug_info    0x00000000000002cb      0x145 S:/Documents/gitrepos/CPET561/DE1_SoC_Lab6/src/SW/nios_software_bsp/\libhal_bsp.a(alt_load.o)
 .debug_info    0x0000000000000410      0x131 S:/Documents/gitrepos/CPET561/DE1_SoC_Lab6/src/SW/nios_software_bsp/\libhal_bsp.a(alt_main.o)
 .debug_info    0x0000000000000541      0x3c9 S:/Documents/gitrepos/CPET561/DE1_SoC_Lab6/src/SW/nios_software_bsp/\libhal_bsp.a(alt_sys_init.o)
 .debug_info    0x000000000000090a      0x3a7 S:/Documents/gitrepos/CPET561/DE1_SoC_Lab6/src/SW/nios_software_bsp/\libhal_bsp.a(altera_avalon_jtag_uart_fd.o)
 .debug_info    0x0000000000000cb1      0x1b2 S:/Documents/gitrepos/CPET561/DE1_SoC_Lab6/src/SW/nios_software_bsp/\libhal_bsp.a(altera_avalon_jtag_uart_read.o)
 .debug_info    0x0000000000000e63      0x195 S:/Documents/gitrepos/CPET561/DE1_SoC_Lab6/src/SW/nios_software_bsp/\libhal_bsp.a(altera_avalon_jtag_uart_write.o)
 .debug_info    0x0000000000000ff8      0x321 S:/Documents/gitrepos/CPET561/DE1_SoC_Lab6/src/SW/nios_software_bsp/\libhal_bsp.a(alt_close.o)
 .debug_info    0x0000000000001319       0x92 S:/Documents/gitrepos/CPET561/DE1_SoC_Lab6/src/SW/nios_software_bsp/\libhal_bsp.a(alt_dcache_flush_all.o)
 .debug_info    0x00000000000013ab      0x49c S:/Documents/gitrepos/CPET561/DE1_SoC_Lab6/src/SW/nios_software_bsp/\libhal_bsp.a(alt_dev.o)
 .debug_info    0x0000000000001847      0x1a9 S:/Documents/gitrepos/CPET561/DE1_SoC_Lab6/src/SW/nios_software_bsp/\libhal_bsp.a(alt_dev_llist_insert.o)
 .debug_info    0x00000000000019f0       0xa6 S:/Documents/gitrepos/CPET561/DE1_SoC_Lab6/src/SW/nios_software_bsp/\libhal_bsp.a(alt_errno.o)
 .debug_info    0x0000000000001a96       0x92 S:/Documents/gitrepos/CPET561/DE1_SoC_Lab6/src/SW/nios_software_bsp/\libhal_bsp.a(alt_icache_flush_all.o)
 .debug_info    0x0000000000001b28      0x4a5 S:/Documents/gitrepos/CPET561/DE1_SoC_Lab6/src/SW/nios_software_bsp/\libhal_bsp.a(alt_io_redirect.o)
 .debug_info    0x0000000000001fcd      0x3bb S:/Documents/gitrepos/CPET561/DE1_SoC_Lab6/src/SW/nios_software_bsp/\libhal_bsp.a(alt_open.o)
 .debug_info    0x0000000000002388      0x2b0 S:/Documents/gitrepos/CPET561/DE1_SoC_Lab6/src/SW/nios_software_bsp/\libhal_bsp.a(alt_release_fd.o)
 .debug_info    0x0000000000002638       0x92 S:/Documents/gitrepos/CPET561/DE1_SoC_Lab6/src/SW/nios_software_bsp/\libhal_bsp.a(altera_nios2_gen2_irq.o)
 .debug_info    0x00000000000026ca      0x2e9 S:/Documents/gitrepos/CPET561/DE1_SoC_Lab6/src/SW/nios_software_bsp/\libhal_bsp.a(alt_find_dev.o)
 .debug_info    0x00000000000029b3      0x2e6 S:/Documents/gitrepos/CPET561/DE1_SoC_Lab6/src/SW/nios_software_bsp/\libhal_bsp.a(alt_find_file.o)
 .debug_info    0x0000000000002c99      0x310 S:/Documents/gitrepos/CPET561/DE1_SoC_Lab6/src/SW/nios_software_bsp/\libhal_bsp.a(alt_get_fd.o)
 .debug_info    0x0000000000002fa9       0xe5 c:/intelfpga/18.1/nios2eds/bin/gnu/h-x86_64-mingw32/bin/../lib/gcc/nios2-elf/5.3.0/../../../../../H-x86_64-mingw32/nios2-elf/lib/mno-hw-mul\libsmallc.a(lib_a-exit.o)
 .debug_info    0x000000000000308e       0x8a c:/intelfpga/18.1/nios2eds/bin/gnu/h-x86_64-mingw32/bin/../lib/gcc/nios2-elf/5.3.0/../../../../../H-x86_64-mingw32/nios2-elf/lib/mno-hw-mul\libsmallc.a(lib_a-int_errno.o)
 .debug_info    0x0000000000003118       0xf4 c:/intelfpga/18.1/nios2eds/bin/gnu/h-x86_64-mingw32/bin/../lib/gcc/nios2-elf/5.3.0/../../../../../H-x86_64-mingw32/nios2-elf/lib/mno-hw-mul\libsmallc.a(lib_a-memcmp.o)
 .debug_info    0x000000000000320c       0xc9 c:/intelfpga/18.1/nios2eds/bin/gnu/h-x86_64-mingw32/bin/../lib/gcc/nios2-elf/5.3.0/../../../../../H-x86_64-mingw32/nios2-elf/lib/mno-hw-mul\libsmallc.a(lib_a-strlen.o)
 .debug_info    0x00000000000032d5      0x67b c:/intelfpga/18.1/nios2eds/bin/gnu/h-x86_64-mingw32/bin/../lib/gcc/nios2-elf/5.3.0/../../../../../H-x86_64-mingw32/nios2-elf/lib/mno-hw-mul\libsmallc.a(lib_a-__call_atexit.o)
 .debug_info    0x0000000000003950      0x5a9 c:/intelfpga/18.1/nios2eds/bin/gnu/h-x86_64-mingw32/bin/../lib/gcc/nios2-elf/5.3.0/../../../../../H-x86_64-mingw32/nios2-elf/lib/mno-hw-mul\libsmallc.a(lib_a-impure.o)
 .debug_info    0x0000000000003ef9       0xb4 c:/intelfpga/18.1/nios2eds/bin/gnu/h-x86_64-mingw32/bin/../lib/gcc/nios2-elf/5.3.0/mno-hw-mul\libgcc.a(lib2-mul.o)
 .debug_info    0x0000000000003fad       0xec S:/Documents/gitrepos/CPET561/DE1_SoC_Lab6/src/SW/nios_software_bsp/\libhal_bsp.a(alt_exit.o)

.debug_abbrev   0x0000000000000000     0x1685
 *(.debug_abbrev)
 .debug_abbrev  0x0000000000000000       0x12 S:/Documents/gitrepos/CPET561/DE1_SoC_Lab6/src/SW/nios_software_bsp//obj/HAL/src/crt0.o
 .debug_abbrev  0x0000000000000012       0xb7 obj/default/lab6_0.o
 .debug_abbrev  0x00000000000000c9       0x9f S:/Documents/gitrepos/CPET561/DE1_SoC_Lab6/src/SW/nios_software_bsp/\libhal_bsp.a(alt_load.o)
 .debug_abbrev  0x0000000000000168       0xba S:/Documents/gitrepos/CPET561/DE1_SoC_Lab6/src/SW/nios_software_bsp/\libhal_bsp.a(alt_main.o)
 .debug_abbrev  0x0000000000000222      0x157 S:/Documents/gitrepos/CPET561/DE1_SoC_Lab6/src/SW/nios_software_bsp/\libhal_bsp.a(alt_sys_init.o)
 .debug_abbrev  0x0000000000000379       0xf7 S:/Documents/gitrepos/CPET561/DE1_SoC_Lab6/src/SW/nios_software_bsp/\libhal_bsp.a(altera_avalon_jtag_uart_fd.o)
 .debug_abbrev  0x0000000000000470       0xd5 S:/Documents/gitrepos/CPET561/DE1_SoC_Lab6/src/SW/nios_software_bsp/\libhal_bsp.a(altera_avalon_jtag_uart_read.o)
 .debug_abbrev  0x0000000000000545       0xd5 S:/Documents/gitrepos/CPET561/DE1_SoC_Lab6/src/SW/nios_software_bsp/\libhal_bsp.a(altera_avalon_jtag_uart_write.o)
 .debug_abbrev  0x000000000000061a      0x11f S:/Documents/gitrepos/CPET561/DE1_SoC_Lab6/src/SW/nios_software_bsp/\libhal_bsp.a(alt_close.o)
 .debug_abbrev  0x0000000000000739       0x42 S:/Documents/gitrepos/CPET561/DE1_SoC_Lab6/src/SW/nios_software_bsp/\libhal_bsp.a(alt_dcache_flush_all.o)
 .debug_abbrev  0x000000000000077b       0xd9 S:/Documents/gitrepos/CPET561/DE1_SoC_Lab6/src/SW/nios_software_bsp/\libhal_bsp.a(alt_dev.o)
 .debug_abbrev  0x0000000000000854      0x114 S:/Documents/gitrepos/CPET561/DE1_SoC_Lab6/src/SW/nios_software_bsp/\libhal_bsp.a(alt_dev_llist_insert.o)
 .debug_abbrev  0x0000000000000968       0x5a S:/Documents/gitrepos/CPET561/DE1_SoC_Lab6/src/SW/nios_software_bsp/\libhal_bsp.a(alt_errno.o)
 .debug_abbrev  0x00000000000009c2       0x42 S:/Documents/gitrepos/CPET561/DE1_SoC_Lab6/src/SW/nios_software_bsp/\libhal_bsp.a(alt_icache_flush_all.o)
 .debug_abbrev  0x0000000000000a04      0x114 S:/Documents/gitrepos/CPET561/DE1_SoC_Lab6/src/SW/nios_software_bsp/\libhal_bsp.a(alt_io_redirect.o)
 .debug_abbrev  0x0000000000000b18      0x148 S:/Documents/gitrepos/CPET561/DE1_SoC_Lab6/src/SW/nios_software_bsp/\libhal_bsp.a(alt_open.o)
 .debug_abbrev  0x0000000000000c60       0xde S:/Documents/gitrepos/CPET561/DE1_SoC_Lab6/src/SW/nios_software_bsp/\libhal_bsp.a(alt_release_fd.o)
 .debug_abbrev  0x0000000000000d3e       0x42 S:/Documents/gitrepos/CPET561/DE1_SoC_Lab6/src/SW/nios_software_bsp/\libhal_bsp.a(altera_nios2_gen2_irq.o)
 .debug_abbrev  0x0000000000000d80       0xf0 S:/Documents/gitrepos/CPET561/DE1_SoC_Lab6/src/SW/nios_software_bsp/\libhal_bsp.a(alt_find_dev.o)
 .debug_abbrev  0x0000000000000e70       0xf0 S:/Documents/gitrepos/CPET561/DE1_SoC_Lab6/src/SW/nios_software_bsp/\libhal_bsp.a(alt_find_file.o)
 .debug_abbrev  0x0000000000000f60      0x10d S:/Documents/gitrepos/CPET561/DE1_SoC_Lab6/src/SW/nios_software_bsp/\libhal_bsp.a(alt_get_fd.o)
 .debug_abbrev  0x000000000000106d       0x8b c:/intelfpga/18.1/nios2eds/bin/gnu/h-x86_64-mingw32/bin/../lib/gcc/nios2-elf/5.3.0/../../../../../H-x86_64-mingw32/nios2-elf/lib/mno-hw-mul\libsmallc.a(lib_a-exit.o)
 .debug_abbrev  0x00000000000010f8       0x37 c:/intelfpga/18.1/nios2eds/bin/gnu/h-x86_64-mingw32/bin/../lib/gcc/nios2-elf/5.3.0/../../../../../H-x86_64-mingw32/nios2-elf/lib/mno-hw-mul\libsmallc.a(lib_a-int_errno.o)
 .debug_abbrev  0x000000000000112f       0x7f c:/intelfpga/18.1/nios2eds/bin/gnu/h-x86_64-mingw32/bin/../lib/gcc/nios2-elf/5.3.0/../../../../../H-x86_64-mingw32/nios2-elf/lib/mno-hw-mul\libsmallc.a(lib_a-memcmp.o)
 .debug_abbrev  0x00000000000011ae       0x7f c:/intelfpga/18.1/nios2eds/bin/gnu/h-x86_64-mingw32/bin/../lib/gcc/nios2-elf/5.3.0/../../../../../H-x86_64-mingw32/nios2-elf/lib/mno-hw-mul\libsmallc.a(lib_a-strlen.o)
 .debug_abbrev  0x000000000000122d      0x1f6 c:/intelfpga/18.1/nios2eds/bin/gnu/h-x86_64-mingw32/bin/../lib/gcc/nios2-elf/5.3.0/../../../../../H-x86_64-mingw32/nios2-elf/lib/mno-hw-mul\libsmallc.a(lib_a-__call_atexit.o)
 .debug_abbrev  0x0000000000001423      0x14a c:/intelfpga/18.1/nios2eds/bin/gnu/h-x86_64-mingw32/bin/../lib/gcc/nios2-elf/5.3.0/../../../../../H-x86_64-mingw32/nios2-elf/lib/mno-hw-mul\libsmallc.a(lib_a-impure.o)
 .debug_abbrev  0x000000000000156d       0x6f c:/intelfpga/18.1/nios2eds/bin/gnu/h-x86_64-mingw32/bin/../lib/gcc/nios2-elf/5.3.0/mno-hw-mul\libgcc.a(lib2-mul.o)
 .debug_abbrev  0x00000000000015dc       0xa9 S:/Documents/gitrepos/CPET561/DE1_SoC_Lab6/src/SW/nios_software_bsp/\libhal_bsp.a(alt_exit.o)

.debug_line     0x0000000000000000     0x193f
 *(.debug_line)
 .debug_line    0x0000000000000000       0x66 S:/Documents/gitrepos/CPET561/DE1_SoC_Lab6/src/SW/nios_software_bsp//obj/HAL/src/crt0.o
 .debug_line    0x0000000000000066       0xca obj/default/lab6_0.o
 .debug_line    0x0000000000000130       0x8e S:/Documents/gitrepos/CPET561/DE1_SoC_Lab6/src/SW/nios_software_bsp/\libhal_bsp.a(alt_load.o)
 .debug_line    0x00000000000001be       0x9e S:/Documents/gitrepos/CPET561/DE1_SoC_Lab6/src/SW/nios_software_bsp/\libhal_bsp.a(alt_main.o)
 .debug_line    0x000000000000025c      0x127 S:/Documents/gitrepos/CPET561/DE1_SoC_Lab6/src/SW/nios_software_bsp/\libhal_bsp.a(alt_sys_init.o)
 .debug_line    0x0000000000000383      0x112 S:/Documents/gitrepos/CPET561/DE1_SoC_Lab6/src/SW/nios_software_bsp/\libhal_bsp.a(altera_avalon_jtag_uart_fd.o)
 .debug_line    0x0000000000000495       0xfd S:/Documents/gitrepos/CPET561/DE1_SoC_Lab6/src/SW/nios_software_bsp/\libhal_bsp.a(altera_avalon_jtag_uart_read.o)
 .debug_line    0x0000000000000592       0xf4 S:/Documents/gitrepos/CPET561/DE1_SoC_Lab6/src/SW/nios_software_bsp/\libhal_bsp.a(altera_avalon_jtag_uart_write.o)
 .debug_line    0x0000000000000686      0x160 S:/Documents/gitrepos/CPET561/DE1_SoC_Lab6/src/SW/nios_software_bsp/\libhal_bsp.a(alt_close.o)
 .debug_line    0x00000000000007e6       0x51 S:/Documents/gitrepos/CPET561/DE1_SoC_Lab6/src/SW/nios_software_bsp/\libhal_bsp.a(alt_dcache_flush_all.o)
 .debug_line    0x0000000000000837       0xf3 S:/Documents/gitrepos/CPET561/DE1_SoC_Lab6/src/SW/nios_software_bsp/\libhal_bsp.a(alt_dev.o)
 .debug_line    0x000000000000092a       0xcf S:/Documents/gitrepos/CPET561/DE1_SoC_Lab6/src/SW/nios_software_bsp/\libhal_bsp.a(alt_dev_llist_insert.o)
 .debug_line    0x00000000000009f9       0x51 S:/Documents/gitrepos/CPET561/DE1_SoC_Lab6/src/SW/nios_software_bsp/\libhal_bsp.a(alt_errno.o)
 .debug_line    0x0000000000000a4a       0x4f S:/Documents/gitrepos/CPET561/DE1_SoC_Lab6/src/SW/nios_software_bsp/\libhal_bsp.a(alt_icache_flush_all.o)
 .debug_line    0x0000000000000a99      0x130 S:/Documents/gitrepos/CPET561/DE1_SoC_Lab6/src/SW/nios_software_bsp/\libhal_bsp.a(alt_io_redirect.o)
 .debug_line    0x0000000000000bc9      0x12b S:/Documents/gitrepos/CPET561/DE1_SoC_Lab6/src/SW/nios_software_bsp/\libhal_bsp.a(alt_open.o)
 .debug_line    0x0000000000000cf4       0xb0 S:/Documents/gitrepos/CPET561/DE1_SoC_Lab6/src/SW/nios_software_bsp/\libhal_bsp.a(alt_release_fd.o)
 .debug_line    0x0000000000000da4       0x51 S:/Documents/gitrepos/CPET561/DE1_SoC_Lab6/src/SW/nios_software_bsp/\libhal_bsp.a(altera_nios2_gen2_irq.o)
 .debug_line    0x0000000000000df5       0xb5 S:/Documents/gitrepos/CPET561/DE1_SoC_Lab6/src/SW/nios_software_bsp/\libhal_bsp.a(alt_find_dev.o)
 .debug_line    0x0000000000000eaa       0xd1 S:/Documents/gitrepos/CPET561/DE1_SoC_Lab6/src/SW/nios_software_bsp/\libhal_bsp.a(alt_find_file.o)
 .debug_line    0x0000000000000f7b       0xd7 S:/Documents/gitrepos/CPET561/DE1_SoC_Lab6/src/SW/nios_software_bsp/\libhal_bsp.a(alt_get_fd.o)
 .debug_line    0x0000000000001052      0x159 c:/intelfpga/18.1/nios2eds/bin/gnu/h-x86_64-mingw32/bin/../lib/gcc/nios2-elf/5.3.0/../../../../../H-x86_64-mingw32/nios2-elf/lib/mno-hw-mul\libsmallc.a(lib_a-exit.o)
 .debug_line    0x00000000000011ab       0x5f c:/intelfpga/18.1/nios2eds/bin/gnu/h-x86_64-mingw32/bin/../lib/gcc/nios2-elf/5.3.0/../../../../../H-x86_64-mingw32/nios2-elf/lib/mno-hw-mul\libsmallc.a(lib_a-int_errno.o)
 .debug_line    0x000000000000120a      0x160 c:/intelfpga/18.1/nios2eds/bin/gnu/h-x86_64-mingw32/bin/../lib/gcc/nios2-elf/5.3.0/../../../../../H-x86_64-mingw32/nios2-elf/lib/mno-hw-mul\libsmallc.a(lib_a-memcmp.o)
 .debug_line    0x000000000000136a      0x15c c:/intelfpga/18.1/nios2eds/bin/gnu/h-x86_64-mingw32/bin/../lib/gcc/nios2-elf/5.3.0/../../../../../H-x86_64-mingw32/nios2-elf/lib/mno-hw-mul\libsmallc.a(lib_a-strlen.o)
 .debug_line    0x00000000000014c6      0x232 c:/intelfpga/18.1/nios2eds/bin/gnu/h-x86_64-mingw32/bin/../lib/gcc/nios2-elf/5.3.0/../../../../../H-x86_64-mingw32/nios2-elf/lib/mno-hw-mul\libsmallc.a(lib_a-__call_atexit.o)
 .debug_line    0x00000000000016f8      0x156 c:/intelfpga/18.1/nios2eds/bin/gnu/h-x86_64-mingw32/bin/../lib/gcc/nios2-elf/5.3.0/../../../../../H-x86_64-mingw32/nios2-elf/lib/mno-hw-mul\libsmallc.a(lib_a-impure.o)
 .debug_line    0x000000000000184e       0x80 c:/intelfpga/18.1/nios2eds/bin/gnu/h-x86_64-mingw32/bin/../lib/gcc/nios2-elf/5.3.0/mno-hw-mul\libgcc.a(lib2-mul.o)
 .debug_line    0x00000000000018ce       0x71 S:/Documents/gitrepos/CPET561/DE1_SoC_Lab6/src/SW/nios_software_bsp/\libhal_bsp.a(alt_exit.o)

.debug_frame    0x0000000000000000      0x6e0
 *(.debug_frame)
 .debug_frame   0x0000000000000000       0x98 obj/default/lab6_0.o
 .debug_frame   0x0000000000000098       0x5c S:/Documents/gitrepos/CPET561/DE1_SoC_Lab6/src/SW/nios_software_bsp/\libhal_bsp.a(alt_load.o)
 .debug_frame   0x00000000000000f4       0x2c S:/Documents/gitrepos/CPET561/DE1_SoC_Lab6/src/SW/nios_software_bsp/\libhal_bsp.a(alt_main.o)
 .debug_frame   0x0000000000000120       0x88 S:/Documents/gitrepos/CPET561/DE1_SoC_Lab6/src/SW/nios_software_bsp/\libhal_bsp.a(alt_sys_init.o)
 .debug_frame   0x00000000000001a8       0x60 S:/Documents/gitrepos/CPET561/DE1_SoC_Lab6/src/SW/nios_software_bsp/\libhal_bsp.a(altera_avalon_jtag_uart_fd.o)
 .debug_frame   0x0000000000000208       0x34 S:/Documents/gitrepos/CPET561/DE1_SoC_Lab6/src/SW/nios_software_bsp/\libhal_bsp.a(altera_avalon_jtag_uart_read.o)
 .debug_frame   0x000000000000023c       0x34 S:/Documents/gitrepos/CPET561/DE1_SoC_Lab6/src/SW/nios_software_bsp/\libhal_bsp.a(altera_avalon_jtag_uart_write.o)
 .debug_frame   0x0000000000000270       0x60 S:/Documents/gitrepos/CPET561/DE1_SoC_Lab6/src/SW/nios_software_bsp/\libhal_bsp.a(alt_close.o)
 .debug_frame   0x00000000000002d0       0x34 S:/Documents/gitrepos/CPET561/DE1_SoC_Lab6/src/SW/nios_software_bsp/\libhal_bsp.a(alt_dcache_flush_all.o)
 .debug_frame   0x0000000000000304       0x34 S:/Documents/gitrepos/CPET561/DE1_SoC_Lab6/src/SW/nios_software_bsp/\libhal_bsp.a(alt_dev.o)
 .debug_frame   0x0000000000000338       0x60 S:/Documents/gitrepos/CPET561/DE1_SoC_Lab6/src/SW/nios_software_bsp/\libhal_bsp.a(alt_dev_llist_insert.o)
 .debug_frame   0x0000000000000398       0x34 S:/Documents/gitrepos/CPET561/DE1_SoC_Lab6/src/SW/nios_software_bsp/\libhal_bsp.a(alt_icache_flush_all.o)
 .debug_frame   0x00000000000003cc       0x64 S:/Documents/gitrepos/CPET561/DE1_SoC_Lab6/src/SW/nios_software_bsp/\libhal_bsp.a(alt_io_redirect.o)
 .debug_frame   0x0000000000000430       0x8c S:/Documents/gitrepos/CPET561/DE1_SoC_Lab6/src/SW/nios_software_bsp/\libhal_bsp.a(alt_open.o)
 .debug_frame   0x00000000000004bc       0x3c S:/Documents/gitrepos/CPET561/DE1_SoC_Lab6/src/SW/nios_software_bsp/\libhal_bsp.a(alt_release_fd.o)
 .debug_frame   0x00000000000004f8       0x34 S:/Documents/gitrepos/CPET561/DE1_SoC_Lab6/src/SW/nios_software_bsp/\libhal_bsp.a(altera_nios2_gen2_irq.o)
 .debug_frame   0x000000000000052c       0x38 S:/Documents/gitrepos/CPET561/DE1_SoC_Lab6/src/SW/nios_software_bsp/\libhal_bsp.a(alt_find_dev.o)
 .debug_frame   0x0000000000000564       0x38 S:/Documents/gitrepos/CPET561/DE1_SoC_Lab6/src/SW/nios_software_bsp/\libhal_bsp.a(alt_find_file.o)
 .debug_frame   0x000000000000059c       0x3c S:/Documents/gitrepos/CPET561/DE1_SoC_Lab6/src/SW/nios_software_bsp/\libhal_bsp.a(alt_get_fd.o)
 .debug_frame   0x00000000000005d8       0x28 c:/intelfpga/18.1/nios2eds/bin/gnu/h-x86_64-mingw32/bin/../lib/gcc/nios2-elf/5.3.0/../../../../../H-x86_64-mingw32/nios2-elf/lib/mno-hw-mul\libsmallc.a(lib_a-exit.o)
 .debug_frame   0x0000000000000600       0x20 c:/intelfpga/18.1/nios2eds/bin/gnu/h-x86_64-mingw32/bin/../lib/gcc/nios2-elf/5.3.0/../../../../../H-x86_64-mingw32/nios2-elf/lib/mno-hw-mul\libsmallc.a(lib_a-memcmp.o)
 .debug_frame   0x0000000000000620       0x20 c:/intelfpga/18.1/nios2eds/bin/gnu/h-x86_64-mingw32/bin/../lib/gcc/nios2-elf/5.3.0/../../../../../H-x86_64-mingw32/nios2-elf/lib/mno-hw-mul\libsmallc.a(lib_a-strlen.o)
 .debug_frame   0x0000000000000640       0x54 c:/intelfpga/18.1/nios2eds/bin/gnu/h-x86_64-mingw32/bin/../lib/gcc/nios2-elf/5.3.0/../../../../../H-x86_64-mingw32/nios2-elf/lib/mno-hw-mul\libsmallc.a(lib_a-__call_atexit.o)
 .debug_frame   0x0000000000000694       0x20 c:/intelfpga/18.1/nios2eds/bin/gnu/h-x86_64-mingw32/bin/../lib/gcc/nios2-elf/5.3.0/mno-hw-mul\libgcc.a(lib2-mul.o)
 .debug_frame   0x00000000000006b4       0x2c S:/Documents/gitrepos/CPET561/DE1_SoC_Lab6/src/SW/nios_software_bsp/\libhal_bsp.a(alt_exit.o)

.debug_str      0x0000000000000000     0x111d
 *(.debug_str)
 .debug_str     0x0000000000000000      0x16f obj/default/lab6_0.o
                                        0x1b7 (size before relaxing)
 .debug_str     0x000000000000016f      0x135 S:/Documents/gitrepos/CPET561/DE1_SoC_Lab6/src/SW/nios_software_bsp/\libhal_bsp.a(alt_load.o)
                                        0x21c (size before relaxing)
 .debug_str     0x00000000000002a4       0x70 S:/Documents/gitrepos/CPET561/DE1_SoC_Lab6/src/SW/nios_software_bsp/\libhal_bsp.a(alt_main.o)
                                        0x1a7 (size before relaxing)
 .debug_str     0x0000000000000314      0x15e S:/Documents/gitrepos/CPET561/DE1_SoC_Lab6/src/SW/nios_software_bsp/\libhal_bsp.a(alt_sys_init.o)
                                        0x2de (size before relaxing)
 .debug_str     0x0000000000000472       0x77 S:/Documents/gitrepos/CPET561/DE1_SoC_Lab6/src/SW/nios_software_bsp/\libhal_bsp.a(altera_avalon_jtag_uart_fd.o)
                                        0x2df (size before relaxing)
 .debug_str     0x00000000000004e9       0x48 S:/Documents/gitrepos/CPET561/DE1_SoC_Lab6/src/SW/nios_software_bsp/\libhal_bsp.a(altera_avalon_jtag_uart_read.o)
                                        0x229 (size before relaxing)
 .debug_str     0x0000000000000531       0x4a S:/Documents/gitrepos/CPET561/DE1_SoC_Lab6/src/SW/nios_software_bsp/\libhal_bsp.a(altera_avalon_jtag_uart_write.o)
                                        0x21f (size before relaxing)
 .debug_str     0x000000000000057b       0x44 S:/Documents/gitrepos/CPET561/DE1_SoC_Lab6/src/SW/nios_software_bsp/\libhal_bsp.a(alt_close.o)
                                        0x215 (size before relaxing)
 .debug_str     0x00000000000005bf       0x34 S:/Documents/gitrepos/CPET561/DE1_SoC_Lab6/src/SW/nios_software_bsp/\libhal_bsp.a(alt_dcache_flush_all.o)
                                        0x15f (size before relaxing)
 .debug_str     0x00000000000005f3      0x120 S:/Documents/gitrepos/CPET561/DE1_SoC_Lab6/src/SW/nios_software_bsp/\libhal_bsp.a(alt_dev.o)
                                        0x30f (size before relaxing)
 .debug_str     0x0000000000000713       0x4b S:/Documents/gitrepos/CPET561/DE1_SoC_Lab6/src/SW/nios_software_bsp/\libhal_bsp.a(alt_dev_llist_insert.o)
                                        0x1d6 (size before relaxing)
 .debug_str     0x000000000000075e       0x14 S:/Documents/gitrepos/CPET561/DE1_SoC_Lab6/src/SW/nios_software_bsp/\libhal_bsp.a(alt_errno.o)
                                        0x14f (size before relaxing)
 .debug_str     0x0000000000000772       0x34 S:/Documents/gitrepos/CPET561/DE1_SoC_Lab6/src/SW/nios_software_bsp/\libhal_bsp.a(alt_icache_flush_all.o)
                                        0x15f (size before relaxing)
 .debug_str     0x00000000000007a6       0x56 S:/Documents/gitrepos/CPET561/DE1_SoC_Lab6/src/SW/nios_software_bsp/\libhal_bsp.a(alt_io_redirect.o)
                                        0x320 (size before relaxing)
 .debug_str     0x00000000000007fc       0x36 S:/Documents/gitrepos/CPET561/DE1_SoC_Lab6/src/SW/nios_software_bsp/\libhal_bsp.a(alt_open.o)
                                        0x255 (size before relaxing)
 .debug_str     0x0000000000000832       0x28 S:/Documents/gitrepos/CPET561/DE1_SoC_Lab6/src/SW/nios_software_bsp/\libhal_bsp.a(alt_release_fd.o)
                                        0x1dd (size before relaxing)
 .debug_str     0x000000000000085a       0x3b S:/Documents/gitrepos/CPET561/DE1_SoC_Lab6/src/SW/nios_software_bsp/\libhal_bsp.a(altera_nios2_gen2_irq.o)
                                        0x166 (size before relaxing)
 .debug_str     0x0000000000000895       0x24 S:/Documents/gitrepos/CPET561/DE1_SoC_Lab6/src/SW/nios_software_bsp/\libhal_bsp.a(alt_find_dev.o)
                                        0x1f6 (size before relaxing)
 .debug_str     0x00000000000008b9       0x26 S:/Documents/gitrepos/CPET561/DE1_SoC_Lab6/src/SW/nios_software_bsp/\libhal_bsp.a(alt_find_file.o)
                                        0x204 (size before relaxing)
 .debug_str     0x00000000000008df       0x30 S:/Documents/gitrepos/CPET561/DE1_SoC_Lab6/src/SW/nios_software_bsp/\libhal_bsp.a(alt_get_fd.o)
                                        0x226 (size before relaxing)
 .debug_str     0x000000000000090f      0x142 c:/intelfpga/18.1/nios2eds/bin/gnu/h-x86_64-mingw32/bin/../lib/gcc/nios2-elf/5.3.0/../../../../../H-x86_64-mingw32/nios2-elf/lib/mno-hw-mul\libsmallc.a(lib_a-exit.o)
                                        0x1f0 (size before relaxing)
 .debug_str     0x0000000000000a51       0xd3 c:/intelfpga/18.1/nios2eds/bin/gnu/h-x86_64-mingw32/bin/../lib/gcc/nios2-elf/5.3.0/../../../../../H-x86_64-mingw32/nios2-elf/lib/mno-hw-mul\libsmallc.a(lib_a-int_errno.o)
                                        0x1d8 (size before relaxing)
 .debug_str     0x0000000000000b24       0xe0 c:/intelfpga/18.1/nios2eds/bin/gnu/h-x86_64-mingw32/bin/../lib/gcc/nios2-elf/5.3.0/../../../../../H-x86_64-mingw32/nios2-elf/lib/mno-hw-mul\libsmallc.a(lib_a-memcmp.o)
                                        0x1df (size before relaxing)
 .debug_str     0x0000000000000c04       0x44 c:/intelfpga/18.1/nios2eds/bin/gnu/h-x86_64-mingw32/bin/../lib/gcc/nios2-elf/5.3.0/../../../../../H-x86_64-mingw32/nios2-elf/lib/mno-hw-mul\libsmallc.a(lib_a-strlen.o)
                                        0x1e5 (size before relaxing)
 .debug_str     0x0000000000000c48      0x31b c:/intelfpga/18.1/nios2eds/bin/gnu/h-x86_64-mingw32/bin/../lib/gcc/nios2-elf/5.3.0/../../../../../H-x86_64-mingw32/nios2-elf/lib/mno-hw-mul\libsmallc.a(lib_a-__call_atexit.o)
                                        0x4eb (size before relaxing)
 .debug_str     0x0000000000000f63       0x48 c:/intelfpga/18.1/nios2eds/bin/gnu/h-x86_64-mingw32/bin/../lib/gcc/nios2-elf/5.3.0/../../../../../H-x86_64-mingw32/nios2-elf/lib/mno-hw-mul\libsmallc.a(lib_a-impure.o)
                                        0x4be (size before relaxing)
 .debug_str     0x0000000000000fab      0x148 c:/intelfpga/18.1/nios2eds/bin/gnu/h-x86_64-mingw32/bin/../lib/gcc/nios2-elf/5.3.0/mno-hw-mul\libgcc.a(lib2-mul.o)
                                        0x193 (size before relaxing)
 .debug_str     0x00000000000010f3       0x2a S:/Documents/gitrepos/CPET561/DE1_SoC_Lab6/src/SW/nios_software_bsp/\libhal_bsp.a(alt_exit.o)
                                        0x15b (size before relaxing)

.debug_loc      0x0000000000000000      0x2ba
 *(.debug_loc)
 .debug_loc     0x0000000000000000       0x1e c:/intelfpga/18.1/nios2eds/bin/gnu/h-x86_64-mingw32/bin/../lib/gcc/nios2-elf/5.3.0/../../../../../H-x86_64-mingw32/nios2-elf/lib/mno-hw-mul\libsmallc.a(lib_a-exit.o)
 .debug_loc     0x000000000000001e       0x94 c:/intelfpga/18.1/nios2eds/bin/gnu/h-x86_64-mingw32/bin/../lib/gcc/nios2-elf/5.3.0/../../../../../H-x86_64-mingw32/nios2-elf/lib/mno-hw-mul\libsmallc.a(lib_a-memcmp.o)
 .debug_loc     0x00000000000000b2       0x1e c:/intelfpga/18.1/nios2eds/bin/gnu/h-x86_64-mingw32/bin/../lib/gcc/nios2-elf/5.3.0/../../../../../H-x86_64-mingw32/nios2-elf/lib/mno-hw-mul\libsmallc.a(lib_a-strlen.o)
 .debug_loc     0x00000000000000d0      0x157 c:/intelfpga/18.1/nios2eds/bin/gnu/h-x86_64-mingw32/bin/../lib/gcc/nios2-elf/5.3.0/../../../../../H-x86_64-mingw32/nios2-elf/lib/mno-hw-mul\libsmallc.a(lib_a-__call_atexit.o)
 .debug_loc     0x0000000000000227       0x93 c:/intelfpga/18.1/nios2eds/bin/gnu/h-x86_64-mingw32/bin/../lib/gcc/nios2-elf/5.3.0/mno-hw-mul\libgcc.a(lib2-mul.o)

.debug_macinfo
 *(.debug_macinfo)

.debug_weaknames
 *(.debug_weaknames)

.debug_funcnames
 *(.debug_funcnames)

.debug_typenames
 *(.debug_typenames)

.debug_varnames
 *(.debug_varnames)

.debug_alt_sim_info
                0x0000000000000000       0x10
 *(.debug_alt_sim_info)
 .debug_alt_sim_info
                0x0000000000000000       0x10 S:/Documents/gitrepos/CPET561/DE1_SoC_Lab6/src/SW/nios_software_bsp//obj/HAL/src/crt0.o
                0x000000000000c000                __alt_data_end = 0xc000
                0x000000000000c000                PROVIDE (__alt_stack_pointer, __alt_data_end)
                [!provide]                        PROVIDE (__alt_stack_limit, __alt_stack_base)
                [!provide]                        PROVIDE (__alt_heap_start, end)
                [!provide]                        PROVIDE (__alt_heap_limit, 0xc000)
OUTPUT(nios_software.elf elf32-littlenios2)

.debug_ranges   0x0000000000000000       0x90
 .debug_ranges  0x0000000000000000       0x20 S:/Documents/gitrepos/CPET561/DE1_SoC_Lab6/src/SW/nios_software_bsp//obj/HAL/src/crt0.o
 .debug_ranges  0x0000000000000020       0x18 S:/Documents/gitrepos/CPET561/DE1_SoC_Lab6/src/SW/nios_software_bsp/\libhal_bsp.a(altera_avalon_jtag_uart_read.o)
 .debug_ranges  0x0000000000000038       0x10 c:/intelfpga/18.1/nios2eds/bin/gnu/h-x86_64-mingw32/bin/../lib/gcc/nios2-elf/5.3.0/../../../../../H-x86_64-mingw32/nios2-elf/lib/mno-hw-mul\libsmallc.a(lib_a-exit.o)
 .debug_ranges  0x0000000000000048       0x10 c:/intelfpga/18.1/nios2eds/bin/gnu/h-x86_64-mingw32/bin/../lib/gcc/nios2-elf/5.3.0/../../../../../H-x86_64-mingw32/nios2-elf/lib/mno-hw-mul\libsmallc.a(lib_a-memcmp.o)
 .debug_ranges  0x0000000000000058       0x10 c:/intelfpga/18.1/nios2eds/bin/gnu/h-x86_64-mingw32/bin/../lib/gcc/nios2-elf/5.3.0/../../../../../H-x86_64-mingw32/nios2-elf/lib/mno-hw-mul\libsmallc.a(lib_a-strlen.o)
 .debug_ranges  0x0000000000000068       0x28 c:/intelfpga/18.1/nios2eds/bin/gnu/h-x86_64-mingw32/bin/../lib/gcc/nios2-elf/5.3.0/../../../../../H-x86_64-mingw32/nios2-elf/lib/mno-hw-mul\libsmallc.a(lib_a-__call_atexit.o)
