------------------------------------------------------------
Timing Analyzer Summary
------------------------------------------------------------

Type  : Slow 1100mV 85C Model Setup 'CLOCK_50'
Slack : -0.834
TNS   : -92.640

Type  : Slow 1100mV 85C Model Hold 'CLOCK_50'
Slack : 0.432
TNS   : 0.000

Type  : Slow 1100mV 85C Model Minimum Pulse Width 'CLOCK_50'
Slack : -2.225
TNS   : -309.275

Type  : Slow 1100mV 0C Model Setup 'CLOCK_50'
Slack : -0.879
TNS   : -98.128

Type  : Slow 1100mV 0C Model Hold 'CLOCK_50'
Slack : 0.460
TNS   : 0.000

Type  : Slow 1100mV 0C Model Minimum Pulse Width 'CLOCK_50'
Slack : -2.225
TNS   : -309.275

Type  : Fast 1100mV 85C Model Setup 'CLOCK_50'
Slack : 0.059
TNS   : 0.000

Type  : Fast 1100mV 85C Model Hold 'CLOCK_50'
Slack : 0.207
TNS   : 0.000

Type  : Fast 1100mV 85C Model Minimum Pulse Width 'CLOCK_50'
Slack : -1.702
TNS   : -245.792

Type  : Fast 1100mV 0C Model Setup 'CLOCK_50'
Slack : 0.067
TNS   : 0.000

Type  : Fast 1100mV 0C Model Hold 'CLOCK_50'
Slack : 0.204
TNS   : 0.000

Type  : Fast 1100mV 0C Model Minimum Pulse Width 'CLOCK_50'
Slack : -1.702
TNS   : -252.906

------------------------------------------------------------
